Microchip Technology Inc, v1.41 (A)

Tool Name:
  c:\program files (x86)\microchip\xc16\v1.41\bin\bin\..\bin/elf-ld.exe

Command:
  -p24HJ256GP210 \
  -o \
  dist/default/production/Main.X.production.elf \
  -Lc:/program files (x86)/microchip/xc16/v1.41/bin/bin/.. \
  -Lc:/program files (x86)/microchip/xc16/v1.41/bin/bin/../../lib \
  -Lc:/program files (x86)/microchip/xc16/v1.41/bin/bin/../../support/PIC24E/gld \
  -Lc:/program files (x86)/microchip/xc16/v1.41/bin/bin/../../support/PIC24F/gld \
  -Lc:/program files (x86)/microchip/xc16/v1.41/bin/bin/../../support/PIC24H/gld \
  -Lc:/program files (x86)/microchip/xc16/v1.41/bin/bin/../../support/dsPIC30F/gld \
  -Lc:/program files (x86)/microchip/xc16/v1.41/bin/bin/../../support/dsPIC33C/gld \
  -Lc:/program files (x86)/microchip/xc16/v1.41/bin/bin/../../support/dsPIC33E/gld \
  -Lc:/program files (x86)/microchip/xc16/v1.41/bin/bin/../../support/dsPIC33F/gld \
  build/default/production/_ext/812168374/write.o \
  build/default/production/_ext/812168374/adc.o \
  build/default/production/_ext/812168374/com_two.o \
  build/default/production/_ext/812168374/comdat.o \
  build/default/production/_ext/812168374/dallas.o \
  build/default/production/_ext/812168374/delay.o \
  build/default/production/_ext/812168374/dfile.o \
  build/default/production/_ext/812168374/dumfile.o \
  build/default/production/_ext/812168374/eeprom.o \
  build/default/production/_ext/812168374/esquared.o \
  build/default/production/_ext/812168374/grndchck.o \
  build/default/production/_ext/812168374/CPURegisterTest.o \
  build/default/production/_ext/812168374/PcTest.o \
  build/default/production/_ext/812168374/i2c_1.o \
  build/default/production/_ext/812168374/i2c_2.o \
  build/default/production/_ext/812168374/init_ADC.o \
  build/default/production/_ext/812168374/init_DMA.o \
  build/default/production/_ext/812168374/init_ports.o \
  build/default/production/_ext/812168374/init_timer.o \
  build/default/production/_ext/812168374/isr_ADC.o \
  build/default/production/_ext/812168374/isr_DMA.o \
  build/default/production/_ext/812168374/isr_timer.o \
  build/default/production/_ext/812168374/jumpers.o \
  build/default/production/_ext/812168374/modbus.o \
  build/default/production/_ext/812168374/modcmd.o \
  build/default/production/_ext/812168374/modfrc.o \
  build/default/production/_ext/812168374/modreg.o \
  build/default/production/_ext/812168374/nvsystem.o \
  build/default/production/_ext/812168374/nvtruck.o \
  build/default/production/_ext/812168374/optic2.o \
  build/default/production/_ext/812168374/optic5.o \
  build/default/production/_ext/812168374/permit.o \
  build/default/production/_ext/812168374/pod.o \
  build/default/production/_ext/812168374/printout.o \
  build/default/production/_ext/812168374/shorts.o \
  build/default/production/_ext/812168374/sim.o \
  build/default/production/_ext/812168374/specops.o \
  build/default/production/_ext/812168374/thermist.o \
  build/default/production/_ext/812168374/traps.o \
  build/default/production/_ext/812168374/trukstat.o \
  build/default/production/_ext/2133044052/build_date.o \
  build/default/production/_ext/812168374/tim_utl.o \
  build/default/production/_ext/812168374/spi_mpol.o \
  build/default/production/_ext/812168374/spi_eeprom.o \
  build/default/production/_ext/812168374/memory.o \
  build/default/production/_ext/812168374/uart.o \
  build/default/production/_ext/812168374/isr_uart.o \
  build/default/production/_ext/812168374/march_tst.o \
  build/default/production/_ext/812168374/null_signature.o \
  build/default/production/_ext/812168374/crt0_standard.o \
  build/default/production/_ext/812168374/memory_test.o \
  build/default/production/_ext/812168374/test_function.o \
  build/default/production/_ext/812168374/main.o \
  build/default/production/_ext/812168374/deadman.o \
  --defsym=__MPLAB_BUILD=1 \
  -Tintellitrol.gld.00 \
  --heap=1024 \
  --stack=1024 \
  --check-sections \
  --data-init \
  --pack-data \
  --handles \
  --isr \
  --no-gc-sections \
  --fill-upper=0 \
  --stackguard=16 \
  --library-path=C:/Program Files/Microchip/MPLAB C30/lib \
  --library-path=C:/Program Files/Microchip/MPLAB C30/lib/PIC24H \
  --library-path=C:/Program Files/Microchip/mplabc30/v3.31/lib \
  --library-path=C:/Program Files/Microchip/mplabc30/v3.31/lib/PIC24H \
  --library-path=../gld \
  --library-path=. \
  --no-force-link \
  --smart-io \
  -Map=dist/default/production/Main.X.production.map \
  --report-mem \
  --warn-section-align \
  --memorysummary \
  dist/default/production/memoryfile.xml \
  -start-group \
  --library=pic30-elf \
  --library=m-elf \
  --library=c-elf \
  -end-group \


Optional library libp24HJ256GP210.a not found
Archive member included because of file (symbol)

c:/program files (x86)/microchip/xc16/v1.41/bin/bin/../../lib\libpic30-elf.a(data_init_standard.o)
                              build/default/production/_ext/812168374/crt0_standard.o (__data_init_standard)
[...]
Memory Configuration

Name             Origin             Length             Attributes
data             0x000800           0x004000           a !xr
reset            0x000000           0x000004  
ivt              0x000004           0x0000fc  
_reserved        0x000100           0x000004  
aivt             0x000104           0x0000fc  
program          0x002000           0x02ac00           xr
FBS              0xf80000           0x000002  
FSS              0xf80002           0x000002  
FGS              0xf80004           0x000002  
FOSCSEL          0xf80006           0x000002  
FOSC             0xf80008           0x000002  
FWDT             0xf8000a           0x000002  
FPOR             0xf8000c           0x000002  
FICD             0xf8000e           0x000002  
FUID0            0xf80010           0x000002  
FUID1            0xf80012           0x000002  
FUID2            0xf80014           0x000002  
FUID3            0xf80016           0x000002  
*default*        0x000000           0xffffffff  

Linker script and memory map

LOAD build/default/production/_ext/812168374/write.o
LOAD build/default/production/_ext/812168374/adc.o
LOAD build/default/production/_ext/812168374/com_two.o
LOAD build/default/production/_ext/812168374/comdat.o
LOAD build/default/production/_ext/812168374/dallas.o
LOAD build/default/production/_ext/812168374/delay.o
LOAD build/default/production/_ext/812168374/dfile.o
LOAD build/default/production/_ext/812168374/dumfile.o
LOAD build/default/production/_ext/812168374/eeprom.o
LOAD build/default/production/_ext/812168374/esquared.o
LOAD build/default/production/_ext/812168374/grndchck.o
LOAD build/default/production/_ext/812168374/CPURegisterTest.o
LOAD build/default/production/_ext/812168374/PcTest.o
LOAD build/default/production/_ext/812168374/i2c_1.o
LOAD build/default/production/_ext/812168374/i2c_2.o
LOAD build/default/production/_ext/812168374/init_ADC.o
LOAD build/default/production/_ext/812168374/init_DMA.o
LOAD build/default/production/_ext/812168374/init_ports.o
LOAD build/default/production/_ext/812168374/init_timer.o
LOAD build/default/production/_ext/812168374/isr_ADC.o
LOAD build/default/production/_ext/812168374/isr_DMA.o
LOAD build/default/production/_ext/812168374/isr_timer.o
LOAD build/default/production/_ext/812168374/jumpers.o
LOAD build/default/production/_ext/812168374/modbus.o
LOAD build/default/production/_ext/812168374/modcmd.o
LOAD build/default/production/_ext/812168374/modfrc.o
LOAD build/default/production/_ext/812168374/modreg.o
LOAD build/default/production/_ext/812168374/nvsystem.o
LOAD build/default/production/_ext/812168374/nvtruck.o
LOAD build/default/production/_ext/812168374/optic2.o
LOAD build/default/production/_ext/812168374/optic5.o
LOAD build/default/production/_ext/812168374/permit.o
LOAD build/default/production/_ext/812168374/pod.o
LOAD build/default/production/_ext/812168374/printout.o
LOAD build/default/production/_ext/812168374/shorts.o
LOAD build/default/production/_ext/812168374/sim.o
LOAD build/default/production/_ext/812168374/specops.o
LOAD build/default/production/_ext/812168374/thermist.o
LOAD build/default/production/_ext/812168374/traps.o
LOAD build/default/production/_ext/812168374/trukstat.o
LOAD build/default/production/_ext/2133044052/build_date.o
LOAD build/default/production/_ext/812168374/tim_utl.o
LOAD build/default/production/_ext/812168374/spi_mpol.o
LOAD build/default/production/_ext/812168374/spi_eeprom.o
LOAD build/default/production/_ext/812168374/memory.o
LOAD build/default/production/_ext/812168374/uart.o
LOAD build/default/production/_ext/812168374/isr_uart.o
LOAD build/default/production/_ext/812168374/march_tst.o
LOAD build/default/production/_ext/812168374/null_signature.o
LOAD build/default/production/_ext/812168374/crt0_standard.o
LOAD build/default/production/_ext/812168374/memory_test.o
LOAD build/default/production/_ext/812168374/test_function.o
LOAD build/default/production/_ext/812168374/main.o
LOAD build/default/production/_ext/812168374/deadman.o
                    0x0001                  __MPLAB_BUILD = 0x1
LOAD p24HJ256GP210
                    0xf80000                  __FBS = 0xf80000
                    0xf80002                  __FSS = 0xf80002
                    0xf80004                  __FGS = 0xf80004
                    0xf80006                  __FOSCSEL = 0xf80006
                    0xf80008                  __FOSC = 0xf80008
                    0xf8000a                  __FWDT = 0xf8000a
                    0xf8000c                  __FPOR = 0xf8000c
                    0xf8000e                  __FICD = 0xf8000e
                    0xf80010                  __FUID0 = 0xf80010
                    0xf80012                  __FUID1 = 0xf80012
                    0xf80014                  __FUID2 = 0xf80014
                    0xf80016                  __FUID3 = 0xf80016
                    0x0004                  __IVT_BASE = 0x4
                    0x0104                  __AIVT_BASE = 0x104
                    0x0800                  __DATA_BASE = 0x800
                    0x4000                  __DATA_LENGTH = 0x4000
                    0x4000                  __DMA_BASE = 0x4000
                    0x47ff                  __DMA_END = 0x47ff

.reset            0x000000          0x4
                  0x000000          0x2 SHORT 0x2000 ABSOLUTE (__reset)
                  0x000001          0x2 SHORT 0x4
                  0x000002          0x2 SHORT 0x0 ((ABSOLUTE (__reset) >> 0x10) & 0x7f)
                  0x000003          0x2 SHORT 0x0

.text             0x002000       0x15ec
 *(.init)
 .init            0x002000         0x5e build/default/production/_ext/812168374/crt0_standard.o
                  0x002000                  __reset
                  0x002000                  __resetPRI
                  0x00201c                  __rtn_test
                  0x002024                  __KEN_CODE
                  0x00204e                  __psv_init1
 .init            0x00205e         0x7c c:/program files (x86)/microchip/xc16/v1.41/bin/bin/../../lib\libpic30-elf.a(data_init_standard.o)
                  0x002064                  __data_init_standard
                  0x002064                  __data_init
 *(.user_init)
 *(.user_start)
 .user_start      0x0020da        0x2e4 build/default/production/_ext/812168374/main.o
                  0x0020da                  _main
 *(.handle)
 .handle          0x0023be         0x44 jump_table
 *(.isr*)
 .isr.text        0x002402         0x38 build/default/production/_ext/812168374/isr_ADC.o
                  0x002402                  __ADC1Interrupt
 .isr.text        0x00243a         0x60 build/default/production/_ext/812168374/isr_DMA.o
                  0x00243a                  __DMA0Interrupt
 .isr.text        0x00249a         0x90 build/default/production/_ext/812168374/isr_timer.o
                  0x00249a                  __T2Interrupt
                  0x0024c2                  __T3Interrupt
                  0x0024ea                  __T4Interrupt
                  0x002516                  __T5Interrupt
 .isr.text        0x00252a        0x1ec build/default/production/_ext/812168374/traps.o
                  0x00252a                  __OscillatorFail
                  0x00256e                  __AddressError
                  0x0025b2                  __StackError
                  0x0025f6                  __MathError
                  0x00263a                  __DMACError
                  0x002660                  __AltOscillatorFail
                  0x002684                  __AltAddressError
                  0x0026a8                  __AltStackError
                  0x0026cc                  __AltMathError
                  0x0026f0                  __AltDMACError
 .isr.text        0x002716        0x1f2 build/default/production/_ext/812168374/isr_uart.o
                  0x002716                  __U2RXInterrupt
                  0x00282c                  __U2TXInterrupt
                  0x0028a8                  __U1RXInterrupt
 .isr             0x002908          0x4 default_isr
                  0x002908                  __DefaultInterrupt
 *(.libc)
 .libc            0x00290c         0xdc build/default/production/_ext/812168374/write.o
                  0x00290c                  _write
 .libc            0x0029e8          0xe c:/program files (x86)/microchip/xc16/v1.41/bin/bin/../../lib\libc-elf.a(toupper.eso)
                  0x0029e8                  _toupper
 *(.libm)
 *(.libdsp)
 *(.lib*)
 .libperi         0x0029f6        0x240 build/default/production/_ext/812168374/i2c_1.o
                  0x0029f6                  _DataRdyI2C1
                  0x002a02                  _MasterWriteI2C1
                  0x002be8                  _RestartI2C1
                  0x002bf0                  _StartI2C1
                  0x002bf8                  _StopI2C1
 .libperi         0x002c36        0x23c build/default/production/_ext/812168374/i2c_2.o
                  0x002c36                  _DataRdyI2C2
                  0x002c42                  _MasterWriteI2C2
                  0x002e24                  _RestartI2C2
                  0x002e2c                  _StartI2C2
                  0x002e34                  _StopI2C2
 .libpic30_crt_start_mode
                  0x002e72          0x2 c:/program files (x86)/microchip/xc16/v1.41/bin/bin/../../lib\libpic30-elf.a(crt_start_mode_normal.eo)
                  0x002e72                  __crt_start_mode
                  0x002e72                  __crt_start_mode_normal
 .libc.memcpy_helper
                  0x002e74         0x36 c:/program files (x86)/microchip/xc16/v1.41/bin/bin/../../lib\libpic30-elf.a(memcpy_helper.eo)
                  0x002e74                  __memcpy_helper
 .libm.divsi3     0x002eaa         0x1e c:/program files (x86)/microchip/xc16/v1.41/bin/bin/../../lib\libm-elf.a(divsi3.eo)
                  0x002eaa                  ___divsi3
 .libm.udivsi3    0x002ec8         0x20 c:/program files (x86)/microchip/xc16/v1.41/bin/bin/../../lib\libm-elf.a(udivsi3.eo)
                  0x002ec8                  ___udivsi3
 .libm.umodsi3    0x002ee8          0x6 c:/program files (x86)/microchip/xc16/v1.41/bin/bin/../../lib\libm-elf.a(umodsi3.eo)
                  0x002ee8                  ___umodsi3
 .libc.memcmp     0x002eee         0x32 c:/program files (x86)/microchip/xc16/v1.41/bin/bin/../../lib\libc-elf.a(memcmp.eo)
                  0x002eee                  _memcmp
 .libc.memcpy     0x002f20          0xe c:/program files (x86)/microchip/xc16/v1.41/bin/bin/../../lib\libc-elf.a(memcpy.eo)
                  0x002f20                  _memcpy
 .libc.memset     0x002f2e          0xe c:/program files (x86)/microchip/xc16/v1.41/bin/bin/../../lib\libc-elf.a(memset.eo)
                  0x002f2e                  _memset
 .libc.fputs      0x002f3c         0x1c c:/program files (x86)/microchip/xc16/v1.41/bin/bin/../../lib\libc-elf.a(puts.eo)
                  0x002f3c                  _fputs
 .libc.puts       0x002f58         0x14 c:/program files (x86)/microchip/xc16/v1.41/bin/bin/../../lib\libc-elf.a(puts.eo)
                  0x002f58                  _puts
 .libc.putchar    0x002f6c          0x4 c:/program files (x86)/microchip/xc16/v1.41/bin/bin/../../lib\libc-elf.a(putchar.eo)
                  0x002f6c                  _putchar
 .libc._printf_cdnopsuxX
                  0x002f70          0xe c:/program files (x86)/microchip/xc16/v1.41/bin/bin/../../lib\libc-elf.a(printf_cdnopsuxX.XXeo)
                  0x002f70                  __printf_0
                  0x002f70                  __printf_s
                  0x002f70                  __printf_cdnopuxX
                  0x002f70                  __printf_cdnopsuxX
 .libc.fputc      0x002f7e         0x86 c:/program files (x86)/microchip/xc16/v1.41/bin/bin/../../lib\libc-elf.a(fputc.eo)
                  0x002f7e                  _fputc
 .libc.sputc      0x003004         0x12 c:/program files (x86)/microchip/xc16/v1.41/bin/bin/../../lib\libc-elf.a(doprnt_cdnopsuxX.XXeo)
 .libc._vfprintf_cdnopsuxX
                  0x003016        0x54c c:/program files (x86)/microchip/xc16/v1.41/bin/bin/../../lib\libc-elf.a(doprnt_cdnopsuxX.XXeo)
                  0x003016                  __vfprintf_cdnopuxX
                  0x003016                  __vfprintf_cdnopsuxX
                  0x003016                  __vfprintf_0
                  0x003016                  __vfprintf_s
 .libc._flsbuf    0x003562         0x7e c:/program files (x86)/microchip/xc16/v1.41/bin/bin/../../lib\libc-elf.a(flsbuf.eo)
                  0x003562                  __flsbuf
 .libm.mulsi3     0x0035e0          0xc c:/program files (x86)/microchip/xc16/v1.41/bin/bin/../../lib\libm-elf.a(mulsi3.eo)
                  0x0035e0                  ___mulp32peds3
                  0x0035e0                  ___mulsi3
                  0x0035e0                  ___mulp32eds3

__FBS
 *(__FBS.sec*)

__FSS
 *(__FSS.sec*)

__FGS             0xf80004          0x2
 *(__FGS.sec*)
 __FGS.sec        0xf80004          0x2 /CW/_FGSà¾¾__FGS.sec
                  0xf80004                  __FGS.sec

__FOSCSEL         0xf80006          0x2
 *(__FOSCSEL.sec*)
 __FOSCSEL.sec    0xf80006          0x2 build/default/production/_ext/812168374/main.o

__FOSC            0xf80008          0x2
 *(__FOSC.sec*)
 __FOSC.sec       0xf80008          0x2 build/default/production/_ext/812168374/main.o

__FWDT            0xf8000a          0x2
 *(__FWDT.sec*)
 __FWDT.sec       0xf8000a          0x2 build/default/production/_ext/812168374/main.o

__FPOR
 *(__FPOR.sec*)

__FICD            0xf8000e          0x2
 *(__FICD.sec*)
 __FICD.sec       0xf8000e          0x2 build/default/production/_ext/812168374/main.o

__FUID0
 *(__FUID0.sec*)

__FUID1
 *(__FUID1.sec*)

__FUID2
 *(__FUID2.sec*)

__FUID3
 *(__FUID3.sec*)

.comment
 *(.comment)

.debug_info       0x000000      0x2e9d1
 *(.debug_info)
 .debug_info      0x000000        0xb34 build/default/production/_ext/812168374/write.o
 .debug_info      0x000b34       0x1534 build/default/production/_ext/812168374/adc.o
 .debug_info      0x002068       0x14dd build/default/production/_ext/812168374/com_two.o
 .debug_info      0x003545       0x2589 build/default/production/_ext/812168374/comdat.o
 .debug_info      0x005ace       0x1616 build/default/production/_ext/812168374/dallas.o
 .debug_info      0x0070e4        0x1fe build/default/production/_ext/812168374/delay.o
 .debug_info      0x0072e2       0x152c build/default/production/_ext/812168374/dfile.o
 .debug_info      0x00880e       0x11cb build/default/production/_ext/812168374/dumfile.o
 .debug_info      0x0099d9       0x1024 build/default/production/_ext/812168374/eeprom.o
 .debug_info      0x00a9fd        0xc89 build/default/production/_ext/812168374/esquared.o
 .debug_info      0x00b686        0xf3e build/default/production/_ext/812168374/grndchck.o
 .debug_info      0x00c5c4         0xbf build/default/production/_ext/812168374/CPURegisterTest.o
 .debug_info      0x00c683        0x18d build/default/production/_ext/812168374/PcTest.o
 .debug_info      0x00c810        0x8db build/default/production/_ext/812168374/i2c_1.o
 .debug_info      0x00d0eb        0x901 build/default/production/_ext/812168374/i2c_2.o
 .debug_info      0x00d9ec        0xa69 build/default/production/_ext/812168374/init_ADC.o
 .debug_info      0x00e455        0xa2e build/default/production/_ext/812168374/init_DMA.o
 .debug_info      0x00ee83        0xc14 build/default/production/_ext/812168374/init_ports.o
 .debug_info      0x00fa97       0x1dee build/default/production/_ext/812168374/init_timer.o
 .debug_info      0x011885        0x33f build/default/production/_ext/812168374/isr_ADC.o
 .debug_info      0x011bc4        0x654 build/default/production/_ext/812168374/isr_DMA.o
 .debug_info      0x012218        0x5c4 build/default/production/_ext/812168374/isr_timer.o
 .debug_info      0x0127dc        0xcfa build/default/production/_ext/812168374/jumpers.o
 .debug_info      0x0134d6       0x15a0 build/default/production/_ext/812168374/modbus.o
 .debug_info      0x014a76       0x1c7a build/default/production/_ext/812168374/modcmd.o
 .debug_info      0x0166f0        0x9ee build/default/production/_ext/812168374/modfrc.o
 .debug_info      0x0170de       0x15ca build/default/production/_ext/812168374/modreg.o
 .debug_info      0x0186a8       0x1802 build/default/production/_ext/812168374/nvsystem.o
 .debug_info      0x019eaa        0xee3 build/default/production/_ext/812168374/nvtruck.o
 .debug_info      0x01ad8d        0x5e1 build/default/production/_ext/812168374/optic2.o
 .debug_info      0x01b36e       0x13a2 build/default/production/_ext/812168374/optic5.o
 .debug_info      0x01c710       0x122d build/default/production/_ext/812168374/permit.o
 .debug_info      0x01d93d       0x1da0 build/default/production/_ext/812168374/pod.o
 .debug_info      0x01f6dd        0xd8e build/default/production/_ext/812168374/printout.o
 .debug_info      0x02046b        0xce6 build/default/production/_ext/812168374/shorts.o
 .debug_info      0x021151       0x1760 build/default/production/_ext/812168374/sim.o
 .debug_info      0x0228b1        0x8e3 build/default/production/_ext/812168374/specops.o
 .debug_info      0x023194        0x4ae build/default/production/_ext/812168374/thermist.o
 .debug_info      0x023642        0x4c0 build/default/production/_ext/812168374/traps.o
 .debug_info      0x023b02       0x237f build/default/production/_ext/812168374/trukstat.o
 .debug_info      0x025e81        0x103 build/default/production/_ext/2133044052/build_date.o
 .debug_info      0x025f84       0x16d8 build/default/production/_ext/812168374/tim_utl.o
 .debug_info      0x02765c        0x734 build/default/production/_ext/812168374/spi_mpol.o
 .debug_info      0x027d90        0x834 build/default/production/_ext/812168374/spi_eeprom.o
 .debug_info      0x0285c4         0xb6 build/default/production/_ext/812168374/memory.o
 .debug_info      0x02867a       0x1a61 build/default/production/_ext/812168374/uart.o
 .debug_info      0x02a0db       0x1155 build/default/production/_ext/812168374/isr_uart.o
 .debug_info      0x02b230        0x61d build/default/production/_ext/812168374/march_tst.o
 .debug_info      0x02b84d         0xbd build/default/production/_ext/812168374/crt0_standard.o
 .debug_info      0x02b90a         0xbb build/default/production/_ext/812168374/memory_test.o
 .debug_info      0x02b9c5        0x189 build/default/production/_ext/812168374/test_function.o
 .debug_info      0x02bb4e       0x2599 build/default/production/_ext/812168374/main.o
 .debug_info      0x02e0e7        0x8ea build/default/production/_ext/812168374/deadman.o
 *(.gnu.linkonce.wi.*)

.debug_abbrev     0x000000       0x4352
 *(.debug_abbrev)
 .debug_abbrev    0x000000        0x10e build/default/production/_ext/812168374/write.o
 .debug_abbrev    0x00010e        0x22a build/default/production/_ext/812168374/adc.o
 .debug_abbrev    0x000338        0x1b0 build/default/production/_ext/812168374/com_two.o
 .debug_abbrev    0x0004e8        0x110 build/default/production/_ext/812168374/comdat.o
 .debug_abbrev    0x0005f8        0x1cf build/default/production/_ext/812168374/dallas.o
 .debug_abbrev    0x0007c7         0x6c build/default/production/_ext/812168374/delay.o
 .debug_abbrev    0x000833        0x1b2 build/default/production/_ext/812168374/dfile.o
 .debug_abbrev    0x0009e5        0x12b build/default/production/_ext/812168374/dumfile.o
 .debug_abbrev    0x000b10        0x193 build/default/production/_ext/812168374/eeprom.o
 .debug_abbrev    0x000ca3        0x1c1 build/default/production/_ext/812168374/esquared.o
 .debug_abbrev    0x000e64        0x186 build/default/production/_ext/812168374/grndchck.o
 .debug_abbrev    0x000fea         0x14 build/default/production/_ext/812168374/CPURegisterTest.o
 .debug_abbrev    0x000ffe         0x45 build/default/production/_ext/812168374/PcTest.o
 .debug_abbrev    0x001043        0x189 build/default/production/_ext/812168374/i2c_1.o
 .debug_abbrev    0x0011cc        0x174 build/default/production/_ext/812168374/i2c_2.o
 .debug_abbrev    0x001340         0xfa build/default/production/_ext/812168374/init_ADC.o
 .debug_abbrev    0x00143a        0x144 build/default/production/_ext/812168374/init_DMA.o
 .debug_abbrev    0x00157e         0x8e build/default/production/_ext/812168374/init_ports.o
 .debug_abbrev    0x00160c        0x1e1 build/default/production/_ext/812168374/init_timer.o
 .debug_abbrev    0x0017ed         0xba build/default/production/_ext/812168374/isr_ADC.o
 .debug_abbrev    0x0018a7        0x111 build/default/production/_ext/812168374/isr_DMA.o
 .debug_abbrev    0x0019b8        0x103 build/default/production/_ext/812168374/isr_timer.o
 .debug_abbrev    0x001abb        0x196 build/default/production/_ext/812168374/jumpers.o
 .debug_abbrev    0x001c51        0x219 build/default/production/_ext/812168374/modbus.o
 .debug_abbrev    0x001e6a        0x1f5 build/default/production/_ext/812168374/modcmd.o
 .debug_abbrev    0x00205f        0x11e build/default/production/_ext/812168374/modfrc.o
 .debug_abbrev    0x00217d        0x15e build/default/production/_ext/812168374/modreg.o
 .debug_abbrev    0x0022db        0x206 build/default/production/_ext/812168374/nvsystem.o
 .debug_abbrev    0x0024e1        0x13b build/default/production/_ext/812168374/nvtruck.o
 .debug_abbrev    0x00261c         0xfc build/default/production/_ext/812168374/optic2.o
 .debug_abbrev    0x002718        0x231 build/default/production/_ext/812168374/optic5.o
 .debug_abbrev    0x002949        0x1c6 build/default/production/_ext/812168374/permit.o
 .debug_abbrev    0x002b0f        0x203 build/default/production/_ext/812168374/pod.o
 .debug_abbrev    0x002d12         0xe2 build/default/production/_ext/812168374/printout.o
 .debug_abbrev    0x002df4        0x178 build/default/production/_ext/812168374/shorts.o
 .debug_abbrev    0x002f6c        0x1c3 build/default/production/_ext/812168374/sim.o
 .debug_abbrev    0x00312f         0xf4 build/default/production/_ext/812168374/specops.o
 .debug_abbrev    0x003223         0xc4 build/default/production/_ext/812168374/thermist.o
 .debug_abbrev    0x0032e7         0xd0 build/default/production/_ext/812168374/traps.o
 .debug_abbrev    0x0033b7        0x23b build/default/production/_ext/812168374/trukstat.o
 .debug_abbrev    0x0035f2         0x42 build/default/production/_ext/2133044052/build_date.o
 .debug_abbrev    0x003634        0x1fe build/default/production/_ext/812168374/tim_utl.o
 .debug_abbrev    0x003832        0x131 build/default/production/_ext/812168374/spi_mpol.o
 .debug_abbrev    0x003963        0x17b build/default/production/_ext/812168374/spi_eeprom.o
 .debug_abbrev    0x003ade         0x14 build/default/production/_ext/812168374/memory.o
 .debug_abbrev    0x003af2        0x1a7 build/default/production/_ext/812168374/uart.o
 .debug_abbrev    0x003c99        0x191 build/default/production/_ext/812168374/isr_uart.o
 .debug_abbrev    0x003e2a        0x13a build/default/production/_ext/812168374/march_tst.o
 .debug_abbrev    0x003f64         0x14 build/default/production/_ext/812168374/crt0_standard.o
 .debug_abbrev    0x003f78         0x14 build/default/production/_ext/812168374/memory_test.o
 .debug_abbrev    0x003f8c         0x36 build/default/production/_ext/812168374/test_function.o
 .debug_abbrev    0x003fc2        0x28b build/default/production/_ext/812168374/main.o
 .debug_abbrev    0x00424d        0x105 build/default/production/_ext/812168374/deadman.o

.debug_line       0x000000       0x5143
 *(.debug_line)
 .debug_line      0x000000         0xe0 build/default/production/_ext/812168374/write.o
 .debug_line      0x0000e0        0x147 build/default/production/_ext/812168374/adc.o
 .debug_line      0x000227        0x268 build/default/production/_ext/812168374/com_two.o
 .debug_line      0x00048f         0x66 build/default/production/_ext/812168374/comdat.o
 .debug_line      0x0004f5        0x2eb build/default/production/_ext/812168374/dallas.o
 .debug_line      0x0007e0         0x64 build/default/production/_ext/812168374/delay.o
 .debug_line      0x000844        0x1c8 build/default/production/_ext/812168374/dfile.o
 .debug_line      0x000a0c        0x1db build/default/production/_ext/812168374/dumfile.o
 .debug_line      0x000be7        0x158 build/default/production/_ext/812168374/eeprom.o
 .debug_line      0x000d3f        0x1ce build/default/production/_ext/812168374/esquared.o
 .debug_line      0x000f0d        0x145 build/default/production/_ext/812168374/grndchck.o
 .debug_line      0x001052         0x92 build/default/production/_ext/812168374/CPURegisterTest.o
 .debug_line      0x0010e4         0x49 build/default/production/_ext/812168374/PcTest.o
 .debug_line      0x00112d        0x129 build/default/production/_ext/812168374/i2c_1.o
 .debug_line      0x001256        0x12a build/default/production/_ext/812168374/i2c_2.o
 .debug_line      0x001380         0x84 build/default/production/_ext/812168374/init_ADC.o
 .debug_line      0x001404         0x7c build/default/production/_ext/812168374/init_DMA.o
 .debug_line      0x001480         0x81 build/default/production/_ext/812168374/init_ports.o
 .debug_line      0x001501         0xd9 build/default/production/_ext/812168374/init_timer.o
 .debug_line      0x0015da         0x6a build/default/production/_ext/812168374/isr_ADC.o
 .debug_line      0x001644         0x72 build/default/production/_ext/812168374/isr_DMA.o
 .debug_line      0x0016b6         0x72 build/default/production/_ext/812168374/isr_timer.o
 .debug_line      0x001728        0x144 build/default/production/_ext/812168374/jumpers.o
 .debug_line      0x00186c        0x186 build/default/production/_ext/812168374/modbus.o
 .debug_line      0x0019f2        0x784 build/default/production/_ext/812168374/modcmd.o
 .debug_line      0x002176        0x13c build/default/production/_ext/812168374/modfrc.o
 .debug_line      0x0022b2        0x624 build/default/production/_ext/812168374/modreg.o
 .debug_line      0x0028d6        0x211 build/default/production/_ext/812168374/nvsystem.o
 .debug_line      0x002ae7        0x258 build/default/production/_ext/812168374/nvtruck.o
 .debug_line      0x002d3f         0xaa build/default/production/_ext/812168374/optic2.o
 .debug_line      0x002de9        0x267 build/default/production/_ext/812168374/optic5.o
 .debug_line      0x003050        0x1c0 build/default/production/_ext/812168374/permit.o
 .debug_line      0x003210        0x485 build/default/production/_ext/812168374/pod.o
 .debug_line      0x003695        0x2fd build/default/production/_ext/812168374/printout.o
 .debug_line      0x003992        0x17b build/default/production/_ext/812168374/shorts.o
 .debug_line      0x003b0d        0x1c0 build/default/production/_ext/812168374/sim.o
 .debug_line      0x003ccd        0x141 build/default/production/_ext/812168374/specops.o
 .debug_line      0x003e0e         0x85 build/default/production/_ext/812168374/thermist.o
 .debug_line      0x003e93         0xae build/default/production/_ext/812168374/traps.o
 .debug_line      0x003f41        0x539 build/default/production/_ext/812168374/trukstat.o
 .debug_line      0x00447a         0x33 build/default/production/_ext/2133044052/build_date.o
 .debug_line      0x0044ad        0x26e build/default/production/_ext/812168374/tim_utl.o
 .debug_line      0x00471b         0x7c build/default/production/_ext/812168374/spi_mpol.o
 .debug_line      0x004797        0x126 build/default/production/_ext/812168374/spi_eeprom.o
 .debug_line      0x0048bd         0x65 build/default/production/_ext/812168374/memory.o
 .debug_line      0x004922         0xe4 build/default/production/_ext/812168374/uart.o
 .debug_line      0x004a06         0xcb build/default/production/_ext/812168374/isr_uart.o
 .debug_line      0x004ad1         0xd6 build/default/production/_ext/812168374/march_tst.o
 .debug_line      0x004ba7         0x1a build/default/production/_ext/812168374/null_signature.o
 .debug_line      0x004bc1         0x74 build/default/production/_ext/812168374/crt0_standard.o
 .debug_line      0x004c35         0x6b build/default/production/_ext/812168374/memory_test.o
 .debug_line      0x004ca0         0x59 build/default/production/_ext/812168374/test_function.o
 .debug_line      0x004cf9        0x344 build/default/production/_ext/812168374/main.o
 .debug_line      0x00503d        0x106 build/default/production/_ext/812168374/deadman.o

.debug_frame      0x000000       0x3a64
 *(.debug_frame)
 .debug_frame     0x000000         0x30 build/default/production/_ext/812168374/write.o
 .debug_frame     0x000030        0x108 build/default/production/_ext/812168374/adc.o
 .debug_frame     0x000138        0x172 build/default/production/_ext/812168374/com_two.o
 .debug_frame     0x0002aa        0x334 build/default/production/_ext/812168374/dallas.o
 .debug_frame     0x0005de         0x4c build/default/production/_ext/812168374/delay.o
 .debug_frame     0x00062a        0x140 build/default/production/_ext/812168374/dfile.o
 .debug_frame     0x00076a         0xd8 build/default/production/_ext/812168374/dumfile.o
 .debug_frame     0x000842         0xd8 build/default/production/_ext/812168374/eeprom.o
 .debug_frame     0x00091a        0x20a build/default/production/_ext/812168374/esquared.o
 .debug_frame     0x000b24         0xbc build/default/production/_ext/812168374/grndchck.o
 .debug_frame     0x000be0         0x30 build/default/production/_ext/812168374/PcTest.o
 .debug_frame     0x000c10        0x19a build/default/production/_ext/812168374/i2c_1.o
 .debug_frame     0x000daa        0x192 build/default/production/_ext/812168374/i2c_2.o
 .debug_frame     0x000f3c         0x30 build/default/production/_ext/812168374/init_ADC.o
 .debug_frame     0x000f6c         0x30 build/default/production/_ext/812168374/init_DMA.o
 .debug_frame     0x000f9c         0x30 build/default/production/_ext/812168374/init_ports.o
 .debug_frame     0x000fcc        0x156 build/default/production/_ext/812168374/init_timer.o
 .debug_frame     0x001122         0x46 build/default/production/_ext/812168374/isr_ADC.o
 .debug_frame     0x001168         0x3e build/default/production/_ext/812168374/isr_DMA.o
 .debug_frame     0x0011a6         0xfc build/default/production/_ext/812168374/isr_timer.o
 .debug_frame     0x0012a2         0xd6 build/default/production/_ext/812168374/jumpers.o
 .debug_frame     0x001378         0xf4 build/default/production/_ext/812168374/modbus.o
 .debug_frame     0x00146c        0x3e8 build/default/production/_ext/812168374/modcmd.o
 .debug_frame     0x001854         0x7c build/default/production/_ext/812168374/modfrc.o
 .debug_frame     0x0018d0         0xa0 build/default/production/_ext/812168374/modreg.o
 .debug_frame     0x001970        0x1b8 build/default/production/_ext/812168374/nvsystem.o
 .debug_frame     0x001b28        0x222 build/default/production/_ext/812168374/nvtruck.o
 .debug_frame     0x001d4a         0x68 build/default/production/_ext/812168374/optic2.o
 .debug_frame     0x001db2        0x19c build/default/production/_ext/812168374/optic5.o
 .debug_frame     0x001f4e        0x11c build/default/production/_ext/812168374/permit.o
 .debug_frame     0x00206a        0x448 build/default/production/_ext/812168374/pod.o
 .debug_frame     0x0024b2        0x258 build/default/production/_ext/812168374/printout.o
 .debug_frame     0x00270a         0x4c build/default/production/_ext/812168374/shorts.o
 .debug_frame     0x002756        0x1c6 build/default/production/_ext/812168374/sim.o
 .debug_frame     0x00291c         0xa0 build/default/production/_ext/812168374/specops.o
 .debug_frame     0x0029bc         0x68 build/default/production/_ext/812168374/thermist.o
 .debug_frame     0x002a24        0x258 build/default/production/_ext/812168374/traps.o
 .debug_frame     0x002c7c        0x236 build/default/production/_ext/812168374/trukstat.o
 .debug_frame     0x002eb2        0x304 build/default/production/_ext/812168374/tim_utl.o
 .debug_frame     0x0031b6         0x68 build/default/production/_ext/812168374/spi_mpol.o
 .debug_frame     0x00321e        0x12c build/default/production/_ext/812168374/spi_eeprom.o
 .debug_frame     0x00334a        0x110 build/default/production/_ext/812168374/uart.o
 .debug_frame     0x00345a         0xce build/default/production/_ext/812168374/isr_uart.o
 .debug_frame     0x003528         0xe8 build/default/production/_ext/812168374/march_tst.o
 .debug_frame     0x003610         0x4c build/default/production/_ext/812168374/test_function.o
 .debug_frame     0x00365c        0x3bc build/default/production/_ext/812168374/main.o
 .debug_frame     0x003a18         0x4c build/default/production/_ext/812168374/deadman.o

.debug_str        0x000000       0x2627
 *(.debug_str)
 .debug_str       0x000000         0x6e build/default/production/_ext/812168374/write.o
 .debug_str       0x00006e        0x12e build/default/production/_ext/812168374/adc.o
 .debug_str       0x00019c        0x1b3 build/default/production/_ext/812168374/com_two.o
 .debug_str       0x00034f         0x16 build/default/production/_ext/812168374/comdat.o
 .debug_str       0x000365        0x16a build/default/production/_ext/812168374/dallas.o
 .debug_str       0x0004cf         0x8e build/default/production/_ext/812168374/dfile.o
 .debug_str       0x00055d        0x28d build/default/production/_ext/812168374/dumfile.o
 .debug_str       0x0007ea         0x73 build/default/production/_ext/812168374/eeprom.o
 .debug_str       0x00085d         0x65 build/default/production/_ext/812168374/esquared.o
 .debug_str       0x0008c2         0x6d build/default/production/_ext/812168374/grndchck.o
 .debug_str       0x00092f         0x59 build/default/production/_ext/812168374/i2c_1.o
 .debug_str       0x000988         0x59 build/default/production/_ext/812168374/i2c_2.o
 .debug_str       0x0009e1         0x51 build/default/production/_ext/812168374/init_ADC.o
 .debug_str       0x000a32         0x30 build/default/production/_ext/812168374/init_DMA.o
 .debug_str       0x000a62         0x51 build/default/production/_ext/812168374/init_ports.o
 .debug_str       0x000ab3         0xdf build/default/production/_ext/812168374/init_timer.o
 .debug_str       0x000b92         0x1d build/default/production/_ext/812168374/isr_ADC.o
 .debug_str       0x000baf         0x4e build/default/production/_ext/812168374/isr_DMA.o
 .debug_str       0x000bfd         0x1c build/default/production/_ext/812168374/isr_timer.o
 .debug_str       0x000c19         0x63 build/default/production/_ext/812168374/jumpers.o
 .debug_str       0x000c7c        0x164 build/default/production/_ext/812168374/modbus.o
 .debug_str       0x000de0         0xfd build/default/production/_ext/812168374/modcmd.o
 .debug_str       0x000edd         0x77 build/default/production/_ext/812168374/modfrc.o
 .debug_str       0x000f54        0x260 build/default/production/_ext/812168374/modreg.o
 .debug_str       0x0011b4         0xcd build/default/production/_ext/812168374/nvsystem.o
 .debug_str       0x001281         0x53 build/default/production/_ext/812168374/nvtruck.o
 .debug_str       0x0012d4         0x7d build/default/production/_ext/812168374/optic2.o
 .debug_str       0x001351        0x179 build/default/production/_ext/812168374/optic5.o
 .debug_str       0x0014ca        0x15f build/default/production/_ext/812168374/permit.o
 .debug_str       0x001629        0x16c build/default/production/_ext/812168374/pod.o
 .debug_str       0x001795         0xcb build/default/production/_ext/812168374/printout.o
 .debug_str       0x001860         0x74 build/default/production/_ext/812168374/shorts.o
 .debug_str       0x0018d4        0x16f build/default/production/_ext/812168374/sim.o
 .debug_str       0x001a43         0x4c build/default/production/_ext/812168374/specops.o
 .debug_str       0x001a8f         0x74 build/default/production/_ext/812168374/thermist.o
 .debug_str       0x001b03         0x15 build/default/production/_ext/812168374/traps.o
 .debug_str       0x001b18        0x408 build/default/production/_ext/812168374/trukstat.o
 .debug_str       0x001f20        0x11b build/default/production/_ext/812168374/tim_utl.o
 .debug_str       0x00203b         0x47 build/default/production/_ext/812168374/spi_mpol.o
 .debug_str       0x002082         0x2d build/default/production/_ext/812168374/spi_eeprom.o
 .debug_str       0x0020af         0xef build/default/production/_ext/812168374/uart.o
 .debug_str       0x00219e        0x147 build/default/production/_ext/812168374/isr_uart.o
 .debug_str       0x0022e5         0x2d build/default/production/_ext/812168374/march_tst.o
 .debug_str       0x002312        0x2df build/default/production/_ext/812168374/main.o
 .debug_str       0x0025f1         0x36 build/default/production/_ext/812168374/deadman.o

.debug_loc
 *(.debug_loc)

.debug_macinfo
 *(.debug_macinfo)

.debug_pubnames
                  0x000000       0x25b9
 *(.debug_pubnames)
 .debug_pubnames
                  0x000000         0x1c build/default/production/_ext/812168374/write.o
 .debug_pubnames
                  0x00001c         0x86 build/default/production/_ext/812168374/adc.o
 .debug_pubnames
                  0x0000a2         0xeb build/default/production/_ext/812168374/com_two.o
 .debug_pubnames
                  0x00018d        0xc64 build/default/production/_ext/812168374/comdat.o
 .debug_pubnames
                  0x000df1        0x21b build/default/production/_ext/812168374/dallas.o
 .debug_pubnames
                  0x00100c         0x2a build/default/production/_ext/812168374/delay.o
 .debug_pubnames
                  0x001036         0xa3 build/default/production/_ext/812168374/dfile.o
 .debug_pubnames
                  0x0010d9         0x82 build/default/production/_ext/812168374/dumfile.o
 .debug_pubnames
                  0x00115b         0x7e build/default/production/_ext/812168374/eeprom.o
 .debug_pubnames
                  0x0011d9         0xaa build/default/production/_ext/812168374/esquared.o
 .debug_pubnames
                  0x001283         0x74 build/default/production/_ext/812168374/grndchck.o
 .debug_pubnames
                  0x0012f7         0x21 build/default/production/_ext/812168374/PcTest.o
 .debug_pubnames
                  0x001318         0xad build/default/production/_ext/812168374/i2c_1.o
 .debug_pubnames
                  0x0013c5         0xad build/default/production/_ext/812168374/i2c_2.o
 .debug_pubnames
                  0x001472         0x1f build/default/production/_ext/812168374/init_ADC.o
 .debug_pubnames
                  0x001491         0x2c build/default/production/_ext/812168374/init_DMA.o
 .debug_pubnames
                  0x0014bd         0x21 build/default/production/_ext/812168374/init_ports.o
 .debug_pubnames
                  0x0014de         0xce build/default/production/_ext/812168374/init_timer.o
 .debug_pubnames
                  0x0015ac         0x25 build/default/production/_ext/812168374/isr_ADC.o
 .debug_pubnames
                  0x0015d1         0x25 build/default/production/_ext/812168374/isr_DMA.o
 .debug_pubnames
                  0x0015f6         0x56 build/default/production/_ext/812168374/isr_timer.o
 .debug_pubnames
                  0x00164c         0x6d build/default/production/_ext/812168374/jumpers.o
 .debug_pubnames
                  0x0016b9         0xb7 build/default/production/_ext/812168374/modbus.o
 .debug_pubnames
                  0x001770         0x32 build/default/production/_ext/812168374/modcmd.o
 .debug_pubnames
                  0x0017a2         0x4b build/default/production/_ext/812168374/modfrc.o
 .debug_pubnames
                  0x0017ed         0x2c build/default/production/_ext/812168374/modreg.o
 .debug_pubnames
                  0x001819        0x10f build/default/production/_ext/812168374/nvsystem.o
 .debug_pubnames
                  0x001928        0x112 build/default/production/_ext/812168374/nvtruck.o
 .debug_pubnames
                  0x001a3a         0x49 build/default/production/_ext/812168374/optic2.o
 .debug_pubnames
                  0x001a83         0xdb build/default/production/_ext/812168374/optic5.o
 .debug_pubnames
                  0x001b5e         0xb3 build/default/production/_ext/812168374/permit.o
 .debug_pubnames
                  0x001c11        0x157 build/default/production/_ext/812168374/pod.o
 .debug_pubnames
                  0x001d68         0x2a build/default/production/_ext/812168374/printout.o
 .debug_pubnames
                  0x001d92         0x37 build/default/production/_ext/812168374/shorts.o
 .debug_pubnames
                  0x001dc9        0x100 build/default/production/_ext/812168374/sim.o
 .debug_pubnames
                  0x001ec9         0x3f build/default/production/_ext/812168374/specops.o
 .debug_pubnames
                  0x001f08         0x50 build/default/production/_ext/812168374/thermist.o
 .debug_pubnames
                  0x001f58         0xc9 build/default/production/_ext/812168374/traps.o
 .debug_pubnames
                  0x002021         0xa5 build/default/production/_ext/812168374/trukstat.o
 .debug_pubnames
                  0x0020c6         0x1d build/default/production/_ext/2133044052/build_date.o
 .debug_pubnames
                  0x0020e3        0x13b build/default/production/_ext/812168374/tim_utl.o
 .debug_pubnames
                  0x00221e         0x4b build/default/production/_ext/812168374/spi_mpol.o
 .debug_pubnames
                  0x002269         0xf2 build/default/production/_ext/812168374/spi_eeprom.o
 .debug_pubnames
                  0x00235b         0xa3 build/default/production/_ext/812168374/uart.o
 .debug_pubnames
                  0x0023fe         0x4b build/default/production/_ext/812168374/isr_uart.o
 .debug_pubnames
                  0x002449         0x2e build/default/production/_ext/812168374/march_tst.o
 .debug_pubnames
                  0x002477         0x36 build/default/production/_ext/812168374/test_function.o
 .debug_pubnames
                  0x0024ad         0xd9 build/default/production/_ext/812168374/main.o
 .debug_pubnames
                  0x002586         0x33 build/default/production/_ext/812168374/deadman.o

.debug_ranges
 *(.debug_ranges)

.debug_aranges    0x000000        0x538
 *(.debug_aranges)
 .debug_aranges
                  0x000000         0x20 build/default/production/_ext/812168374/write.o
 .debug_aranges
                  0x000020         0x18 build/default/production/_ext/812168374/adc.o
 .debug_aranges
                  0x000038         0x18 build/default/production/_ext/812168374/com_two.o
 .debug_aranges
                  0x000050         0x18 build/default/production/_ext/812168374/dallas.o
 .debug_aranges
                  0x000068         0x18 build/default/production/_ext/812168374/delay.o
 .debug_aranges
                  0x000080         0x18 build/default/production/_ext/812168374/dfile.o
 .debug_aranges
                  0x000098         0x18 build/default/production/_ext/812168374/dumfile.o
 .debug_aranges
                  0x0000b0         0x18 build/default/production/_ext/812168374/eeprom.o
 .debug_aranges
                  0x0000c8         0x18 build/default/production/_ext/812168374/esquared.o
 .debug_aranges
                  0x0000e0         0x18 build/default/production/_ext/812168374/grndchck.o
 .debug_aranges
                  0x0000f8         0x18 build/default/production/_ext/812168374/CPURegisterTest.o
 .debug_aranges
                  0x000110         0x18 build/default/production/_ext/812168374/PcTest.o
 .debug_aranges
                  0x000128         0x40 build/default/production/_ext/812168374/i2c_1.o
 .debug_aranges
                  0x000168         0x40 build/default/production/_ext/812168374/i2c_2.o
 .debug_aranges
                  0x0001a8         0x18 build/default/production/_ext/812168374/init_ADC.o
 .debug_aranges
                  0x0001c0         0x18 build/default/production/_ext/812168374/init_DMA.o
 .debug_aranges
                  0x0001d8         0x18 build/default/production/_ext/812168374/init_ports.o
 .debug_aranges
                  0x0001f0         0x18 build/default/production/_ext/812168374/init_timer.o
 .debug_aranges
                  0x000208         0x18 build/default/production/_ext/812168374/isr_ADC.o
 .debug_aranges
                  0x000220         0x18 build/default/production/_ext/812168374/isr_DMA.o
 .debug_aranges
                  0x000238         0x18 build/default/production/_ext/812168374/isr_timer.o
 .debug_aranges
                  0x000250         0x18 build/default/production/_ext/812168374/jumpers.o
 .debug_aranges
                  0x000268         0x18 build/default/production/_ext/812168374/modbus.o
 .debug_aranges
                  0x000280         0x18 build/default/production/_ext/812168374/modcmd.o
 .debug_aranges
                  0x000298         0x18 build/default/production/_ext/812168374/modfrc.o
 .debug_aranges
                  0x0002b0         0x18 build/default/production/_ext/812168374/modreg.o
 .debug_aranges
                  0x0002c8         0x18 build/default/production/_ext/812168374/nvsystem.o
 .debug_aranges
                  0x0002e0         0x18 build/default/production/_ext/812168374/nvtruck.o
 .debug_aranges
                  0x0002f8         0x18 build/default/production/_ext/812168374/optic2.o
 .debug_aranges
                  0x000310         0x18 build/default/production/_ext/812168374/optic5.o
 .debug_aranges
                  0x000328         0x18 build/default/production/_ext/812168374/permit.o
 .debug_aranges
                  0x000340         0x18 build/default/production/_ext/812168374/pod.o
 .debug_aranges
                  0x000358         0x18 build/default/production/_ext/812168374/printout.o
 .debug_aranges
                  0x000370         0x18 build/default/production/_ext/812168374/shorts.o
 .debug_aranges
                  0x000388         0x18 build/default/production/_ext/812168374/sim.o
 .debug_aranges
                  0x0003a0         0x18 build/default/production/_ext/812168374/specops.o
 .debug_aranges
                  0x0003b8         0x18 build/default/production/_ext/812168374/thermist.o
 .debug_aranges
                  0x0003d0         0x18 build/default/production/_ext/812168374/traps.o
 .debug_aranges
                  0x0003e8         0x18 build/default/production/_ext/812168374/trukstat.o
 .debug_aranges
                  0x000400         0x18 build/default/production/_ext/812168374/tim_utl.o
 .debug_aranges
                  0x000418         0x18 build/default/production/_ext/812168374/spi_mpol.o
 .debug_aranges
                  0x000430         0x18 build/default/production/_ext/812168374/spi_eeprom.o
 .debug_aranges
                  0x000448         0x18 build/default/production/_ext/812168374/memory.o
 .debug_aranges
                  0x000460         0x18 build/default/production/_ext/812168374/uart.o
 .debug_aranges
                  0x000478         0x18 build/default/production/_ext/812168374/isr_uart.o
 .debug_aranges
                  0x000490         0x18 build/default/production/_ext/812168374/march_tst.o
 .debug_aranges
                  0x0004a8         0x18 build/default/production/_ext/812168374/crt0_standard.o
 .debug_aranges
                  0x0004c0         0x18 build/default/production/_ext/812168374/memory_test.o
 .debug_aranges
                  0x0004d8         0x28 build/default/production/_ext/812168374/test_function.o
 .debug_aranges
                  0x000500         0x20 build/default/production/_ext/812168374/main.o
 .debug_aranges
                  0x000520         0x18 build/default/production/_ext/812168374/deadman.o

.ivt              0x000004         0xfc
                  0x000004          0x4 LONG 0x2908 DEFINED (__ReservedTrap0)?ABSOLUTE (__ReservedTrap0):ABSOLUTE (__DefaultInterrupt)
                  0x000006          0x4 LONG 0x252a DEFINED (__OscillatorFail)?ABSOLUTE (__OscillatorFail):ABSOLUTE (__DefaultInterrupt)
                  0x000008          0x4 LONG 0x256e DEFINED (__AddressError)?ABSOLUTE (__AddressError):ABSOLUTE (__DefaultInterrupt)
                  0x00000a          0x4 LONG 0x25b2 DEFINED (__StackError)?ABSOLUTE (__StackError):ABSOLUTE (__DefaultInterrupt)
                  0x00000c          0x4 LONG 0x25f6 DEFINED (__MathError)?ABSOLUTE (__MathError):ABSOLUTE (__DefaultInterrupt)
                  0x00000e          0x4 LONG 0x263a DEFINED (__DMACError)?ABSOLUTE (__DMACError):ABSOLUTE (__DefaultInterrupt)
                  0x000010          0x4 LONG 0x2908 DEFINED (__ReservedTrap6)?ABSOLUTE (__ReservedTrap6):ABSOLUTE (__DefaultInterrupt)
                  0x000012          0x4 LONG 0x2908 DEFINED (__ReservedTrap7)?ABSOLUTE (__ReservedTrap7):ABSOLUTE (__DefaultInterrupt)
                  0x000014          0x4 LONG 0x2908 DEFINED (__INT0Interrupt)?ABSOLUTE (__INT0Interrupt):ABSOLUTE (__DefaultInterrupt)
                  0x000016          0x4 LONG 0x2908 DEFINED (__IC1Interrupt)?ABSOLUTE (__IC1Interrupt):ABSOLUTE (__DefaultInterrupt)
                  0x000018          0x4 LONG 0x2908 DEFINED (__OC1Interrupt)?ABSOLUTE (__OC1Interrupt):ABSOLUTE (__DefaultInterrupt)
                  0x00001a          0x4 LONG 0x2908 DEFINED (__T1Interrupt)?ABSOLUTE (__T1Interrupt):ABSOLUTE (__DefaultInterrupt)
                  0x00001c          0x4 LONG 0x243a DEFINED (__DMA0Interrupt)?ABSOLUTE (__DMA0Interrupt):ABSOLUTE (__DefaultInterrupt)
                  0x00001e          0x4 LONG 0x2908 DEFINED (__IC2Interrupt)?ABSOLUTE (__IC2Interrupt):ABSOLUTE (__DefaultInterrupt)
                  0x000020          0x4 LONG 0x2908 DEFINED (__OC2Interrupt)?ABSOLUTE (__OC2Interrupt):ABSOLUTE (__DefaultInterrupt)
                  0x000022          0x4 LONG 0x249a DEFINED (__T2Interrupt)?ABSOLUTE (__T2Interrupt):ABSOLUTE (__DefaultInterrupt)
                  0x000024          0x4 LONG 0x24c2 DEFINED (__T3Interrupt)?ABSOLUTE (__T3Interrupt):ABSOLUTE (__DefaultInterrupt)
                  0x000026          0x4 LONG 0x2908 DEFINED (__SPI1ErrInterrupt)?ABSOLUTE (__SPI1ErrInterrupt):ABSOLUTE (__DefaultInterrupt)
                  0x000028          0x4 LONG 0x2908 DEFINED (__SPI1Interrupt)?ABSOLUTE (__SPI1Interrupt):ABSOLUTE (__DefaultInterrupt)
                  0x00002a          0x4 LONG 0x28a8 DEFINED (__U1RXInterrupt)?ABSOLUTE (__U1RXInterrupt):ABSOLUTE (__DefaultInterrupt)
                  0x00002c          0x4 LONG 0x2908 DEFINED (__U1TXInterrupt)?ABSOLUTE (__U1TXInterrupt):ABSOLUTE (__DefaultInterrupt)
                  0x00002e          0x4 LONG 0x2402 DEFINED (__ADC1Interrupt)?ABSOLUTE (__ADC1Interrupt):ABSOLUTE (__DefaultInterrupt)
                  0x000030          0x4 LONG 0x2908 DEFINED (__DMA1Interrupt)?ABSOLUTE (__DMA1Interrupt):ABSOLUTE (__DefaultInterrupt)
                  0x000032          0x4 LONG 0x2908 DEFINED (__Interrupt15)?ABSOLUTE (__Interrupt15):ABSOLUTE (__DefaultInterrupt)
                  0x000034          0x4 LONG 0x2908 DEFINED (__SI2C1Interrupt)?ABSOLUTE (__SI2C1Interrupt):ABSOLUTE (__DefaultInterrupt)
                  0x000036          0x4 LONG 0x2908 DEFINED (__MI2C1Interrupt)?ABSOLUTE (__MI2C1Interrupt):ABSOLUTE (__DefaultInterrupt)
                  0x000038          0x4 LONG 0x2908 DEFINED (__Interrupt18)?ABSOLUTE (__Interrupt18):ABSOLUTE (__DefaultInterrupt)
                  0x00003a          0x4 LONG 0x2908 DEFINED (__CNInterrupt)?ABSOLUTE (__CNInterrupt):ABSOLUTE (__DefaultInterrupt)
                  0x00003c          0x4 LONG 0x2908 DEFINED (__INT1Interrupt)?ABSOLUTE (__INT1Interrupt):ABSOLUTE (__DefaultInterrupt)
                  0x00003e          0x4 LONG 0x2908 DEFINED (__Interrupt21)?ABSOLUTE (__Interrupt21):ABSOLUTE (__DefaultInterrupt)
                  0x000040          0x4 LONG 0x2908 DEFINED (__IC7Interrupt)?ABSOLUTE (__IC7Interrupt):ABSOLUTE (__DefaultInterrupt)
                  0x000042          0x4 LONG 0x2908 DEFINED (__IC8Interrupt)?ABSOLUTE (__IC8Interrupt):ABSOLUTE (__DefaultInterrupt)
                  0x000044          0x4 LONG 0x2908 DEFINED (__DMA2Interrupt)?ABSOLUTE (__DMA2Interrupt):ABSOLUTE (__DefaultInterrupt)
                  0x000046          0x4 LONG 0x2908 DEFINED (__OC3Interrupt)?ABSOLUTE (__OC3Interrupt):ABSOLUTE (__DefaultInterrupt)
                  0x000048          0x4 LONG 0x2908 DEFINED (__OC4Interrupt)?ABSOLUTE (__OC4Interrupt):ABSOLUTE (__DefaultInterrupt)
                  0x00004a          0x4 LONG 0x24ea DEFINED (__T4Interrupt)?ABSOLUTE (__T4Interrupt):ABSOLUTE (__DefaultInterrupt)
                  0x00004c          0x4 LONG 0x2516 DEFINED (__T5Interrupt)?ABSOLUTE (__T5Interrupt):ABSOLUTE (__DefaultInterrupt)
                  0x00004e          0x4 LONG 0x2908 DEFINED (__INT2Interrupt)?ABSOLUTE (__INT2Interrupt):ABSOLUTE (__DefaultInterrupt)
                  0x000050          0x4 LONG 0x2716 DEFINED (__U2RXInterrupt)?ABSOLUTE (__U2RXInterrupt):ABSOLUTE (__DefaultInterrupt)
                  0x000052          0x4 LONG 0x282c DEFINED (__U2TXInterrupt)?ABSOLUTE (__U2TXInterrupt):ABSOLUTE (__DefaultInterrupt)
                  0x000054          0x4 LONG 0x2908 DEFINED (__SPI2ErrInterrupt)?ABSOLUTE (__SPI2ErrInterrupt):ABSOLUTE (__DefaultInterrupt)
                  0x000056          0x4 LONG 0x2908 DEFINED (__SPI2Interrupt)?ABSOLUTE (__SPI2Interrupt):ABSOLUTE (__DefaultInterrupt)
                  0x000058          0x4 LONG 0x2908 DEFINED (__Interrupt34)?ABSOLUTE (__Interrupt34):ABSOLUTE (__DefaultInterrupt)
                  0x00005a          0x4 LONG 0x2908 DEFINED (__Interrupt35)?ABSOLUTE (__Interrupt35):ABSOLUTE (__DefaultInterrupt)
                  0x00005c          0x4 LONG 0x2908 DEFINED (__DMA3Interrupt)?ABSOLUTE (__DMA3Interrupt):ABSOLUTE (__DefaultInterrupt)
                  0x00005e          0x4 LONG 0x2908 DEFINED (__IC3Interrupt)?ABSOLUTE (__IC3Interrupt):ABSOLUTE (__DefaultInterrupt)
                  0x000060          0x4 LONG 0x2908 DEFINED (__IC4Interrupt)?ABSOLUTE (__IC4Interrupt):ABSOLUTE (__DefaultInterrupt)
                  0x000062          0x4 LONG 0x2908 DEFINED (__IC5Interrupt)?ABSOLUTE (__IC5Interrupt):ABSOLUTE (__DefaultInterrupt)
                  0x000064          0x4 LONG 0x2908 DEFINED (__IC6Interrupt)?ABSOLUTE (__IC6Interrupt):ABSOLUTE (__DefaultInterrupt)
                  0x000066          0x4 LONG 0x2908 DEFINED (__OC5Interrupt)?ABSOLUTE (__OC5Interrupt):ABSOLUTE (__DefaultInterrupt)
                  0x000068          0x4 LONG 0x2908 DEFINED (__OC6Interrupt)?ABSOLUTE (__OC6Interrupt):ABSOLUTE (__DefaultInterrupt)
                  0x00006a          0x4 LONG 0x2908 DEFINED (__OC7Interrupt)?ABSOLUTE (__OC7Interrupt):ABSOLUTE (__DefaultInterrupt)
                  0x00006c          0x4 LONG 0x2908 DEFINED (__OC8Interrupt)?ABSOLUTE (__OC8Interrupt):ABSOLUTE (__DefaultInterrupt)
                  0x00006e          0x4 LONG 0x2908 DEFINED (__Interrupt45)?ABSOLUTE (__Interrupt45):ABSOLUTE (__DefaultInterrupt)
                  0x000070          0x4 LONG 0x2908 DEFINED (__DMA4Interrupt)?ABSOLUTE (__DMA4Interrupt):ABSOLUTE (__DefaultInterrupt)
                  0x000072          0x4 LONG 0x2908 DEFINED (__T6Interrupt)?ABSOLUTE (__T6Interrupt):ABSOLUTE (__DefaultInterrupt)
                  0x000074          0x4 LONG 0x2908 DEFINED (__T7Interrupt)?ABSOLUTE (__T7Interrupt):ABSOLUTE (__DefaultInterrupt)
                  0x000076          0x4 LONG 0x2908 DEFINED (__SI2C2Interrupt)?ABSOLUTE (__SI2C2Interrupt):ABSOLUTE (__DefaultInterrupt)
                  0x000078          0x4 LONG 0x2908 DEFINED (__MI2C2Interrupt)?ABSOLUTE (__MI2C2Interrupt):ABSOLUTE (__DefaultInterrupt)
                  0x00007a          0x4 LONG 0x2908 DEFINED (__T8Interrupt)?ABSOLUTE (__T8Interrupt):ABSOLUTE (__DefaultInterrupt)
                  0x00007c          0x4 LONG 0x2908 DEFINED (__T9Interrupt)?ABSOLUTE (__T9Interrupt):ABSOLUTE (__DefaultInterrupt)
                  0x00007e          0x4 LONG 0x2908 DEFINED (__INT3Interrupt)?ABSOLUTE (__INT3Interrupt):ABSOLUTE (__DefaultInterrupt)
                  0x000080          0x4 LONG 0x2908 DEFINED (__INT4Interrupt)?ABSOLUTE (__INT4Interrupt):ABSOLUTE (__DefaultInterrupt)
                  0x000082          0x4 LONG 0x2908 DEFINED (__Interrupt55)?ABSOLUTE (__Interrupt55):ABSOLUTE (__DefaultInterrupt)
                  0x000084          0x4 LONG 0x2908 DEFINED (__Interrupt56)?ABSOLUTE (__Interrupt56):ABSOLUTE (__DefaultInterrupt)
                  0x000086          0x4 LONG 0x2908 DEFINED (__Interrupt57)?ABSOLUTE (__Interrupt57):ABSOLUTE (__DefaultInterrupt)
                  0x000088          0x4 LONG 0x2908 DEFINED (__Interrupt58)?ABSOLUTE (__Interrupt58):ABSOLUTE (__DefaultInterrupt)
                  0x00008a          0x4 LONG 0x2908 DEFINED (__DCIErrInterrupt)?ABSOLUTE (__DCIErrInterrupt):ABSOLUTE (__DefaultInterrupt)
                  0x00008c          0x4 LONG 0x2908 DEFINED (__DCIInterrupt)?ABSOLUTE (__DCIInterrupt):ABSOLUTE (__DefaultInterrupt)
                  0x00008e          0x4 LONG 0x2908 DEFINED (__DMA5Interrupt)?ABSOLUTE (__DMA5Interrupt):ABSOLUTE (__DefaultInterrupt)
                  0x000090          0x4 LONG 0x2908 DEFINED (__Interrupt62)?ABSOLUTE (__Interrupt62):ABSOLUTE (__DefaultInterrupt)
                  0x000092          0x4 LONG 0x2908 DEFINED (__Interrupt63)?ABSOLUTE (__Interrupt63):ABSOLUTE (__DefaultInterrupt)
                  0x000094          0x4 LONG 0x2908 DEFINED (__Interrupt64)?ABSOLUTE (__Interrupt64):ABSOLUTE (__DefaultInterrupt)
                  0x000096          0x4 LONG 0x2908 DEFINED (__U1ErrInterrupt)?ABSOLUTE (__U1ErrInterrupt):ABSOLUTE (__DefaultInterrupt)
                  0x000098          0x4 LONG 0x2908 DEFINED (__U2ErrInterrupt)?ABSOLUTE (__U2ErrInterrupt):ABSOLUTE (__DefaultInterrupt)
                  0x00009a          0x4 LONG 0x2908 DEFINED (__Interrupt67)?ABSOLUTE (__Interrupt67):ABSOLUTE (__DefaultInterrupt)
                  0x00009c          0x4 LONG 0x2908 DEFINED (__DMA6Interrupt)?ABSOLUTE (__DMA6Interrupt):ABSOLUTE (__DefaultInterrupt)
                  0x00009e          0x4 LONG 0x2908 DEFINED (__DMA7Interrupt)?ABSOLUTE (__DMA7Interrupt):ABSOLUTE (__DefaultInterrupt)
                  0x0000a0          0x4 LONG 0x2908 DEFINED (__Interrupt70)?ABSOLUTE (__Interrupt70):ABSOLUTE (__DefaultInterrupt)
                  0x0000a2          0x4 LONG 0x2908 DEFINED (__Interrupt71)?ABSOLUTE (__Interrupt71):ABSOLUTE (__DefaultInterrupt)
                  0x0000a4          0x4 LONG 0x2908 DEFINED (__Interrupt72)?ABSOLUTE (__Interrupt72):ABSOLUTE (__DefaultInterrupt)
                  0x0000a6          0x4 LONG 0x2908 DEFINED (__Interrupt73)?ABSOLUTE (__Interrupt73):ABSOLUTE (__DefaultInterrupt)
                  0x0000a8          0x4 LONG 0x2908 DEFINED (__Interrupt74)?ABSOLUTE (__Interrupt74):ABSOLUTE (__DefaultInterrupt)
                  0x0000aa          0x4 LONG 0x2908 DEFINED (__Interrupt75)?ABSOLUTE (__Interrupt75):ABSOLUTE (__DefaultInterrupt)
                  0x0000ac          0x4 LONG 0x2908 DEFINED (__Interrupt76)?ABSOLUTE (__Interrupt76):ABSOLUTE (__DefaultInterrupt)
                  0x0000ae          0x4 LONG 0x2908 DEFINED (__Interrupt77)?ABSOLUTE (__Interrupt77):ABSOLUTE (__DefaultInterrupt)
                  0x0000b0          0x4 LONG 0x2908 DEFINED (__Interrupt78)?ABSOLUTE (__Interrupt78):ABSOLUTE (__DefaultInterrupt)
                  0x0000b2          0x4 LONG 0x2908 DEFINED (__Interrupt79)?ABSOLUTE (__Interrupt79):ABSOLUTE (__DefaultInterrupt)
                  0x0000b4          0x4 LONG 0x2908 DEFINED (__Interrupt80)?ABSOLUTE (__Interrupt80):ABSOLUTE (__DefaultInterrupt)
                  0x0000b6          0x4 LONG 0x2908 DEFINED (__Interrupt81)?ABSOLUTE (__Interrupt81):ABSOLUTE (__DefaultInterrupt)
                  0x0000b8          0x4 LONG 0x2908 DEFINED (__Interrupt82)?ABSOLUTE (__Interrupt82):ABSOLUTE (__DefaultInterrupt)
                  0x0000ba          0x4 LONG 0x2908 DEFINED (__Interrupt83)?ABSOLUTE (__Interrupt83):ABSOLUTE (__DefaultInterrupt)
                  0x0000bc          0x4 LONG 0x2908 DEFINED (__Interrupt84)?ABSOLUTE (__Interrupt84):ABSOLUTE (__DefaultInterrupt)
                  0x0000be          0x4 LONG 0x2908 DEFINED (__Interrupt85)?ABSOLUTE (__Interrupt85):ABSOLUTE (__DefaultInterrupt)
                  0x0000c0          0x4 LONG 0x2908 DEFINED (__Interrupt86)?ABSOLUTE (__Interrupt86):ABSOLUTE (__DefaultInterrupt)
                  0x0000c2          0x4 LONG 0x2908 DEFINED (__Interrupt87)?ABSOLUTE (__Interrupt87):ABSOLUTE (__DefaultInterrupt)
                  0x0000c4          0x4 LONG 0x2908 DEFINED (__Interrupt88)?ABSOLUTE (__Interrupt88):ABSOLUTE (__DefaultInterrupt)
                  0x0000c6          0x4 LONG 0x2908 DEFINED (__Interrupt89)?ABSOLUTE (__Interrupt89):ABSOLUTE (__DefaultInterrupt)
                  0x0000c8          0x4 LONG 0x2908 DEFINED (__Interrupt90)?ABSOLUTE (__Interrupt90):ABSOLUTE (__DefaultInterrupt)
                  0x0000ca          0x4 LONG 0x2908 DEFINED (__Interrupt91)?ABSOLUTE (__Interrupt91):ABSOLUTE (__DefaultInterrupt)
                  0x0000cc          0x4 LONG 0x2908 DEFINED (__Interrupt92)?ABSOLUTE (__Interrupt92):ABSOLUTE (__DefaultInterrupt)
                  0x0000ce          0x4 LONG 0x2908 DEFINED (__Interrupt93)?ABSOLUTE (__Interrupt93):ABSOLUTE (__DefaultInterrupt)
                  0x0000d0          0x4 LONG 0x2908 DEFINED (__Interrupt94)?ABSOLUTE (__Interrupt94):ABSOLUTE (__DefaultInterrupt)
                  0x0000d2          0x4 LONG 0x2908 DEFINED (__Interrupt95)?ABSOLUTE (__Interrupt95):ABSOLUTE (__DefaultInterrupt)
                  0x0000d4          0x4 LONG 0x2908 DEFINED (__Interrupt96)?ABSOLUTE (__Interrupt96):ABSOLUTE (__DefaultInterrupt)
                  0x0000d6          0x4 LONG 0x2908 DEFINED (__Interrupt97)?ABSOLUTE (__Interrupt97):ABSOLUTE (__DefaultInterrupt)
                  0x0000d8          0x4 LONG 0x2908 DEFINED (__Interrupt98)?ABSOLUTE (__Interrupt98):ABSOLUTE (__DefaultInterrupt)
                  0x0000da          0x4 LONG 0x2908 DEFINED (__Interrupt99)?ABSOLUTE (__Interrupt99):ABSOLUTE (__DefaultInterrupt)
                  0x0000dc          0x4 LONG 0x2908 DEFINED (__Interrupt100)?ABSOLUTE (__Interrupt100):ABSOLUTE (__DefaultInterrupt)
                  0x0000de          0x4 LONG 0x2908 DEFINED (__Interrupt101)?ABSOLUTE (__Interrupt101):ABSOLUTE (__DefaultInterrupt)
                  0x0000e0          0x4 LONG 0x2908 DEFINED (__Interrupt102)?ABSOLUTE (__Interrupt102):ABSOLUTE (__DefaultInterrupt)
                  0x0000e2          0x4 LONG 0x2908 DEFINED (__Interrupt103)?ABSOLUTE (__Interrupt103):ABSOLUTE (__DefaultInterrupt)
                  0x0000e4          0x4 LONG 0x2908 DEFINED (__Interrupt104)?ABSOLUTE (__Interrupt104):ABSOLUTE (__DefaultInterrupt)
                  0x0000e6          0x4 LONG 0x2908 DEFINED (__Interrupt105)?ABSOLUTE (__Interrupt105):ABSOLUTE (__DefaultInterrupt)
                  0x0000e8          0x4 LONG 0x2908 DEFINED (__Interrupt106)?ABSOLUTE (__Interrupt106):ABSOLUTE (__DefaultInterrupt)
                  0x0000ea          0x4 LONG 0x2908 DEFINED (__Interrupt107)?ABSOLUTE (__Interrupt107):ABSOLUTE (__DefaultInterrupt)
                  0x0000ec          0x4 LONG 0x2908 DEFINED (__Interrupt108)?ABSOLUTE (__Interrupt108):ABSOLUTE (__DefaultInterrupt)
                  0x0000ee          0x4 LONG 0x2908 DEFINED (__Interrupt109)?ABSOLUTE (__Interrupt109):ABSOLUTE (__DefaultInterrupt)
                  0x0000f0          0x4 LONG 0x2908 DEFINED (__Interrupt110)?ABSOLUTE (__Interrupt110):ABSOLUTE (__DefaultInterrupt)
                  0x0000f2          0x4 LONG 0x2908 DEFINED (__Interrupt111)?ABSOLUTE (__Interrupt111):ABSOLUTE (__DefaultInterrupt)
                  0x0000f4          0x4 LONG 0x2908 DEFINED (__Interrupt112)?ABSOLUTE (__Interrupt112):ABSOLUTE (__DefaultInterrupt)
                  0x0000f6          0x4 LONG 0x2908 DEFINED (__Interrupt113)?ABSOLUTE (__Interrupt113):ABSOLUTE (__DefaultInterrupt)
                  0x0000f8          0x4 LONG 0x2908 DEFINED (__Interrupt114)?ABSOLUTE (__Interrupt114):ABSOLUTE (__DefaultInterrupt)
                  0x0000fa          0x4 LONG 0x2908 DEFINED (__Interrupt115)?ABSOLUTE (__Interrupt115):ABSOLUTE (__DefaultInterrupt)
                  0x0000fc          0x4 LONG 0x2908 DEFINED (__Interrupt116)?ABSOLUTE (__Interrupt116):ABSOLUTE (__DefaultInterrupt)
                  0x0000fe          0x4 LONG 0x2908 DEFINED (__Interrupt117)?ABSOLUTE (__Interrupt117):ABSOLUTE (__DefaultInterrupt)

.aivt             0x000104         0xfc
                  0x000104          0x4 LONG 0x2908 DEFINED (__AltReservedTrap0)?ABSOLUTE (__AltReservedTrap0):DEFINED (__ReservedTrap0)?ABSOLUTE (__ReservedTrap0):ABSOLUTE (__DefaultInterrupt)
                  0x000106          0x4 LONG 0x2660 DEFINED (__AltOscillatorFail)?ABSOLUTE (__AltOscillatorFail):DEFINED (__OscillatorFail)?ABSOLUTE (__OscillatorFail):ABSOLUTE (__DefaultInterrupt)
                  0x000108          0x4 LONG 0x2684 DEFINED (__AltAddressError)?ABSOLUTE (__AltAddressError):DEFINED (__AddressError)?ABSOLUTE (__AddressError):ABSOLUTE (__DefaultInterrupt)
                  0x00010a          0x4 LONG 0x26a8 DEFINED (__AltStackError)?ABSOLUTE (__AltStackError):DEFINED (__StackError)?ABSOLUTE (__StackError):ABSOLUTE (__DefaultInterrupt)
                  0x00010c          0x4 LONG 0x26cc DEFINED (__AltMathError)?ABSOLUTE (__AltMathError):DEFINED (__MathError)?ABSOLUTE (__MathError):ABSOLUTE (__DefaultInterrupt)
                  0x00010e          0x4 LONG 0x26f0 DEFINED (__AltDMACError)?ABSOLUTE (__AltDMACError):DEFINED (__DMACError)?ABSOLUTE (__DMACError):ABSOLUTE (__DefaultInterrupt)
                  0x000110          0x4 LONG 0x2908 DEFINED (__AltReservedTrap6)?ABSOLUTE (__AltReservedTrap6):DEFINED (__ReservedTrap6)?ABSOLUTE (__ReservedTrap6):ABSOLUTE (__DefaultInterrupt)
                  0x000112          0x4 LONG 0x2908 DEFINED (__AltReservedTrap7)?ABSOLUTE (__AltReservedTrap7):DEFINED (__ReservedTrap7)?ABSOLUTE (__ReservedTrap7):ABSOLUTE (__DefaultInterrupt)
                  0x000114          0x4 LONG 0x2908 DEFINED (__AltINT0Interrupt)?ABSOLUTE (__AltINT0Interrupt):DEFINED (__INT0Interrupt)?ABSOLUTE (__INT0Interrupt):ABSOLUTE (__DefaultInterrupt)
                  0x000116          0x4 LONG 0x2908 DEFINED (__AltIC1Interrupt)?ABSOLUTE (__AltIC1Interrupt):DEFINED (__IC1Interrupt)?ABSOLUTE (__IC1Interrupt):ABSOLUTE (__DefaultInterrupt)
                  0x000118          0x4 LONG 0x2908 DEFINED (__AltOC1Interrupt)?ABSOLUTE (__AltOC1Interrupt):DEFINED (__OC1Interrupt)?ABSOLUTE (__OC1Interrupt):ABSOLUTE (__DefaultInterrupt)
                  0x00011a          0x4 LONG 0x2908 DEFINED (__AltT1Interrupt)?ABSOLUTE (__AltT1Interrupt):DEFINED (__T1Interrupt)?ABSOLUTE (__T1Interrupt):ABSOLUTE (__DefaultInterrupt)
                  0x00011c          0x4 LONG 0x243a DEFINED (__AltDMA0Interrupt)?ABSOLUTE (__AltDMA0Interrupt):DEFINED (__DMA0Interrupt)?ABSOLUTE (__DMA0Interrupt):ABSOLUTE (__DefaultInterrupt)
                  0x00011e          0x4 LONG 0x2908 DEFINED (__AltIC2Interrupt)?ABSOLUTE (__AltIC2Interrupt):DEFINED (__IC2Interrupt)?ABSOLUTE (__IC2Interrupt):ABSOLUTE (__DefaultInterrupt)
                  0x000120          0x4 LONG 0x2908 DEFINED (__AltOC2Interrupt)?ABSOLUTE (__AltOC2Interrupt):DEFINED (__OC2Interrupt)?ABSOLUTE (__OC2Interrupt):ABSOLUTE (__DefaultInterrupt)
                  0x000122          0x4 LONG 0x249a DEFINED (__AltT2Interrupt)?ABSOLUTE (__AltT2Interrupt):DEFINED (__T2Interrupt)?ABSOLUTE (__T2Interrupt):ABSOLUTE (__DefaultInterrupt)
                  0x000124          0x4 LONG 0x24c2 DEFINED (__AltT3Interrupt)?ABSOLUTE (__AltT3Interrupt):DEFINED (__T3Interrupt)?ABSOLUTE (__T3Interrupt):ABSOLUTE (__DefaultInterrupt)
                  0x000126          0x4 LONG 0x2908 DEFINED (__AltSPI1ErrInterrupt)?ABSOLUTE (__AltSPI1ErrInterrupt):DEFINED (__SPI1ErrInterrupt)?ABSOLUTE (__SPI1ErrInterrupt):ABSOLUTE (__DefaultInterrupt)
                  0x000128          0x4 LONG 0x2908 DEFINED (__AltSPI1Interrupt)?ABSOLUTE (__AltSPI1Interrupt):DEFINED (__SPI1Interrupt)?ABSOLUTE (__SPI1Interrupt):ABSOLUTE (__DefaultInterrupt)
                  0x00012a          0x4 LONG 0x28a8 DEFINED (__AltU1RXInterrupt)?ABSOLUTE (__AltU1RXInterrupt):DEFINED (__U1RXInterrupt)?ABSOLUTE (__U1RXInterrupt):ABSOLUTE (__DefaultInterrupt)
                  0x00012c          0x4 LONG 0x2908 DEFINED (__AltU1TXInterrupt)?ABSOLUTE (__AltU1TXInterrupt):DEFINED (__U1TXInterrupt)?ABSOLUTE (__U1TXInterrupt):ABSOLUTE (__DefaultInterrupt)
                  0x00012e          0x4 LONG 0x2402 DEFINED (__AltADC1Interrupt)?ABSOLUTE (__AltADC1Interrupt):DEFINED (__ADC1Interrupt)?ABSOLUTE (__ADC1Interrupt):ABSOLUTE (__DefaultInterrupt)
                  0x000130          0x4 LONG 0x2908 DEFINED (__AltDMA1Interrupt)?ABSOLUTE (__AltDMA1Interrupt):DEFINED (__DMA1Interrupt)?ABSOLUTE (__DMA1Interrupt):ABSOLUTE (__DefaultInterrupt)
                  0x000132          0x4 LONG 0x2908 DEFINED (__AltInterrupt15)?ABSOLUTE (__AltInterrupt15):DEFINED (__Interrupt15)?ABSOLUTE (__Interrupt15):ABSOLUTE (__DefaultInterrupt)
                  0x000134          0x4 LONG 0x2908 DEFINED (__AltSI2C1Interrupt)?ABSOLUTE (__AltSI2C1Interrupt):DEFINED (__SI2C1Interrupt)?ABSOLUTE (__SI2C1Interrupt):ABSOLUTE (__DefaultInterrupt)
                  0x000136          0x4 LONG 0x2908 DEFINED (__AltMI2C1Interrupt)?ABSOLUTE (__AltMI2C1Interrupt):DEFINED (__MI2C1Interrupt)?ABSOLUTE (__MI2C1Interrupt):ABSOLUTE (__DefaultInterrupt)
                  0x000138          0x4 LONG 0x2908 DEFINED (__AltInterrupt18)?ABSOLUTE (__AltInterrupt18):DEFINED (__Interrupt18)?ABSOLUTE (__Interrupt18):ABSOLUTE (__DefaultInterrupt)
                  0x00013a          0x4 LONG 0x2908 DEFINED (__AltCNInterrupt)?ABSOLUTE (__AltCNInterrupt):DEFINED (__CNInterrupt)?ABSOLUTE (__CNInterrupt):ABSOLUTE (__DefaultInterrupt)
                  0x00013c          0x4 LONG 0x2908 DEFINED (__AltINT1Interrupt)?ABSOLUTE (__AltINT1Interrupt):DEFINED (__INT1Interrupt)?ABSOLUTE (__INT1Interrupt):ABSOLUTE (__DefaultInterrupt)
                  0x00013e          0x4 LONG 0x2908 DEFINED (__AltInterrupt21)?ABSOLUTE (__AltInterrupt21):DEFINED (__Interrupt21)?ABSOLUTE (__Interrupt21):ABSOLUTE (__DefaultInterrupt)
                  0x000140          0x4 LONG 0x2908 DEFINED (__AltIC7Interrupt)?ABSOLUTE (__AltIC7Interrupt):DEFINED (__IC7Interrupt)?ABSOLUTE (__IC7Interrupt):ABSOLUTE (__DefaultInterrupt)
                  0x000142          0x4 LONG 0x2908 DEFINED (__AltIC8Interrupt)?ABSOLUTE (__AltIC8Interrupt):DEFINED (__IC8Interrupt)?ABSOLUTE (__IC8Interrupt):ABSOLUTE (__DefaultInterrupt)
                  0x000144          0x4 LONG 0x2908 DEFINED (__AltDMA2Interrupt)?ABSOLUTE (__AltDMA2Interrupt):DEFINED (__DMA2Interrupt)?ABSOLUTE (__DMA2Interrupt):ABSOLUTE (__DefaultInterrupt)
                  0x000146          0x4 LONG 0x2908 DEFINED (__AltOC3Interrupt)?ABSOLUTE (__AltOC3Interrupt):DEFINED (__OC3Interrupt)?ABSOLUTE (__OC3Interrupt):ABSOLUTE (__DefaultInterrupt)
                  0x000148          0x4 LONG 0x2908 DEFINED (__AltOC4Interrupt)?ABSOLUTE (__AltOC4Interrupt):DEFINED (__OC4Interrupt)?ABSOLUTE (__OC4Interrupt):ABSOLUTE (__DefaultInterrupt)
                  0x00014a          0x4 LONG 0x24ea DEFINED (__AltT4Interrupt)?ABSOLUTE (__AltT4Interrupt):DEFINED (__T4Interrupt)?ABSOLUTE (__T4Interrupt):ABSOLUTE (__DefaultInterrupt)
                  0x00014c          0x4 LONG 0x2516 DEFINED (__AltT5Interrupt)?ABSOLUTE (__AltT5Interrupt):DEFINED (__T5Interrupt)?ABSOLUTE (__T5Interrupt):ABSOLUTE (__DefaultInterrupt)
                  0x00014e          0x4 LONG 0x2908 DEFINED (__AltINT2Interrupt)?ABSOLUTE (__AltINT2Interrupt):DEFINED (__INT2Interrupt)?ABSOLUTE (__INT2Interrupt):ABSOLUTE (__DefaultInterrupt)
                  0x000150          0x4 LONG 0x2716 DEFINED (__AltU2RXInterrupt)?ABSOLUTE (__AltU2RXInterrupt):DEFINED (__U2RXInterrupt)?ABSOLUTE (__U2RXInterrupt):ABSOLUTE (__DefaultInterrupt)
                  0x000152          0x4 LONG 0x282c DEFINED (__AltU2TXInterrupt)?ABSOLUTE (__AltU2TXInterrupt):DEFINED (__U2TXInterrupt)?ABSOLUTE (__U2TXInterrupt):ABSOLUTE (__DefaultInterrupt)
                  0x000154          0x4 LONG 0x2908 DEFINED (__AltSPI2ErrInterrupt)?ABSOLUTE (__AltSPI2ErrInterrupt):DEFINED (__SPI2ErrInterrupt)?ABSOLUTE (__SPI2ErrInterrupt):ABSOLUTE (__DefaultInterrupt)
                  0x000156          0x4 LONG 0x2908 DEFINED (__AltSPI2Interrupt)?ABSOLUTE (__AltSPI2Interrupt):DEFINED (__SPI2Interrupt)?ABSOLUTE (__SPI2Interrupt):ABSOLUTE (__DefaultInterrupt)
                  0x000158          0x4 LONG 0x2908 DEFINED (__AltInterrupt34)?ABSOLUTE (__AltInterrupt34):DEFINED (__Interrupt34)?ABSOLUTE (__Interrupt34):ABSOLUTE (__DefaultInterrupt)
                  0x00015a          0x4 LONG 0x2908 DEFINED (__AltInterrupt35)?ABSOLUTE (__AltInterrupt35):DEFINED (__Interrupt35)?ABSOLUTE (__Interrupt35):ABSOLUTE (__DefaultInterrupt)
                  0x00015c          0x4 LONG 0x2908 DEFINED (__AltDMA3Interrupt)?ABSOLUTE (__AltDMA3Interrupt):DEFINED (__DMA3Interrupt)?ABSOLUTE (__DMA3Interrupt):ABSOLUTE (__DefaultInterrupt)
                  0x00015e          0x4 LONG 0x2908 DEFINED (__AltIC3Interrupt)?ABSOLUTE (__AltIC3Interrupt):DEFINED (__IC3Interrupt)?ABSOLUTE (__IC3Interrupt):ABSOLUTE (__DefaultInterrupt)
                  0x000160          0x4 LONG 0x2908 DEFINED (__AltIC4Interrupt)?ABSOLUTE (__AltIC4Interrupt):DEFINED (__IC4Interrupt)?ABSOLUTE (__IC4Interrupt):ABSOLUTE (__DefaultInterrupt)
                  0x000162          0x4 LONG 0x2908 DEFINED (__AltIC5Interrupt)?ABSOLUTE (__AltIC5Interrupt):DEFINED (__IC5Interrupt)?ABSOLUTE (__IC5Interrupt):ABSOLUTE (__DefaultInterrupt)
                  0x000164          0x4 LONG 0x2908 DEFINED (__AltIC6Interrupt)?ABSOLUTE (__AltIC6Interrupt):DEFINED (__IC6Interrupt)?ABSOLUTE (__IC6Interrupt):ABSOLUTE (__DefaultInterrupt)
                  0x000166          0x4 LONG 0x2908 DEFINED (__AltOC5Interrupt)?ABSOLUTE (__AltOC5Interrupt):DEFINED (__OC5Interrupt)?ABSOLUTE (__OC5Interrupt):ABSOLUTE (__DefaultInterrupt)
                  0x000168          0x4 LONG 0x2908 DEFINED (__AltOC6Interrupt)?ABSOLUTE (__AltOC6Interrupt):DEFINED (__OC6Interrupt)?ABSOLUTE (__OC6Interrupt):ABSOLUTE (__DefaultInterrupt)
                  0x00016a          0x4 LONG 0x2908 DEFINED (__AltOC7Interrupt)?ABSOLUTE (__AltOC7Interrupt):DEFINED (__OC7Interrupt)?ABSOLUTE (__OC7Interrupt):ABSOLUTE (__DefaultInterrupt)
                  0x00016c          0x4 LONG 0x2908 DEFINED (__AltOC8Interrupt)?ABSOLUTE (__AltOC8Interrupt):DEFINED (__OC8Interrupt)?ABSOLUTE (__OC8Interrupt):ABSOLUTE (__DefaultInterrupt)
                  0x00016e          0x4 LONG 0x2908 DEFINED (__AltInterrupt45)?ABSOLUTE (__AltInterrupt45):DEFINED (__Interrupt45)?ABSOLUTE (__Interrupt45):ABSOLUTE (__DefaultInterrupt)
                  0x000170          0x4 LONG 0x2908 DEFINED (__AltDMA4Interrupt)?ABSOLUTE (__AltDMA4Interrupt):DEFINED (__DMA4Interrupt)?ABSOLUTE (__DMA4Interrupt):ABSOLUTE (__DefaultInterrupt)
                  0x000172          0x4 LONG 0x2908 DEFINED (__AltT6Interrupt)?ABSOLUTE (__AltT6Interrupt):DEFINED (__T6Interrupt)?ABSOLUTE (__T6Interrupt):ABSOLUTE (__DefaultInterrupt)
                  0x000174          0x4 LONG 0x2908 DEFINED (__AltT7Interrupt)?ABSOLUTE (__AltT7Interrupt):DEFINED (__T7Interrupt)?ABSOLUTE (__T7Interrupt):ABSOLUTE (__DefaultInterrupt)
                  0x000176          0x4 LONG 0x2908 DEFINED (__AltSI2C2Interrupt)?ABSOLUTE (__AltSI2C2Interrupt):DEFINED (__SI2C2Interrupt)?ABSOLUTE (__SI2C2Interrupt):ABSOLUTE (__DefaultInterrupt)
                  0x000178          0x4 LONG 0x2908 DEFINED (__AltMI2C2Interrupt)?ABSOLUTE (__AltMI2C2Interrupt):DEFINED (__MI2C2Interrupt)?ABSOLUTE (__MI2C2Interrupt):ABSOLUTE (__DefaultInterrupt)
                  0x00017a          0x4 LONG 0x2908 DEFINED (__AltT8Interrupt)?ABSOLUTE (__AltT8Interrupt):DEFINED (__T8Interrupt)?ABSOLUTE (__T8Interrupt):ABSOLUTE (__DefaultInterrupt)
                  0x00017c          0x4 LONG 0x2908 DEFINED (__AltT9Interrupt)?ABSOLUTE (__AltT9Interrupt):DEFINED (__T9Interrupt)?ABSOLUTE (__T9Interrupt):ABSOLUTE (__DefaultInterrupt)
                  0x00017e          0x4 LONG 0x2908 DEFINED (__AltINT3Interrupt)?ABSOLUTE (__AltINT3Interrupt):DEFINED (__INT3Interrupt)?ABSOLUTE (__INT3Interrupt):ABSOLUTE (__DefaultInterrupt)
                  0x000180          0x4 LONG 0x2908 DEFINED (__AltINT4Interrupt)?ABSOLUTE (__AltINT4Interrupt):DEFINED (__INT4Interrupt)?ABSOLUTE (__INT4Interrupt):ABSOLUTE (__DefaultInterrupt)
                  0x000182          0x4 LONG 0x2908 DEFINED (__AltInterrupt55)?ABSOLUTE (__AltInterrupt55):DEFINED (__Interrupt55)?ABSOLUTE (__Interrupt55):ABSOLUTE (__DefaultInterrupt)
                  0x000184          0x4 LONG 0x2908 DEFINED (__AltInterrupt56)?ABSOLUTE (__AltInterrupt56):DEFINED (__Interrupt56)?ABSOLUTE (__Interrupt56):ABSOLUTE (__DefaultInterrupt)
                  0x000186          0x4 LONG 0x2908 DEFINED (__AltInterrupt57)?ABSOLUTE (__AltInterrupt57):DEFINED (__Interrupt57)?ABSOLUTE (__Interrupt57):ABSOLUTE (__DefaultInterrupt)
                  0x000188          0x4 LONG 0x2908 DEFINED (__AltInterrupt58)?ABSOLUTE (__AltInterrupt58):DEFINED (__Interrupt58)?ABSOLUTE (__Interrupt58):ABSOLUTE (__DefaultInterrupt)
                  0x00018a          0x4 LONG 0x2908 DEFINED (__AltDCIErrInterrupt)?ABSOLUTE (__AltDCIErrInterrupt):DEFINED (__DCIErrInterrupt)?ABSOLUTE (__DCIErrInterrupt):ABSOLUTE (__DefaultInterrupt)
                  0x00018c          0x4 LONG 0x2908 DEFINED (__AltDCIInterrupt)?ABSOLUTE (__AltDCIInterrupt):DEFINED (__DCIInterrupt)?ABSOLUTE (__DCIInterrupt):ABSOLUTE (__DefaultInterrupt)
                  0x00018e          0x4 LONG 0x2908 DEFINED (__AltDMA5Interrupt)?ABSOLUTE (__AltDMA5Interrupt):DEFINED (__DMA5Interrupt)?ABSOLUTE (__DMA5Interrupt):ABSOLUTE (__DefaultInterrupt)
                  0x000190          0x4 LONG 0x2908 DEFINED (__AltInterrupt62)?ABSOLUTE (__AltInterrupt62):DEFINED (__Interrupt62)?ABSOLUTE (__Interrupt62):ABSOLUTE (__DefaultInterrupt)
                  0x000192          0x4 LONG 0x2908 DEFINED (__AltInterrupt63)?ABSOLUTE (__AltInterrupt63):DEFINED (__Interrupt63)?ABSOLUTE (__Interrupt63):ABSOLUTE (__DefaultInterrupt)
                  0x000194          0x4 LONG 0x2908 DEFINED (__AltInterrupt64)?ABSOLUTE (__AltInterrupt64):DEFINED (__Interrupt64)?ABSOLUTE (__Interrupt64):ABSOLUTE (__DefaultInterrupt)
                  0x000196          0x4 LONG 0x2908 DEFINED (__AltU1ErrInterrupt)?ABSOLUTE (__AltU1ErrInterrupt):DEFINED (__U1ErrInterrupt)?ABSOLUTE (__U1ErrInterrupt):ABSOLUTE (__DefaultInterrupt)
                  0x000198          0x4 LONG 0x2908 DEFINED (__AltU2ErrInterrupt)?ABSOLUTE (__AltU2ErrInterrupt):DEFINED (__U2ErrInterrupt)?ABSOLUTE (__U2ErrInterrupt):ABSOLUTE (__DefaultInterrupt)
                  0x00019a          0x4 LONG 0x2908 DEFINED (__AltInterrupt67)?ABSOLUTE (__AltInterrupt67):DEFINED (__Interrupt67)?ABSOLUTE (__Interrupt67):ABSOLUTE (__DefaultInterrupt)
                  0x00019c          0x4 LONG 0x2908 DEFINED (__AltDMA6Interrupt)?ABSOLUTE (__AltDMA6Interrupt):DEFINED (__DMA6Interrupt)?ABSOLUTE (__DMA6Interrupt):ABSOLUTE (__DefaultInterrupt)
                  0x00019e          0x4 LONG 0x2908 DEFINED (__AltDMA7Interrupt)?ABSOLUTE (__AltDMA7Interrupt):DEFINED (__DMA7Interrupt)?ABSOLUTE (__DMA7Interrupt):ABSOLUTE (__DefaultInterrupt)
                  0x0001a0          0x4 LONG 0x2908 DEFINED (__AltInterrupt70)?ABSOLUTE (__AltInterrupt70):DEFINED (__Interrupt70)?ABSOLUTE (__Interrupt70):ABSOLUTE (__DefaultInterrupt)
                  0x0001a2          0x4 LONG 0x2908 DEFINED (__AltInterrupt71)?ABSOLUTE (__AltInterrupt71):DEFINED (__Interrupt71)?ABSOLUTE (__Interrupt71):ABSOLUTE (__DefaultInterrupt)
                  0x0001a4          0x4 LONG 0x2908 DEFINED (__AltInterrupt72)?ABSOLUTE (__AltInterrupt72):DEFINED (__Interrupt72)?ABSOLUTE (__Interrupt72):ABSOLUTE (__DefaultInterrupt)
                  0x0001a6          0x4 LONG 0x2908 DEFINED (__AltInterrupt73)?ABSOLUTE (__AltInterrupt73):DEFINED (__Interrupt73)?ABSOLUTE (__Interrupt73):ABSOLUTE (__DefaultInterrupt)
                  0x0001a8          0x4 LONG 0x2908 DEFINED (__AltInterrupt74)?ABSOLUTE (__AltInterrupt74):DEFINED (__Interrupt74)?ABSOLUTE (__Interrupt74):ABSOLUTE (__DefaultInterrupt)
                  0x0001aa          0x4 LONG 0x2908 DEFINED (__AltInterrupt75)?ABSOLUTE (__AltInterrupt75):DEFINED (__Interrupt75)?ABSOLUTE (__Interrupt75):ABSOLUTE (__DefaultInterrupt)
                  0x0001ac          0x4 LONG 0x2908 DEFINED (__AltInterrupt76)?ABSOLUTE (__AltInterrupt76):DEFINED (__Interrupt76)?ABSOLUTE (__Interrupt76):ABSOLUTE (__DefaultInterrupt)
                  0x0001ae          0x4 LONG 0x2908 DEFINED (__AltInterrupt77)?ABSOLUTE (__AltInterrupt77):DEFINED (__Interrupt77)?ABSOLUTE (__Interrupt77):ABSOLUTE (__DefaultInterrupt)
                  0x0001b0          0x4 LONG 0x2908 DEFINED (__AltInterrupt78)?ABSOLUTE (__AltInterrupt78):DEFINED (__Interrupt78)?ABSOLUTE (__Interrupt78):ABSOLUTE (__DefaultInterrupt)
                  0x0001b2          0x4 LONG 0x2908 DEFINED (__AltInterrupt79)?ABSOLUTE (__AltInterrupt79):DEFINED (__Interrupt79)?ABSOLUTE (__Interrupt79):ABSOLUTE (__DefaultInterrupt)
                  0x0001b4          0x4 LONG 0x2908 DEFINED (__AltInterrupt80)?ABSOLUTE (__AltInterrupt80):DEFINED (__Interrupt80)?ABSOLUTE (__Interrupt80):ABSOLUTE (__DefaultInterrupt)
                  0x0001b6          0x4 LONG 0x2908 DEFINED (__AltInterrupt81)?ABSOLUTE (__AltInterrupt81):DEFINED (__Interrupt81)?ABSOLUTE (__Interrupt81):ABSOLUTE (__DefaultInterrupt)
                  0x0001b8          0x4 LONG 0x2908 DEFINED (__AltInterrupt82)?ABSOLUTE (__AltInterrupt82):DEFINED (__Interrupt82)?ABSOLUTE (__Interrupt82):ABSOLUTE (__DefaultInterrupt)
                  0x0001ba          0x4 LONG 0x2908 DEFINED (__AltInterrupt83)?ABSOLUTE (__AltInterrupt83):DEFINED (__Interrupt83)?ABSOLUTE (__Interrupt83):ABSOLUTE (__DefaultInterrupt)
                  0x0001bc          0x4 LONG 0x2908 DEFINED (__AltInterrupt84)?ABSOLUTE (__AltInterrupt84):DEFINED (__Interrupt84)?ABSOLUTE (__Interrupt84):ABSOLUTE (__DefaultInterrupt)
                  0x0001be          0x4 LONG 0x2908 DEFINED (__AltInterrupt85)?ABSOLUTE (__AltInterrupt85):DEFINED (__Interrupt85)?ABSOLUTE (__Interrupt85):ABSOLUTE (__DefaultInterrupt)
                  0x0001c0          0x4 LONG 0x2908 DEFINED (__AltInterrupt86)?ABSOLUTE (__AltInterrupt86):DEFINED (__Interrupt86)?ABSOLUTE (__Interrupt86):ABSOLUTE (__DefaultInterrupt)
                  0x0001c2          0x4 LONG 0x2908 DEFINED (__AltInterrupt87)?ABSOLUTE (__AltInterrupt87):DEFINED (__Interrupt87)?ABSOLUTE (__Interrupt87):ABSOLUTE (__DefaultInterrupt)
                  0x0001c4          0x4 LONG 0x2908 DEFINED (__AltInterrupt88)?ABSOLUTE (__AltInterrupt88):DEFINED (__Interrupt88)?ABSOLUTE (__Interrupt88):ABSOLUTE (__DefaultInterrupt)
                  0x0001c6          0x4 LONG 0x2908 DEFINED (__AltInterrupt89)?ABSOLUTE (__AltInterrupt89):DEFINED (__Interrupt89)?ABSOLUTE (__Interrupt89):ABSOLUTE (__DefaultInterrupt)
                  0x0001c8          0x4 LONG 0x2908 DEFINED (__AltInterrupt90)?ABSOLUTE (__AltInterrupt90):DEFINED (__Interrupt90)?ABSOLUTE (__Interrupt90):ABSOLUTE (__DefaultInterrupt)
                  0x0001ca          0x4 LONG 0x2908 DEFINED (__AltInterrupt91)?ABSOLUTE (__AltInterrupt91):DEFINED (__Interrupt91)?ABSOLUTE (__Interrupt91):ABSOLUTE (__DefaultInterrupt)
                  0x0001cc          0x4 LONG 0x2908 DEFINED (__AltInterrupt92)?ABSOLUTE (__AltInterrupt92):DEFINED (__Interrupt92)?ABSOLUTE (__Interrupt92):ABSOLUTE (__DefaultInterrupt)
                  0x0001ce          0x4 LONG 0x2908 DEFINED (__AltInterrupt93)?ABSOLUTE (__AltInterrupt93):DEFINED (__Interrupt93)?ABSOLUTE (__Interrupt93):ABSOLUTE (__DefaultInterrupt)
                  0x0001d0          0x4 LONG 0x2908 DEFINED (__AltInterrupt94)?ABSOLUTE (__AltInterrupt94):DEFINED (__Interrupt94)?ABSOLUTE (__Interrupt94):ABSOLUTE (__DefaultInterrupt)
                  0x0001d2          0x4 LONG 0x2908 DEFINED (__AltInterrupt95)?ABSOLUTE (__AltInterrupt95):DEFINED (__Interrupt95)?ABSOLUTE (__Interrupt95):ABSOLUTE (__DefaultInterrupt)
                  0x0001d4          0x4 LONG 0x2908 DEFINED (__AltInterrupt96)?ABSOLUTE (__AltInterrupt96):DEFINED (__Interrupt96)?ABSOLUTE (__Interrupt96):ABSOLUTE (__DefaultInterrupt)
                  0x0001d6          0x4 LONG 0x2908 DEFINED (__AltInterrupt97)?ABSOLUTE (__AltInterrupt97):DEFINED (__Interrupt97)?ABSOLUTE (__Interrupt97):ABSOLUTE (__DefaultInterrupt)
                  0x0001d8          0x4 LONG 0x2908 DEFINED (__AltInterrupt98)?ABSOLUTE (__AltInterrupt98):DEFINED (__Interrupt98)?ABSOLUTE (__Interrupt98):ABSOLUTE (__DefaultInterrupt)
                  0x0001da          0x4 LONG 0x2908 DEFINED (__AltInterrupt99)?ABSOLUTE (__AltInterrupt99):DEFINED (__Interrupt99)?ABSOLUTE (__Interrupt99):ABSOLUTE (__DefaultInterrupt)
                  0x0001dc          0x4 LONG 0x2908 DEFINED (__AltInterrupt100)?ABSOLUTE (__AltInterrupt100):DEFINED (__Interrupt100)?ABSOLUTE (__Interrupt100):ABSOLUTE (__DefaultInterrupt)
                  0x0001de          0x4 LONG 0x2908 DEFINED (__AltInterrupt101)?ABSOLUTE (__AltInterrupt101):DEFINED (__Interrupt101)?ABSOLUTE (__Interrupt101):ABSOLUTE (__DefaultInterrupt)
                  0x0001e0          0x4 LONG 0x2908 DEFINED (__AltInterrupt102)?ABSOLUTE (__AltInterrupt102):DEFINED (__Interrupt102)?ABSOLUTE (__Interrupt102):ABSOLUTE (__DefaultInterrupt)
                  0x0001e2          0x4 LONG 0x2908 DEFINED (__AltInterrupt103)?ABSOLUTE (__AltInterrupt103):DEFINED (__Interrupt103)?ABSOLUTE (__Interrupt103):ABSOLUTE (__DefaultInterrupt)
                  0x0001e4          0x4 LONG 0x2908 DEFINED (__AltInterrupt104)?ABSOLUTE (__AltInterrupt104):DEFINED (__Interrupt104)?ABSOLUTE (__Interrupt104):ABSOLUTE (__DefaultInterrupt)
                  0x0001e6          0x4 LONG 0x2908 DEFINED (__AltInterrupt105)?ABSOLUTE (__AltInterrupt105):DEFINED (__Interrupt105)?ABSOLUTE (__Interrupt105):ABSOLUTE (__DefaultInterrupt)
                  0x0001e8          0x4 LONG 0x2908 DEFINED (__AltInterrupt106)?ABSOLUTE (__AltInterrupt106):DEFINED (__Interrupt106)?ABSOLUTE (__Interrupt106):ABSOLUTE (__DefaultInterrupt)
                  0x0001ea          0x4 LONG 0x2908 DEFINED (__AltInterrupt107)?ABSOLUTE (__AltInterrupt107):DEFINED (__Interrupt107)?ABSOLUTE (__Interrupt107):ABSOLUTE (__DefaultInterrupt)
                  0x0001ec          0x4 LONG 0x2908 DEFINED (__AltInterrupt108)?ABSOLUTE (__AltInterrupt108):DEFINED (__Interrupt108)?ABSOLUTE (__Interrupt108):ABSOLUTE (__DefaultInterrupt)
                  0x0001ee          0x4 LONG 0x2908 DEFINED (__AltInterrupt109)?ABSOLUTE (__AltInterrupt109):DEFINED (__Interrupt109)?ABSOLUTE (__Interrupt109):ABSOLUTE (__DefaultInterrupt)
                  0x0001f0          0x4 LONG 0x2908 DEFINED (__AltInterrupt110)?ABSOLUTE (__AltInterrupt110):DEFINED (__Interrupt110)?ABSOLUTE (__Interrupt110):ABSOLUTE (__DefaultInterrupt)
                  0x0001f2          0x4 LONG 0x2908 DEFINED (__AltInterrupt111)?ABSOLUTE (__AltInterrupt111):DEFINED (__Interrupt111)?ABSOLUTE (__Interrupt111):ABSOLUTE (__DefaultInterrupt)
                  0x0001f4          0x4 LONG 0x2908 DEFINED (__AltInterrupt112)?ABSOLUTE (__AltInterrupt112):DEFINED (__Interrupt112)?ABSOLUTE (__Interrupt112):ABSOLUTE (__DefaultInterrupt)
                  0x0001f6          0x4 LONG 0x2908 DEFINED (__AltInterrupt113)?ABSOLUTE (__AltInterrupt113):DEFINED (__Interrupt113)?ABSOLUTE (__Interrupt113):ABSOLUTE (__DefaultInterrupt)
                  0x0001f8          0x4 LONG 0x2908 DEFINED (__AltInterrupt114)?ABSOLUTE (__AltInterrupt114):DEFINED (__Interrupt114)?ABSOLUTE (__Interrupt114):ABSOLUTE (__DefaultInterrupt)
                  0x0001fa          0x4 LONG 0x2908 DEFINED (__AltInterrupt115)?ABSOLUTE (__AltInterrupt115):DEFINED (__Interrupt115)?ABSOLUTE (__Interrupt115):ABSOLUTE (__DefaultInterrupt)
                  0x0001fc          0x4 LONG 0x2908 DEFINED (__AltInterrupt116)?ABSOLUTE (__AltInterrupt116):DEFINED (__Interrupt116)?ABSOLUTE (__Interrupt116):ABSOLUTE (__DefaultInterrupt)
                  0x0001fe          0x4 LONG 0x2908 DEFINED (__AltInterrupt117)?ABSOLUTE (__AltInterrupt117):DEFINED (__Interrupt117)?ABSOLUTE (__Interrupt117):ABSOLUTE (__DefaultInterrupt)
                    0x0000                  WREG0 = 0x0
                    0x0000                  _WREG0 = 0x0
                    0x0002                  WREG1 = 0x2
                    0x0002                  _WREG1 = 0x2
                    0x0004                  WREG2 = 0x4
                    0x0004                  _WREG2 = 0x4
                    0x0006                  WREG3 = 0x6
                    0x0006                  _WREG3 = 0x6
                    0x0008                  WREG4 = 0x8
                    0x0008                  _WREG4 = 0x8
                    0x000a                  WREG5 = 0xa
                    0x000a                  _WREG5 = 0xa
                    0x000c                  WREG6 = 0xc
                    0x000c                  _WREG6 = 0xc
                    0x000e                  WREG7 = 0xe
                    0x000e                  _WREG7 = 0xe
                    0x0010                  WREG8 = 0x10
                    0x0010                  _WREG8 = 0x10
                    0x0012                  WREG9 = 0x12
                    0x0012                  _WREG9 = 0x12
                    0x0014                  WREG10 = 0x14
                    0x0014                  _WREG10 = 0x14
                    0x0016                  WREG11 = 0x16
                    0x0016                  _WREG11 = 0x16
                    0x0018                  WREG12 = 0x18
                    0x0018                  _WREG12 = 0x18
                    0x001a                  WREG13 = 0x1a
                    0x001a                  _WREG13 = 0x1a
                    0x001c                  WREG14 = 0x1c
                    0x001c                  _WREG14 = 0x1c
                    0x001e                  WREG15 = 0x1e
                    0x001e                  _WREG15 = 0x1e
                    0x0020                  SPLIM = 0x20
                    0x0020                  _SPLIM = 0x20
                    0x002e                  PCL = 0x2e
                    0x002e                  _PCL = 0x2e
                    0x0030                  PCH = 0x30
                    0x0030                  _PCH = 0x30
                    0x0032                  TBLPAG = 0x32
                    0x0032                  _TBLPAG = 0x32
                    0x0034                  PSVPAG = 0x34
                    0x0034                  _PSVPAG = 0x34
                    0x0036                  RCOUNT = 0x36
                    0x0036                  _RCOUNT = 0x36
                    0x0042                  SR = 0x42
                    0x0042                  _SR = 0x42
                    0x0042                  _SRbits = 0x42
                    0x0044                  CORCON = 0x44
                    0x0044                  _CORCON = 0x44
                    0x0044                  _CORCONbits = 0x44
                    0x0052                  DISICNT = 0x52
                    0x0052                  _DISICNT = 0x52
                    0x0060                  CNEN1 = 0x60
                    0x0060                  _CNEN1 = 0x60
                    0x0060                  _CNEN1bits = 0x60
                    0x0062                  CNEN2 = 0x62
                    0x0062                  _CNEN2 = 0x62
                    0x0062                  _CNEN2bits = 0x62
                    0x0068                  CNPU1 = 0x68
                    0x0068                  _CNPU1 = 0x68
                    0x0068                  _CNPU1bits = 0x68
                    0x006a                  CNPU2 = 0x6a
                    0x006a                  _CNPU2 = 0x6a
                    0x006a                  _CNPU2bits = 0x6a
                    0x0080                  INTCON1 = 0x80
                    0x0080                  _INTCON1 = 0x80
                    0x0080                  _INTCON1bits = 0x80
                    0x0082                  INTCON2 = 0x82
                    0x0082                  _INTCON2 = 0x82
                    0x0082                  _INTCON2bits = 0x82
                    0x0084                  IFS0 = 0x84
                    0x0084                  _IFS0 = 0x84
                    0x0084                  _IFS0bits = 0x84
                    0x0086                  IFS1 = 0x86
                    0x0086                  _IFS1 = 0x86
                    0x0086                  _IFS1bits = 0x86
                    0x0088                  IFS2 = 0x88
                    0x0088                  _IFS2 = 0x88
                    0x0088                  _IFS2bits = 0x88
                    0x008a                  IFS3 = 0x8a
                    0x008a                  _IFS3 = 0x8a
                    0x008a                  _IFS3bits = 0x8a
                    0x008c                  IFS4 = 0x8c
                    0x008c                  _IFS4 = 0x8c
                    0x008c                  _IFS4bits = 0x8c
                    0x0094                  IEC0 = 0x94
                    0x0094                  _IEC0 = 0x94
                    0x0094                  _IEC0bits = 0x94
                    0x0096                  IEC1 = 0x96
                    0x0096                  _IEC1 = 0x96
                    0x0096                  _IEC1bits = 0x96
                    0x0098                  IEC2 = 0x98
                    0x0098                  _IEC2 = 0x98
                    0x0098                  _IEC2bits = 0x98
                    0x009a                  IEC3 = 0x9a
                    0x009a                  _IEC3 = 0x9a
                    0x009a                  _IEC3bits = 0x9a
                    0x009c                  IEC4 = 0x9c
                    0x009c                  _IEC4 = 0x9c
                    0x009c                  _IEC4bits = 0x9c
                    0x00a4                  IPC0 = 0xa4
                    0x00a4                  _IPC0 = 0xa4
                    0x00a4                  _IPC0bits = 0xa4
                    0x00a6                  IPC1 = 0xa6
                    0x00a6                  _IPC1 = 0xa6
                    0x00a6                  _IPC1bits = 0xa6
                    0x00a8                  IPC2 = 0xa8
                    0x00a8                  _IPC2 = 0xa8
                    0x00a8                  _IPC2bits = 0xa8
                    0x00aa                  IPC3 = 0xaa
                    0x00aa                  _IPC3 = 0xaa
                    0x00aa                  _IPC3bits = 0xaa