Microchip Technology Inc, vv3_31 (A) 

Tool Name:
  c:\program files\microchip\mplabc30\v3.31\bin\bin\..\bin/pic30-coff-ld.exe

Command:
  -p24HJ256GP210 \
  -oMain.cof \
  -Lc:/program files/microchip/mplabc30/v3.31/bin/bin/.. \
  -Lc:/program files/microchip/mplabc30/v3.31/bin/bin/../../lib \
  -Lc:/program files/microchip/mplabc30/v3.31/bin/bin/../../lib/PIC24E \
  -Lc:/program files/microchip/mplabc30/v3.31/bin/bin/../../support/PIC24E/gld \
  -Lc:/program files/microchip/mplabc30/v3.31/bin/bin/../../lib/PIC24F \
  -Lc:/program files/microchip/mplabc30/v3.31/bin/bin/../../support/PIC24F/gld \
  -Lc:/program files/microchip/mplabc30/v3.31/bin/bin/../../lib/PIC24H \
  -Lc:/program files/microchip/mplabc30/v3.31/bin/bin/../../support/PIC24H/gld \
  -Lc:/program files/microchip/mplabc30/v3.31/bin/bin/../../lib/dsPIC30F \
  -Lc:/program files/microchip/mplabc30/v3.31/bin/bin/../../support/dsPIC30F/gld \
  -Lc:/program files/microchip/mplabc30/v3.31/bin/bin/../../lib/dsPIC33E \
  -Lc:/program files/microchip/mplabc30/v3.31/bin/bin/../../support/dsPIC33E/gld \
  -Lc:/program files/microchip/mplabc30/v3.31/bin/bin/../../lib/dsPIC33F \
  -Lc:/program files/microchip/mplabc30/v3.31/bin/bin/../../support/dsPIC33F/gld \
  write.o \
  adc.o \
  com_two.o \
  comdat.o \
  dallas.o \
  delay.o \
  dfile.o \
  dumfile.o \
  eeprom.o \
  esquared.o \
  grndchck.o \
  CPURegisterTest.o \
  PcTest.o \
  i2c_1.o \
  i2c_2.o \
  init_ADC.o \
  init_DMA.o \
  init_ports.o \
  init_timer.o \
  isr_ADC.o \
  isr_DMA.o \
  isr_timer.o \
  jumpers.o \
  modbus.o \
  modcmd.o \
  modfrc.o \
  modreg.o \
  nvsystem.o \
  nvtruck.o \
  optic2.o \
  optic5.o \
  permit.o \
  pod.o \
  printout.o \
  shorts.o \
  sim.o \
  specops.o \
  thermist.o \
  traps.o \
  trukstat.o \
  build_date.o \
  tim_utl.o \
  spi_mpol.o \
  spi_eeprom.o \
  memory.o \
  uart.o \
  isr_uart.o \
  march_tst.o \
  null_signature.o \
  crt0_standard.o \
  memory_test.o \
  test_function.o \
  main.o \
  deadman.o \
  -LC:\Program Files\Microchip\MPLAB C30\lib \
  -LC:\Program Files\Microchip\MPLAB C30\lib\PIC24H \
  -LC:\Program Files\Microchip\mplabc30\v3.31\lib \
  -LC:\Program Files\Microchip\mplabc30\v3.31\lib\PIC24H \
  -Tintellitrol.gld.00 \
  --defsym=__MPLAB_BUILD=1 \
  --heap=1024 \
  --stack=1024 \
  -Map=Main.map \
  --report-mem \
  --warn-section-align \
  -start-group \
  --library=pic30-coff \
  --library=m-coff \
  --library=c-coff \
  -end-group \

Archive member included because of file (symbol)

c:/program files/microchip/mplabc30/v3.31/bin/bin/../../lib\libpic30-coff.a(c30_uart.o)
                              write.o (__C30_UART)
c:/program files/microchip/mplabc30/v3.31/bin/bin/../../lib\libpic30-coff.a(memcpy_helper.o)
                              modbus.o (_memcpy_helper)
c:/program files/microchip/mplabc30/v3.31/bin/bin/../../lib\libpic30-coff.a(data_init_standard.o)
                              crt0_standard.o (_data_init_standard)
c:/program files/microchip/mplabc30/v3.31/bin/bin/../../lib\libm-coff.a(udivsi3.o)
                              adc.o (__udivsi3)
c:/program files/microchip/mplabc30/v3.31/bin/bin/../../lib\libm-coff.a(umodsi3.o)
                              dallas.o (__umodsi3)
c:/program files/microchip/mplabc30/v3.31/bin/bin/../../lib\libm-coff.a(divsi3.o)
                              pod.o (__divsi3)
c:/program files/microchip/mplabc30/v3.31/bin/bin/../../lib\libc-coff.a(printf_s.XXo)
                              (__printf_s)
c:/program files/microchip/mplabc30/v3.31/bin/bin/../../lib\libc-coff.a(printf_cdnopuxX.XXo)
                              dallas.o (_printf_cdnopuxX)
c:/program files/microchip/mplabc30/v3.31/bin/bin/../../lib\libc-coff.a(memset.XXo)
                              esquared.o (memset)
c:/program files/microchip/mplabc30/v3.31/bin/bin/../../lib\libc-coff.a(memcmp.XXo)
                              nvsystem.o (memcmp)
c:/program files/microchip/mplabc30/v3.31/bin/bin/../../lib\libc-coff.a(printf_cdnopsuxX.XXo)
                              printout.o (_printf_cdnopsuxX)
c:/program files/microchip/mplabc30/v3.31/bin/bin/../../lib\libc-coff.a(_iob.XXo)
                              c:/program files/microchip/mplabc30/v3.31/bin/bin/../../lib\libc-coff.a(printf_s.XXo) (_iob)
c:/program files/microchip/mplabc30/v3.31/bin/bin/../../lib\libc-coff.a(doprnt_s.XXo)
                              c:/program files/microchip/mplabc30/v3.31/bin/bin/../../lib\libc-coff.a(printf_s.XXo) (_vfprintf_s)
c:/program files/microchip/mplabc30/v3.31/bin/bin/../../lib\libc-coff.a(doprnt_cdnopuxX.XXo)
                              c:/program files/microchip/mplabc30/v3.31/bin/bin/../../lib\libc-coff.a(printf_cdnopuxX.XXo) (_vfprintf_cdnopuxX)
c:/program files/microchip/mplabc30/v3.31/bin/bin/../../lib\libc-coff.a(doprnt_cdnopsuxX.XXo)
                              c:/program files/microchip/mplabc30/v3.31/bin/bin/../../lib\libc-coff.a(printf_cdnopsuxX.XXo) (_vfprintf_cdnopsuxX)
[...]
Memory Configuration

Name             Origin             Length             Attributes
data             0x000800           0x004000           a !xr
reset            0x000000           0x000004  
ivt              0x000004           0x0000fc  
_reserved        0x000100           0x000004  
aivt             0x000104           0x0000fc  
program          0x002000           0x02ac00           xr
FBS              0xf80000           0x000002  
FSS              0xf80002           0x000002  
FGS              0xf80004           0x000002  
FOSCSEL          0xf80006           0x000002  
FOSC             0xf80008           0x000002  
FWDT             0xf8000a           0x000002  
FPOR             0xf8000c           0x000002  
FICD             0xf8000e           0x000002  
FUID0            0xf80010           0x000002  
FUID1            0xf80012           0x000002  
FUID2            0xf80014           0x000002  
FUID3            0xf80016           0x000002  
*default*        0x000000           0xffffffff  

Linker script and memory map

LOAD write.o
LOAD adc.o
LOAD com_two.o
LOAD comdat.o
LOAD dallas.o
LOAD delay.o
LOAD dfile.o
LOAD dumfile.o
LOAD eeprom.o
LOAD esquared.o
LOAD grndchck.o
LOAD CPURegisterTest.o
LOAD PcTest.o
LOAD i2c_1.o
LOAD i2c_2.o
LOAD init_ADC.o
LOAD init_DMA.o
LOAD init_ports.o
LOAD init_timer.o
LOAD isr_ADC.o
LOAD isr_DMA.o
LOAD isr_timer.o
LOAD jumpers.o
LOAD modbus.o
LOAD modcmd.o
LOAD modfrc.o
LOAD modreg.o
LOAD nvsystem.o
LOAD nvtruck.o
LOAD optic2.o
LOAD optic5.o
LOAD permit.o
LOAD pod.o
LOAD printout.o
LOAD shorts.o
LOAD sim.o
LOAD specops.o
LOAD thermist.o
LOAD traps.o
LOAD trukstat.o
LOAD build_date.o
LOAD tim_utl.o
LOAD spi_mpol.o
LOAD spi_eeprom.o
LOAD memory.o
LOAD uart.o
LOAD isr_uart.o
LOAD march_tst.o
LOAD null_signature.o
LOAD crt0_standard.o
LOAD memory_test.o
LOAD test_function.o
LOAD main.o
LOAD deadman.o
LOAD c:/program files/microchip/mplabc30/v3.31/bin/bin/../../lib/PIC24H\libp24HJ256GP210-coff.a
                    0xf80000                  __FBS = 0xf80000
                    0xf80002                  __FSS = 0xf80002
                    0xf80004                  __FGS = 0xf80004
                    0xf80006                  __FOSCSEL = 0xf80006
                    0xf80008                  __FOSC = 0xf80008
                    0xf8000a                  __FWDT = 0xf8000a
                    0xf8000c                  __FPOR = 0xf8000c
                    0xf8000e                  __FICD = 0xf8000e
                    0xf80010                  __FUID0 = 0xf80010
                    0xf80012                  __FUID1 = 0xf80012
                    0xf80014                  __FUID2 = 0xf80014
                    0xf80016                  __FUID3 = 0xf80016
                    0x0004                  __IVT_BASE = 0x4
                    0x0104                  __AIVT_BASE = 0x104
                    0x0800                  __DATA_BASE = 0x800
                    0x4000                  __DATA_LENGTH = 0x4000
                    0x4000                  __DMA_BASE = 0x4000
                    0x47ff                  __DMA_END = 0x47ff

.reset            0x000000          0x4
                  0x000000          0x2 SHORT 0x2000 ABSOLUTE (__reset)
                  0x000001          0x2 SHORT 0x4
                  0x000002          0x2 SHORT 0x0 ((ABSOLUTE (__reset) >> 0x10) & 0x7f)
                  0x000003          0x2 SHORT 0x0

.text             0x002000       0x12be
 *(.init)
 .init            0x002000         0x5e crt0_standard.o
                  0x002000                  _reset
                  0x002000                  _resetPRI
                  0x00201c                  _rtn_test
                  0x002024                  _KEN_CODE
                  0x00204e                  _psv_init1
 .init            0x00205e         0x5e c:/program files/microchip/mplabc30/v3.31/bin/bin/../../lib\libpic30-coff.a(data_init_standard.o)
                  0x00205e                  _data_init_standard
                  0x00205e                  _data_init
 *(.user_init)
 *(.user_start)
 .user_start      0x0020bc        0x2e4 main.o
                  0x0020bc                  main
 *(.handle)
 .handle          0x0023a0         0x44 jump_table
 *(.isr*)
 .isr             0x0023e4          0x4 default_isr
                  0x0023e4                  _DefaultInterrupt
 *(.libc)
 .libc            0x0023e8         0xd4 write.o
                  0x0023e8                  write
 .libc            0x0024bc         0x36 c:/program files/microchip/mplabc30/v3.31/bin/bin/../../lib\libpic30-coff.a(memcpy_helper.o)
                  0x0024bc                  _memcpy_helper
 *(.libm)
 .libm            0x0024f2         0x20 c:/program files/microchip/mplabc30/v3.31/bin/bin/../../lib\libm-coff.a(udivsi3.o)
                  0x0024f2                  __udivsi3
 .libm            0x002512          0x6 c:/program files/microchip/mplabc30/v3.31/bin/bin/../../lib\libm-coff.a(umodsi3.o)
                  0x002512                  __umodsi3
 .libm            0x002518         0x1e c:/program files/microchip/mplabc30/v3.31/bin/bin/../../lib\libm-coff.a(divsi3.o)
                  0x002518                  __divsi3
 .libm            0x002536        0x216 c:/program files/microchip/mplabc30/v3.31/bin/bin/../../lib\libm-coff.a(divmoddi3.o)
                  0x00255c                  __udivmoddi3
                  0x00262a                  __udivdi3
                  0x002638                  __umoddi3
                  0x002640                  __divdi3
                  0x00267a                  __moddi3
 *(.libdsp)
 *(.lib*)
 .libperi         0x00274c        0x254 i2c_1.o
                  0x00274c                  DataRdyI2C1
                  0x00275c                  MasterWriteI2C1
                  0x002950                  RestartI2C1
                  0x002958                  StartI2C1
                  0x002960                  StopI2C1
 .libperi         0x0029a0        0x250 i2c_2.o
                  0x0029a0                  DataRdyI2C2
                  0x0029b0                  MasterWriteI2C2
                  0x002ba0                  RestartI2C2
                  0x002ba8                  StartI2C2
                  0x002bb0                  StopI2C2
 .libc.memset     0x002bf0          0xe c:/program files/microchip/mplabc30/v3.31/bin/bin/../../lib\libc-coff.a(memset.XXo)
                  0x002bf0                  memset
 .libc.memcmp     0x002bfe         0x34 c:/program files/microchip/mplabc30/v3.31/bin/bin/../../lib\libc-coff.a(memcmp.XXo)
                  0x002bfe                  memcmp
 .libc._printf_cdnopsuxX
                  0x002c32          0xe c:/program files/microchip/mplabc30/v3.31/bin/bin/../../lib\libc-coff.a(printf_cdnopsuxX.XXo)
                  0x002c32                  _printf_0
                  0x002c32                  _printf_s
                  0x002c32                  _printf_cdnopuxX
                  0x002c32                  _printf_cdnopsuxX
 .libc._vfprintf_cdnopsuxX
                  0x002c40        0x56a c:/program files/microchip/mplabc30/v3.31/bin/bin/../../lib\libc-coff.a(doprnt_cdnopsuxX.XXo)
                  0x002c40                  _vfprintf_cdnopuxX
                  0x002c40                  _vfprintf_cdnopsuxX
                  0x002c40                  _vfprintf_0
                  0x002c40                  _vfprintf_s
 .libc.fputc      0x0031aa         0x8e c:/program files/microchip/mplabc30/v3.31/bin/bin/../../lib\libc-coff.a(fputc.XXo)
                  0x0031aa                  fputc
 .libc._flsbuf    0x003238         0x86 c:/program files/microchip/mplabc30/v3.31/bin/bin/../../lib\libc-coff.a(flsbuf.XXo)
                  0x003238                  _flsbuf

__FBS
 *(__FBS.sec*)

__FSS
 *(__FSS.sec*)

__FGS             0xf80004          0x2
 *(__FGS.sec*)
 __FGS.sec        0xf80004          0x2 FGS
                  0xf80004                  _FGS.sec

__FOSCSEL         0xf80006          0x2
 *(__FOSCSEL.sec*)
 __FOSCSEL.sec    0xf80006          0x2 main.o

__FOSC            0xf80008          0x2
 *(__FOSC.sec*)
 __FOSC.sec       0xf80008          0x2 main.o

__FWDT            0xf8000a          0x2
 *(__FWDT.sec*)
 __FWDT.sec       0xf8000a          0x2 main.o

__FPOR
 *(__FPOR.sec*)

__FICD            0xf8000e          0x2
 *(__FICD.sec*)
 __FICD.sec       0xf8000e          0x2 main.o

__FUID0
 *(__FUID0.sec*)

__FUID1
 *(__FUID1.sec*)

__FUID2
 *(__FUID2.sec*)

__FUID3
 *(__FUID3.sec*)

.comment
 *(.comment)

.debug_info
 *(.debug_info)
 *(.gnu.linkonce.wi.*)

.debug_abbrev
 *(.debug_abbrev)

.debug_line
 *(.debug_line)

.debug_frame
 *(.debug_frame)

.debug_str
 *(.debug_str)

.debug_loc
 *(.debug_loc)

.debug_macinfo
 *(.debug_macinfo)

.debug_pubnames
 *(.debug_pubnames)

.debug_ranges
 *(.debug_ranges)

.debug_aranges
 *(.debug_aranges)

.ivt              0x000004         0xfc
                  0x000004          0x4 LONG 0x23e4 DEFINED (__ReservedTrap0)?ABSOLUTE (__ReservedTrap0):ABSOLUTE (__DefaultInterrupt)
                  0x000006          0x4 LONG 0x18ed8 DEFINED (__OscillatorFail)?ABSOLUTE (__OscillatorFail):ABSOLUTE (__DefaultInterrupt)
                  0x000008          0x4 LONG 0x18f1c DEFINED (__AddressError)?ABSOLUTE (__AddressError):ABSOLUTE (__DefaultInterrupt)
                  0x00000a          0x4 LONG 0x18f60 DEFINED (__StackError)?ABSOLUTE (__StackError):ABSOLUTE (__DefaultInterrupt)
                  0x00000c          0x4 LONG 0x18fa4 DEFINED (__MathError)?ABSOLUTE (__MathError):ABSOLUTE (__DefaultInterrupt)
                  0x00000e          0x4 LONG 0x18fe8 DEFINED (__DMACError)?ABSOLUTE (__DMACError):ABSOLUTE (__DefaultInterrupt)
                  0x000010          0x4 LONG 0x23e4 DEFINED (__ReservedTrap6)?ABSOLUTE (__ReservedTrap6):ABSOLUTE (__DefaultInterrupt)
                  0x000012          0x4 LONG 0x23e4 DEFINED (__ReservedTrap7)?ABSOLUTE (__ReservedTrap7):ABSOLUTE (__DefaultInterrupt)
                  0x000014          0x4 LONG 0x23e4 DEFINED (__INT0Interrupt)?ABSOLUTE (__INT0Interrupt):ABSOLUTE (__DefaultInterrupt)
                  0x000016          0x4 LONG 0x23e4 DEFINED (__IC1Interrupt)?ABSOLUTE (__IC1Interrupt):ABSOLUTE (__DefaultInterrupt)
                  0x000018          0x4 LONG 0x23e4 DEFINED (__OC1Interrupt)?ABSOLUTE (__OC1Interrupt):ABSOLUTE (__DefaultInterrupt)
                  0x00001a          0x4 LONG 0x23e4 DEFINED (__T1Interrupt)?ABSOLUTE (__T1Interrupt):ABSOLUTE (__DefaultInterrupt)
                  0x00001c          0x4 LONG 0x19c8a DEFINED (__DMA0Interrupt)?ABSOLUTE (__DMA0Interrupt):ABSOLUTE (__DefaultInterrupt)
                  0x00001e          0x4 LONG 0x23e4 DEFINED (__IC2Interrupt)?ABSOLUTE (__IC2Interrupt):ABSOLUTE (__DefaultInterrupt)
                  0x000020          0x4 LONG 0x23e4 DEFINED (__OC2Interrupt)?ABSOLUTE (__OC2Interrupt):ABSOLUTE (__DefaultInterrupt)
                  0x000022          0x4 LONG 0x19b00 DEFINED (__T2Interrupt)?ABSOLUTE (__T2Interrupt):ABSOLUTE (__DefaultInterrupt)
                  0x000024          0x4 LONG 0x19b28 DEFINED (__T3Interrupt)?ABSOLUTE (__T3Interrupt):ABSOLUTE (__DefaultInterrupt)
                  0x000026          0x4 LONG 0x23e4 DEFINED (__SPI1ErrInterrupt)?ABSOLUTE (__SPI1ErrInterrupt):ABSOLUTE (__DefaultInterrupt)
                  0x000028          0x4 LONG 0x23e4 DEFINED (__SPI1Interrupt)?ABSOLUTE (__SPI1Interrupt):ABSOLUTE (__DefaultInterrupt)
                  0x00002a          0x4 LONG 0x19258 DEFINED (__U1RXInterrupt)?ABSOLUTE (__U1RXInterrupt):ABSOLUTE (__DefaultInterrupt)
                  0x00002c          0x4 LONG 0x23e4 DEFINED (__U1TXInterrupt)?ABSOLUTE (__U1TXInterrupt):ABSOLUTE (__DefaultInterrupt)
                  0x00002e          0x4 LONG 0x19ecc DEFINED (__ADC1Interrupt)?ABSOLUTE (__ADC1Interrupt):ABSOLUTE (__DefaultInterrupt)
                  0x000030          0x4 LONG 0x23e4 DEFINED (__DMA1Interrupt)?ABSOLUTE (__DMA1Interrupt):ABSOLUTE (__DefaultInterrupt)
                  0x000032          0x4 LONG 0x23e4 DEFINED (__Interrupt15)?ABSOLUTE (__Interrupt15):ABSOLUTE (__DefaultInterrupt)
                  0x000034          0x4 LONG 0x23e4 DEFINED (__SI2C1Interrupt)?ABSOLUTE (__SI2C1Interrupt):ABSOLUTE (__DefaultInterrupt)
                  0x000036          0x4 LONG 0x23e4 DEFINED (__MI2C1Interrupt)?ABSOLUTE (__MI2C1Interrupt):ABSOLUTE (__DefaultInterrupt)
                  0x000038          0x4 LONG 0x23e4 DEFINED (__Interrupt18)?ABSOLUTE (__Interrupt18):ABSOLUTE (__DefaultInterrupt)
                  0x00003a          0x4 LONG 0x23e4 DEFINED (__CNInterrupt)?ABSOLUTE (__CNInterrupt):ABSOLUTE (__DefaultInterrupt)
                  0x00003c          0x4 LONG 0x23e4 DEFINED (__INT1Interrupt)?ABSOLUTE (__INT1Interrupt):ABSOLUTE (__DefaultInterrupt)
                  0x00003e          0x4 LONG 0x23e4 DEFINED (__Interrupt21)?ABSOLUTE (__Interrupt21):ABSOLUTE (__DefaultInterrupt)
                  0x000040          0x4 LONG 0x23e4 DEFINED (__IC7Interrupt)?ABSOLUTE (__IC7Interrupt):ABSOLUTE (__DefaultInterrupt)
                  0x000042          0x4 LONG 0x23e4 DEFINED (__IC8Interrupt)?ABSOLUTE (__IC8Interrupt):ABSOLUTE (__DefaultInterrupt)
                  0x000044          0x4 LONG 0x23e4 DEFINED (__DMA2Interrupt)?ABSOLUTE (__DMA2Interrupt):ABSOLUTE (__DefaultInterrupt)
                  0x000046          0x4 LONG 0x23e4 DEFINED (__OC3Interrupt)?ABSOLUTE (__OC3Interrupt):ABSOLUTE (__DefaultInterrupt)
                  0x000048          0x4 LONG 0x23e4 DEFINED (__OC4Interrupt)?ABSOLUTE (__OC4Interrupt):ABSOLUTE (__DefaultInterrupt)
                  0x00004a          0x4 LONG 0x19b50 DEFINED (__T4Interrupt)?ABSOLUTE (__T4Interrupt):ABSOLUTE (__DefaultInterrupt)
                  0x00004c          0x4 LONG 0x19b7c DEFINED (__T5Interrupt)?ABSOLUTE (__T5Interrupt):ABSOLUTE (__DefaultInterrupt)
                  0x00004e          0x4 LONG 0x23e4 DEFINED (__INT2Interrupt)?ABSOLUTE (__INT2Interrupt):ABSOLUTE (__DefaultInterrupt)
                  0x000050          0x4 LONG 0x190c8 DEFINED (__U2RXInterrupt)?ABSOLUTE (__U2RXInterrupt):ABSOLUTE (__DefaultInterrupt)
                  0x000052          0x4 LONG 0x191e0 DEFINED (__U2TXInterrupt)?ABSOLUTE (__U2TXInterrupt):ABSOLUTE (__DefaultInterrupt)
                  0x000054          0x4 LONG 0x23e4 DEFINED (__SPI2ErrInterrupt)?ABSOLUTE (__SPI2ErrInterrupt):ABSOLUTE (__DefaultInterrupt)
                  0x000056          0x4 LONG 0x23e4 DEFINED (__SPI2Interrupt)?ABSOLUTE (__SPI2Interrupt):ABSOLUTE (__DefaultInterrupt)
                  0x000058          0x4 LONG 0x23e4 DEFINED (__Interrupt34)?ABSOLUTE (__Interrupt34):ABSOLUTE (__DefaultInterrupt)
                  0x00005a          0x4 LONG 0x23e4 DEFINED (__Interrupt35)?ABSOLUTE (__Interrupt35):ABSOLUTE (__DefaultInterrupt)
                  0x00005c          0x4 LONG 0x23e4 DEFINED (__DMA3Interrupt)?ABSOLUTE (__DMA3Interrupt):ABSOLUTE (__DefaultInterrupt)
                  0x00005e          0x4 LONG 0x23e4 DEFINED (__IC3Interrupt)?ABSOLUTE (__IC3Interrupt):ABSOLUTE (__DefaultInterrupt)
                  0x000060          0x4 LONG 0x23e4 DEFINED (__IC4Interrupt)?ABSOLUTE (__IC4Interrupt):ABSOLUTE (__DefaultInterrupt)
                  0x000062          0x4 LONG 0x23e4 DEFINED (__IC5Interrupt)?ABSOLUTE (__IC5Interrupt):ABSOLUTE (__DefaultInterrupt)
                  0x000064          0x4 LONG 0x23e4 DEFINED (__IC6Interrupt)?ABSOLUTE (__IC6Interrupt):ABSOLUTE (__DefaultInterrupt)
                  0x000066          0x4 LONG 0x23e4 DEFINED (__OC5Interrupt)?ABSOLUTE (__OC5Interrupt):ABSOLUTE (__DefaultInterrupt)
                  0x000068          0x4 LONG 0x23e4 DEFINED (__OC6Interrupt)?ABSOLUTE (__OC6Interrupt):ABSOLUTE (__DefaultInterrupt)
                  0x00006a          0x4 LONG 0x23e4 DEFINED (__OC7Interrupt)?ABSOLUTE (__OC7Interrupt):ABSOLUTE (__DefaultInterrupt)
                  0x00006c          0x4 LONG 0x23e4 DEFINED (__OC8Interrupt)?ABSOLUTE (__OC8Interrupt):ABSOLUTE (__DefaultInterrupt)
                  0x00006e          0x4 LONG 0x23e4 DEFINED (__Interrupt45)?ABSOLUTE (__Interrupt45):ABSOLUTE (__DefaultInterrupt)
                  0x000070          0x4 LONG 0x23e4 DEFINED (__DMA4Interrupt)?ABSOLUTE (__DMA4Interrupt):ABSOLUTE (__DefaultInterrupt)
                  0x000072          0x4 LONG 0x23e4 DEFINED (__T6Interrupt)?ABSOLUTE (__T6Interrupt):ABSOLUTE (__DefaultInterrupt)
                  0x000074          0x4 LONG 0x23e4 DEFINED (__T7Interrupt)?ABSOLUTE (__T7Interrupt):ABSOLUTE (__DefaultInterrupt)
                  0x000076          0x4 LONG 0x23e4 DEFINED (__SI2C2Interrupt)?ABSOLUTE (__SI2C2Interrupt):ABSOLUTE (__DefaultInterrupt)
                  0x000078          0x4 LONG 0x23e4 DEFINED (__MI2C2Interrupt)?ABSOLUTE (__MI2C2Interrupt):ABSOLUTE (__DefaultInterrupt)
                  0x00007a          0x4 LONG 0x23e4 DEFINED (__T8Interrupt)?ABSOLUTE (__T8Interrupt):ABSOLUTE (__DefaultInterrupt)
                  0x00007c          0x4 LONG 0x23e4 DEFINED (__T9Interrupt)?ABSOLUTE (__T9Interrupt):ABSOLUTE (__DefaultInterrupt)
                  0x00007e          0x4 LONG 0x23e4 DEFINED (__INT3Interrupt)?ABSOLUTE (__INT3Interrupt):ABSOLUTE (__DefaultInterrupt)
                  0x000080          0x4 LONG 0x23e4 DEFINED (__INT4Interrupt)?ABSOLUTE (__INT4Interrupt):ABSOLUTE (__DefaultInterrupt)
                  0x000082          0x4 LONG 0x23e4 DEFINED (__Interrupt55)?ABSOLUTE (__Interrupt55):ABSOLUTE (__DefaultInterrupt)
                  0x000084          0x4 LONG 0x23e4 DEFINED (__Interrupt56)?ABSOLUTE (__Interrupt56):ABSOLUTE (__DefaultInterrupt)
                  0x000086          0x4 LONG 0x23e4 DEFINED (__Interrupt57)?ABSOLUTE (__Interrupt57):ABSOLUTE (__DefaultInterrupt)
                  0x000088          0x4 LONG 0x23e4 DEFINED (__Interrupt58)?ABSOLUTE (__Interrupt58):ABSOLUTE (__DefaultInterrupt)
                  0x00008a          0x4 LONG 0x23e4 DEFINED (__DCIErrInterrupt)?ABSOLUTE (__DCIErrInterrupt):ABSOLUTE (__DefaultInterrupt)
                  0x00008c          0x4 LONG 0x23e4 DEFINED (__DCIInterrupt)?ABSOLUTE (__DCIInterrupt):ABSOLUTE (__DefaultInterrupt)
                  0x00008e          0x4 LONG 0x23e4 DEFINED (__DMA5Interrupt)?ABSOLUTE (__DMA5Interrupt):ABSOLUTE (__DefaultInterrupt)
                  0x000090          0x4 LONG 0x23e4 DEFINED (__Interrupt62)?ABSOLUTE (__Interrupt62):ABSOLUTE (__DefaultInterrupt)
                  0x000092          0x4 LONG 0x23e4 DEFINED (__Interrupt63)?ABSOLUTE (__Interrupt63):ABSOLUTE (__DefaultInterrupt)
                  0x000094          0x4 LONG 0x23e4 DEFINED (__Interrupt64)?ABSOLUTE (__Interrupt64):ABSOLUTE (__DefaultInterrupt)
                  0x000096          0x4 LONG 0x23e4 DEFINED (__U1ErrInterrupt)?ABSOLUTE (__U1ErrInterrupt):ABSOLUTE (__DefaultInterrupt)
                  0x000098          0x4 LONG 0x23e4 DEFINED (__U2ErrInterrupt)?ABSOLUTE (__U2ErrInterrupt):ABSOLUTE (__DefaultInterrupt)
                  0x00009a          0x4 LONG 0x23e4 DEFINED (__Interrupt67)?ABSOLUTE (__Interrupt67):ABSOLUTE (__DefaultInterrupt)
                  0x00009c          0x4 LONG 0x23e4 DEFINED (__DMA6Interrupt)?ABSOLUTE (__DMA6Interrupt):ABSOLUTE (__DefaultInterrupt)
                  0x00009e          0x4 LONG 0x23e4 DEFINED (__DMA7Interrupt)?ABSOLUTE (__DMA7Interrupt):ABSOLUTE (__DefaultInterrupt)
                  0x0000a0          0x4 LONG 0x23e4 DEFINED (__Interrupt70)?ABSOLUTE (__Interrupt70):ABSOLUTE (__DefaultInterrupt)
                  0x0000a2          0x4 LONG 0x23e4 DEFINED (__Interrupt71)?ABSOLUTE (__Interrupt71):ABSOLUTE (__DefaultInterrupt)
                  0x0000a4          0x4 LONG 0x23e4 DEFINED (__Interrupt72)?ABSOLUTE (__Interrupt72):ABSOLUTE (__DefaultInterrupt)
                  0x0000a6          0x4 LONG 0x23e4 DEFINED (__Interrupt73)?ABSOLUTE (__Interrupt73):ABSOLUTE (__DefaultInterrupt)
                  0x0000a8          0x4 LONG 0x23e4 DEFINED (__Interrupt74)?ABSOLUTE (__Interrupt74):ABSOLUTE (__DefaultInterrupt)
                  0x0000aa          0x4 LONG 0x23e4 DEFINED (__Interrupt75)?ABSOLUTE (__Interrupt75):ABSOLUTE (__DefaultInterrupt)
                  0x0000ac          0x4 LONG 0x23e4 DEFINED (__Interrupt76)?ABSOLUTE (__Interrupt76):ABSOLUTE (__DefaultInterrupt)
                  0x0000ae          0x4 LONG 0x23e4 DEFINED (__Interrupt77)?ABSOLUTE (__Interrupt77):ABSOLUTE (__DefaultInterrupt)
                  0x0000b0          0x4 LONG 0x23e4 DEFINED (__Interrupt78)?ABSOLUTE (__Interrupt78):ABSOLUTE (__DefaultInterrupt)
                  0x0000b2          0x4 LONG 0x23e4 DEFINED (__Interrupt79)?ABSOLUTE (__Interrupt79):ABSOLUTE (__DefaultInterrupt)
                  0x0000b4          0x4 LONG 0x23e4 DEFINED (__Interrupt80)?ABSOLUTE (__Interrupt80):ABSOLUTE (__DefaultInterrupt)
                  0x0000b6          0x4 LONG 0x23e4 DEFINED (__Interrupt81)?ABSOLUTE (__Interrupt81):ABSOLUTE (__DefaultInterrupt)
                  0x0000b8          0x4 LONG 0x23e4 DEFINED (__Interrupt82)?ABSOLUTE (__Interrupt82):ABSOLUTE (__DefaultInterrupt)
                  0x0000ba          0x4 LONG 0x23e4 DEFINED (__Interrupt83)?ABSOLUTE (__Interrupt83):ABSOLUTE (__DefaultInterrupt)
                  0x0000bc          0x4 LONG 0x23e4 DEFINED (__Interrupt84)?ABSOLUTE (__Interrupt84):ABSOLUTE (__DefaultInterrupt)
                  0x0000be          0x4 LONG 0x23e4 DEFINED (__Interrupt85)?ABSOLUTE (__Interrupt85):ABSOLUTE (__DefaultInterrupt)
                  0x0000c0          0x4 LONG 0x23e4 DEFINED (__Interrupt86)?ABSOLUTE (__Interrupt86):ABSOLUTE (__DefaultInterrupt)
                  0x0000c2          0x4 LONG 0x23e4 DEFINED (__Interrupt87)?ABSOLUTE (__Interrupt87):ABSOLUTE (__DefaultInterrupt)
                  0x0000c4          0x4 LONG 0x23e4 DEFINED (__Interrupt88)?ABSOLUTE (__Interrupt88):ABSOLUTE (__DefaultInterrupt)
                  0x0000c6          0x4 LONG 0x23e4 DEFINED (__Interrupt89)?ABSOLUTE (__Interrupt89):ABSOLUTE (__DefaultInterrupt)
                  0x0000c8          0x4 LONG 0x23e4 DEFINED (__Interrupt90)?ABSOLUTE (__Interrupt90):ABSOLUTE (__DefaultInterrupt)
                  0x0000ca          0x4 LONG 0x23e4 DEFINED (__Interrupt91)?ABSOLUTE (__Interrupt91):ABSOLUTE (__DefaultInterrupt)
                  0x0000cc          0x4 LONG 0x23e4 DEFINED (__Interrupt92)?ABSOLUTE (__Interrupt92):ABSOLUTE (__DefaultInterrupt)
                  0x0000ce          0x4 LONG 0x23e4 DEFINED (__Interrupt93)?ABSOLUTE (__Interrupt93):ABSOLUTE (__DefaultInterrupt)
                  0x0000d0          0x4 LONG 0x23e4 DEFINED (__Interrupt94)?ABSOLUTE (__Interrupt94):ABSOLUTE (__DefaultInterrupt)
                  0x0000d2          0x4 LONG 0x23e4 DEFINED (__Interrupt95)?ABSOLUTE (__Interrupt95):ABSOLUTE (__DefaultInterrupt)
                  0x0000d4          0x4 LONG 0x23e4 DEFINED (__Interrupt96)?ABSOLUTE (__Interrupt96):ABSOLUTE (__DefaultInterrupt)
                  0x0000d6          0x4 LONG 0x23e4 DEFINED (__Interrupt97)?ABSOLUTE (__Interrupt97):ABSOLUTE (__DefaultInterrupt)
                  0x0000d8          0x4 LONG 0x23e4 DEFINED (__Interrupt98)?ABSOLUTE (__Interrupt98):ABSOLUTE (__DefaultInterrupt)
                  0x0000da          0x4 LONG 0x23e4 DEFINED (__Interrupt99)?ABSOLUTE (__Interrupt99):ABSOLUTE (__DefaultInterrupt)
                  0x0000dc          0x4 LONG 0x23e4 DEFINED (__Interrupt100)?ABSOLUTE (__Interrupt100):ABSOLUTE (__DefaultInterrupt)
                  0x0000de          0x4 LONG 0x23e4 DEFINED (__Interrupt101)?ABSOLUTE (__Interrupt101):ABSOLUTE (__DefaultInterrupt)
                  0x0000e0          0x4 LONG 0x23e4 DEFINED (__Interrupt102)?ABSOLUTE (__Interrupt102):ABSOLUTE (__DefaultInterrupt)
                  0x0000e2          0x4 LONG 0x23e4 DEFINED (__Interrupt103)?ABSOLUTE (__Interrupt103):ABSOLUTE (__DefaultInterrupt)
                  0x0000e4          0x4 LONG 0x23e4 DEFINED (__Interrupt104)?ABSOLUTE (__Interrupt104):ABSOLUTE (__DefaultInterrupt)
                  0x0000e6          0x4 LONG 0x23e4 DEFINED (__Interrupt105)?ABSOLUTE (__Interrupt105):ABSOLUTE (__DefaultInterrupt)
                  0x0000e8          0x4 LONG 0x23e4 DEFINED (__Interrupt106)?ABSOLUTE (__Interrupt106):ABSOLUTE (__DefaultInterrupt)
                  0x0000ea          0x4 LONG 0x23e4 DEFINED (__Interrupt107)?ABSOLUTE (__Interrupt107):ABSOLUTE (__DefaultInterrupt)
                  0x0000ec          0x4 LONG 0x23e4 DEFINED (__Interrupt108)?ABSOLUTE (__Interrupt108):ABSOLUTE (__DefaultInterrupt)
                  0x0000ee          0x4 LONG 0x23e4 DEFINED (__Interrupt109)?ABSOLUTE (__Interrupt109):ABSOLUTE (__DefaultInterrupt)
                  0x0000f0          0x4 LONG 0x23e4 DEFINED (__Interrupt110)?ABSOLUTE (__Interrupt110):ABSOLUTE (__DefaultInterrupt)
                  0x0000f2          0x4 LONG 0x23e4 DEFINED (__Interrupt111)?ABSOLUTE (__Interrupt111):ABSOLUTE (__DefaultInterrupt)
                  0x0000f4          0x4 LONG 0x23e4 DEFINED (__Interrupt112)?ABSOLUTE (__Interrupt112):ABSOLUTE (__DefaultInterrupt)
                  0x0000f6          0x4 LONG 0x23e4 DEFINED (__Interrupt113)?ABSOLUTE (__Interrupt113):ABSOLUTE (__DefaultInterrupt)
                  0x0000f8          0x4 LONG 0x23e4 DEFINED (__Interrupt114)?ABSOLUTE (__Interrupt114):ABSOLUTE (__DefaultInterrupt)
                  0x0000fa          0x4 LONG 0x23e4 DEFINED (__Interrupt115)?ABSOLUTE (__Interrupt115):ABSOLUTE (__DefaultInterrupt)
                  0x0000fc          0x4 LONG 0x23e4 DEFINED (__Interrupt116)?ABSOLUTE (__Interrupt116):ABSOLUTE (__DefaultInterrupt)
                  0x0000fe          0x4 LONG 0x23e4 DEFINED (__Interrupt117)?ABSOLUTE (__Interrupt117):ABSOLUTE (__DefaultInterrupt)

.aivt             0x000104         0xfc
                  0x000104          0x4 LONG 0x23e4 DEFINED (__AltReservedTrap0)?ABSOLUTE (__AltReservedTrap0):DEFINED (__ReservedTrap0)?ABSOLUTE (__ReservedTrap0):ABSOLUTE (__DefaultInterrupt)
                  0x000106          0x4 LONG 0x19010 DEFINED (__AltOscillatorFail)?ABSOLUTE (__AltOscillatorFail):DEFINED (__OscillatorFail)?ABSOLUTE (__OscillatorFail):ABSOLUTE (__DefaultInterrupt)
                  0x000108          0x4 LONG 0x19034 DEFINED (__AltAddressError)?ABSOLUTE (__AltAddressError):DEFINED (__AddressError)?ABSOLUTE (__AddressError):ABSOLUTE (__DefaultInterrupt)
                  0x00010a          0x4 LONG 0x19058 DEFINED (__AltStackError)?ABSOLUTE (__AltStackError):DEFINED (__StackError)?ABSOLUTE (__StackError):ABSOLUTE (__DefaultInterrupt)
                  0x00010c          0x4 LONG 0x1907c DEFINED (__AltMathError)?ABSOLUTE (__AltMathError):DEFINED (__MathError)?ABSOLUTE (__MathError):ABSOLUTE (__DefaultInterrupt)
                  0x00010e          0x4 LONG 0x190a0 DEFINED (__AltDMACError)?ABSOLUTE (__AltDMACError):DEFINED (__DMACError)?ABSOLUTE (__DMACError):ABSOLUTE (__DefaultInterrupt)
                  0x000110          0x4 LONG 0x23e4 DEFINED (__AltReservedTrap6)?ABSOLUTE (__AltReservedTrap6):DEFINED (__ReservedTrap6)?ABSOLUTE (__ReservedTrap6):ABSOLUTE (__DefaultInterrupt)
                  0x000112          0x4 LONG 0x23e4 DEFINED (__AltReservedTrap7)?ABSOLUTE (__AltReservedTrap7):DEFINED (__ReservedTrap7)?ABSOLUTE (__ReservedTrap7):ABSOLUTE (__DefaultInterrupt)
                  0x000114          0x4 LONG 0x23e4 DEFINED (__AltINT0Interrupt)?ABSOLUTE (__AltINT0Interrupt):DEFINED (__INT0Interrupt)?ABSOLUTE (__INT0Interrupt):ABSOLUTE (__DefaultInterrupt)
                  0x000116          0x4 LONG 0x23e4 DEFINED (__AltIC1Interrupt)?ABSOLUTE (__AltIC1Interrupt):DEFINED (__IC1Interrupt)?ABSOLUTE (__IC1Interrupt):ABSOLUTE (__DefaultInterrupt)
                  0x000118          0x4 LONG 0x23e4 DEFINED (__AltOC1Interrupt)?ABSOLUTE (__AltOC1Interrupt):DEFINED (__OC1Interrupt)?ABSOLUTE (__OC1Interrupt):ABSOLUTE (__DefaultInterrupt)
                  0x00011a          0x4 LONG 0x23e4 DEFINED (__AltT1Interrupt)?ABSOLUTE (__AltT1Interrupt):DEFINED (__T1Interrupt)?ABSOLUTE (__T1Interrupt):ABSOLUTE (__DefaultInterrupt)
                  0x00011c          0x4 LONG 0x19c8a DEFINED (__AltDMA0Interrupt)?ABSOLUTE (__AltDMA0Interrupt):DEFINED (__DMA0Interrupt)?ABSOLUTE (__DMA0Interrupt):ABSOLUTE (__DefaultInterrupt)
                  0x00011e          0x4 LONG 0x23e4 DEFINED (__AltIC2Interrupt)?ABSOLUTE (__AltIC2Interrupt):DEFINED (__IC2Interrupt)?ABSOLUTE (__IC2Interrupt):ABSOLUTE (__DefaultInterrupt)
                  0x000120          0x4 LONG 0x23e4 DEFINED (__AltOC2Interrupt)?ABSOLUTE (__AltOC2Interrupt):DEFINED (__OC2Interrupt)?ABSOLUTE (__OC2Interrupt):ABSOLUTE (__DefaultInterrupt)
                  0x000122          0x4 LONG 0x19b00 DEFINED (__AltT2Interrupt)?ABSOLUTE (__AltT2Interrupt):DEFINED (__T2Interrupt)?ABSOLUTE (__T2Interrupt):ABSOLUTE (__DefaultInterrupt)
                  0x000124          0x4 LONG 0x19b28 DEFINED (__AltT3Interrupt)?ABSOLUTE (__AltT3Interrupt):DEFINED (__T3Interrupt)?ABSOLUTE (__T3Interrupt):ABSOLUTE (__DefaultInterrupt)
                  0x000126          0x4 LONG 0x23e4 DEFINED (__AltSPI1ErrInterrupt)?ABSOLUTE (__AltSPI1ErrInterrupt):DEFINED (__SPI1ErrInterrupt)?ABSOLUTE (__SPI1ErrInterrupt):ABSOLUTE (__DefaultInterrupt)
                  0x000128          0x4 LONG 0x23e4 DEFINED (__AltSPI1Interrupt)?ABSOLUTE (__AltSPI1Interrupt):DEFINED (__SPI1Interrupt)?ABSOLUTE (__SPI1Interrupt):ABSOLUTE (__DefaultInterrupt)
                  0x00012a          0x4 LONG 0x19258 DEFINED (__AltU1RXInterrupt)?ABSOLUTE (__AltU1RXInterrupt):DEFINED (__U1RXInterrupt)?ABSOLUTE (__U1RXInterrupt):ABSOLUTE (__DefaultInterrupt)
                  0x00012c          0x4 LONG 0x23e4 DEFINED (__AltU1TXInterrupt)?ABSOLUTE (__AltU1TXInterrupt):DEFINED (__U1TXInterrupt)?ABSOLUTE (__U1TXInterrupt):ABSOLUTE (__DefaultInterrupt)
                  0x00012e          0x4 LONG 0x19ecc DEFINED (__AltADC1Interrupt)?ABSOLUTE (__AltADC1Interrupt):DEFINED (__ADC1Interrupt)?ABSOLUTE (__ADC1Interrupt):ABSOLUTE (__DefaultInterrupt)
                  0x000130          0x4 LONG 0x23e4 DEFINED (__AltDMA1Interrupt)?ABSOLUTE (__AltDMA1Interrupt):DEFINED (__DMA1Interrupt)?ABSOLUTE (__DMA1Interrupt):ABSOLUTE (__DefaultInterrupt)
                  0x000132          0x4 LONG 0x23e4 DEFINED (__AltInterrupt15)?ABSOLUTE (__AltInterrupt15):DEFINED (__Interrupt15)?ABSOLUTE (__Interrupt15):ABSOLUTE (__DefaultInterrupt)
                  0x000134          0x4 LONG 0x23e4 DEFINED (__AltSI2C1Interrupt)?ABSOLUTE (__AltSI2C1Interrupt):DEFINED (__SI2C1Interrupt)?ABSOLUTE (__SI2C1Interrupt):ABSOLUTE (__DefaultInterrupt)
                  0x000136          0x4 LONG 0x23e4 DEFINED (__AltMI2C1Interrupt)?ABSOLUTE (__AltMI2C1Interrupt):DEFINED (__MI2C1Interrupt)?ABSOLUTE (__MI2C1Interrupt):ABSOLUTE (__DefaultInterrupt)
                  0x000138          0x4 LONG 0x23e4 DEFINED (__AltInterrupt18)?ABSOLUTE (__AltInterrupt18):DEFINED (__Interrupt18)?ABSOLUTE (__Interrupt18):ABSOLUTE (__DefaultInterrupt)
                  0x00013a          0x4 LONG 0x23e4 DEFINED (__AltCNInterrupt)?ABSOLUTE (__AltCNInterrupt):DEFINED (__CNInterrupt)?ABSOLUTE (__CNInterrupt):ABSOLUTE (__DefaultInterrupt)
                  0x00013c          0x4 LONG 0x23e4 DEFINED (__AltINT1Interrupt)?ABSOLUTE (__AltINT1Interrupt):DEFINED (__INT1Interrupt)?ABSOLUTE (__INT1Interrupt):ABSOLUTE (__DefaultInterrupt)
                  0x00013e          0x4 LONG 0x23e4 DEFINED (__AltInterrupt21)?ABSOLUTE (__AltInterrupt21):DEFINED (__Interrupt21)?ABSOLUTE (__Interrupt21):ABSOLUTE (__DefaultInterrupt)
                  0x000140          0x4 LONG 0x23e4 DEFINED (__AltIC7Interrupt)?ABSOLUTE (__AltIC7Interrupt):DEFINED (__IC7Interrupt)?ABSOLUTE (__IC7Interrupt):ABSOLUTE (__DefaultInterrupt)
                  0x000142          0x4 LONG 0x23e4 DEFINED (__AltIC8Interrupt)?ABSOLUTE (__AltIC8Interrupt):DEFINED (__IC8Interrupt)?ABSOLUTE (__IC8Interrupt):ABSOLUTE (__DefaultInterrupt)
                  0x000144          0x4 LONG 0x23e4 DEFINED (__AltDMA2Interrupt)?ABSOLUTE (__AltDMA2Interrupt):DEFINED (__DMA2Interrupt)?ABSOLUTE (__DMA2Interrupt):ABSOLUTE (__DefaultInterrupt)
                  0x000146          0x4 LONG 0x23e4 DEFINED (__AltOC3Interrupt)?ABSOLUTE (__AltOC3Interrupt):DEFINED (__OC3Interrupt)?ABSOLUTE (__OC3Interrupt):ABSOLUTE (__DefaultInterrupt)
                  0x000148          0x4 LONG 0x23e4 DEFINED (__AltOC4Interrupt)?ABSOLUTE (__AltOC4Interrupt):DEFINED (__OC4Interrupt)?ABSOLUTE (__OC4Interrupt):ABSOLUTE (__DefaultInterrupt)
                  0x00014a          0x4 LONG 0x19b50 DEFINED (__AltT4Interrupt)?ABSOLUTE (__AltT4Interrupt):DEFINED (__T4Interrupt)?ABSOLUTE (__T4Interrupt):ABSOLUTE (__DefaultInterrupt)
                  0x00014c          0x4 LONG 0x19b7c DEFINED (__AltT5Interrupt)?ABSOLUTE (__AltT5Interrupt):DEFINED (__T5Interrupt)?ABSOLUTE (__T5Interrupt):ABSOLUTE (__DefaultInterrupt)
                  0x00014e          0x4 LONG 0x23e4 DEFINED (__AltINT2Interrupt)?ABSOLUTE (__AltINT2Interrupt):DEFINED (__INT2Interrupt)?ABSOLUTE (__INT2Interrupt):ABSOLUTE (__DefaultInterrupt)
                  0x000150          0x4 LONG 0x190c8 DEFINED (__AltU2RXInterrupt)?ABSOLUTE (__AltU2RXInterrupt):DEFINED (__U2RXInterrupt)?ABSOLUTE (__U2RXInterrupt):ABSOLUTE (__DefaultInterrupt)
                  0x000152          0x4 LONG 0x191e0 DEFINED (__AltU2TXInterrupt)?ABSOLUTE (__AltU2TXInterrupt):DEFINED (__U2TXInterrupt)?ABSOLUTE (__U2TXInterrupt):ABSOLUTE (__DefaultInterrupt)
                  0x000154          0x4 LONG 0x23e4 DEFINED (__AltSPI2ErrInterrupt)?ABSOLUTE (__AltSPI2ErrInterrupt):DEFINED (__SPI2ErrInterrupt)?ABSOLUTE (__SPI2ErrInterrupt):ABSOLUTE (__DefaultInterrupt)
                  0x000156          0x4 LONG 0x23e4 DEFINED (__AltSPI2Interrupt)?ABSOLUTE (__AltSPI2Interrupt):DEFINED (__SPI2Interrupt)?ABSOLUTE (__SPI2Interrupt):ABSOLUTE (__DefaultInterrupt)
                  0x000158          0x4 LONG 0x23e4 DEFINED (__AltInterrupt34)?ABSOLUTE (__AltInterrupt34):DEFINED (__Interrupt34)?ABSOLUTE (__Interrupt34):ABSOLUTE (__DefaultInterrupt)
                  0x00015a          0x4 LONG 0x23e4 DEFINED (__AltInterrupt35)?ABSOLUTE (__AltInterrupt35):DEFINED (__Interrupt35)?ABSOLUTE (__Interrupt35):ABSOLUTE (__DefaultInterrupt)
                  0x00015c          0x4 LONG 0x23e4 DEFINED (__AltDMA3Interrupt)?ABSOLUTE (__AltDMA3Interrupt):DEFINED (__DMA3Interrupt)?ABSOLUTE (__DMA3Interrupt):ABSOLUTE (__DefaultInterrupt)
                  0x00015e          0x4 LONG 0x23e4 DEFINED (__AltIC3Interrupt)?ABSOLUTE (__AltIC3Interrupt):DEFINED (__IC3Interrupt)?ABSOLUTE (__IC3Interrupt):ABSOLUTE (__DefaultInterrupt)
                  0x000160          0x4 LONG 0x23e4 DEFINED (__AltIC4Interrupt)?ABSOLUTE (__AltIC4Interrupt):DEFINED (__IC4Interrupt)?ABSOLUTE (__IC4Interrupt):ABSOLUTE (__DefaultInterrupt)
                  0x000162          0x4 LONG 0x23e4 DEFINED (__AltIC5Interrupt)?ABSOLUTE (__AltIC5Interrupt):DEFINED (__IC5Interrupt)?ABSOLUTE (__IC5Interrupt):ABSOLUTE (__DefaultInterrupt)
                  0x000164          0x4 LONG 0x23e4 DEFINED (__AltIC6Interrupt)?ABSOLUTE (__AltIC6Interrupt):DEFINED (__IC6Interrupt)?ABSOLUTE (__IC6Interrupt):ABSOLUTE (__DefaultInterrupt)
                  0x000166          0x4 LONG 0x23e4 DEFINED (__AltOC5Interrupt)?ABSOLUTE (__AltOC5Interrupt):DEFINED (__OC5Interrupt)?ABSOLUTE (__OC5Interrupt):ABSOLUTE (__DefaultInterrupt)
                  0x000168          0x4 LONG 0x23e4 DEFINED (__AltOC6Interrupt)?ABSOLUTE (__AltOC6Interrupt):DEFINED (__OC6Interrupt)?ABSOLUTE (__OC6Interrupt):ABSOLUTE (__DefaultInterrupt)
                  0x00016a          0x4 LONG 0x23e4 DEFINED (__AltOC7Interrupt)?ABSOLUTE (__AltOC7Interrupt):DEFINED (__OC7Interrupt)?ABSOLUTE (__OC7Interrupt):ABSOLUTE (__DefaultInterrupt)
                  0x00016c          0x4 LONG 0x23e4 DEFINED (__AltOC8Interrupt)?ABSOLUTE (__AltOC8Interrupt):DEFINED (__OC8Interrupt)?ABSOLUTE (__OC8Interrupt):ABSOLUTE (__DefaultInterrupt)
                  0x00016e          0x4 LONG 0x23e4 DEFINED (__AltInterrupt45)?ABSOLUTE (__AltInterrupt45):DEFINED (__Interrupt45)?ABSOLUTE (__Interrupt45):ABSOLUTE (__DefaultInterrupt)
                  0x000170          0x4 LONG 0x23e4 DEFINED (__AltDMA4Interrupt)?ABSOLUTE (__AltDMA4Interrupt):DEFINED (__DMA4Interrupt)?ABSOLUTE (__DMA4Interrupt):ABSOLUTE (__DefaultInterrupt)
                  0x000172          0x4 LONG 0x23e4 DEFINED (__AltT6Interrupt)?ABSOLUTE (__AltT6Interrupt):DEFINED (__T6Interrupt)?ABSOLUTE (__T6Interrupt):ABSOLUTE (__DefaultInterrupt)
                  0x000174          0x4 LONG 0x23e4 DEFINED (__AltT7Interrupt)?ABSOLUTE (__AltT7Interrupt):DEFINED (__T7Interrupt)?ABSOLUTE (__T7Interrupt):ABSOLUTE (__DefaultInterrupt)
                  0x000176          0x4 LONG 0x23e4 DEFINED (__AltSI2C2Interrupt)?ABSOLUTE (__AltSI2C2Interrupt):DEFINED (__SI2C2Interrupt)?ABSOLUTE (__SI2C2Interrupt):ABSOLUTE (__DefaultInterrupt)
                  0x000178          0x4 LONG 0x23e4 DEFINED (__AltMI2C2Interrupt)?ABSOLUTE (__AltMI2C2Interrupt):DEFINED (__MI2C2Interrupt)?ABSOLUTE (__MI2C2Interrupt):ABSOLUTE (__DefaultInterrupt)
                  0x00017a          0x4 LONG 0x23e4 DEFINED (__AltT8Interrupt)?ABSOLUTE (__AltT8Interrupt):DEFINED (__T8Interrupt)?ABSOLUTE (__T8Interrupt):ABSOLUTE (__DefaultInterrupt)
                  0x00017c          0x4 LONG 0x23e4 DEFINED (__AltT9Interrupt)?ABSOLUTE (__AltT9Interrupt):DEFINED (__T9Interrupt)?ABSOLUTE (__T9Interrupt):ABSOLUTE (__DefaultInterrupt)
                  0x00017e          0x4 LONG 0x23e4 DEFINED (__AltINT3Interrupt)?ABSOLUTE (__AltINT3Interrupt):DEFINED (__INT3Interrupt)?ABSOLUTE (__INT3Interrupt):ABSOLUTE (__DefaultInterrupt)
                  0x000180          0x4 LONG 0x23e4 DEFINED (__AltINT4Interrupt)?ABSOLUTE (__AltINT4Interrupt):DEFINED (__INT4Interrupt)?ABSOLUTE (__INT4Interrupt):ABSOLUTE (__DefaultInterrupt)
                  0x000182          0x4 LONG 0x23e4 DEFINED (__AltInterrupt55)?ABSOLUTE (__AltInterrupt55):DEFINED (__Interrupt55)?ABSOLUTE (__Interrupt55):ABSOLUTE (__DefaultInterrupt)
                  0x000184          0x4 LONG 0x23e4 DEFINED (__AltInterrupt56)?ABSOLUTE (__AltInterrupt56):DEFINED (__Interrupt56)?ABSOLUTE (__Interrupt56):ABSOLUTE (__DefaultInterrupt)
                  0x000186          0x4 LONG 0x23e4 DEFINED (__AltInterrupt57)?ABSOLUTE (__AltInterrupt57):DEFINED (__Interrupt57)?ABSOLUTE (__Interrupt57):ABSOLUTE (__DefaultInterrupt)
                  0x000188          0x4 LONG 0x23e4 DEFINED (__AltInterrupt58)?ABSOLUTE (__AltInterrupt58):DEFINED (__Interrupt58)?ABSOLUTE (__Interrupt58):ABSOLUTE (__DefaultInterrupt)
                  0x00018a          0x4 LONG 0x23e4 DEFINED (__AltDCIErrInterrupt)?ABSOLUTE (__AltDCIErrInterrupt):DEFINED (__DCIErrInterrupt)?ABSOLUTE (__DCIErrInterrupt):ABSOLUTE (__DefaultInterrupt)
                  0x00018c          0x4 LONG 0x23e4 DEFINED (__AltDCIInterrupt)?ABSOLUTE (__AltDCIInterrupt):DEFINED (__DCIInterrupt)?ABSOLUTE (__DCIInterrupt):ABSOLUTE (__DefaultInterrupt)
                  0x00018e          0x4 LONG 0x23e4 DEFINED (__AltDMA5Interrupt)?ABSOLUTE (__AltDMA5Interrupt):DEFINED (__DMA5Interrupt)?ABSOLUTE (__DMA5Interrupt):ABSOLUTE (__DefaultInterrupt)
                  0x000190          0x4 LONG 0x23e4 DEFINED (__AltInterrupt62)?ABSOLUTE (__AltInterrupt62):DEFINED (__Interrupt62)?ABSOLUTE (__Interrupt62):ABSOLUTE (__DefaultInterrupt)
                  0x000192          0x4 LONG 0x23e4 DEFINED (__AltInterrupt63)?ABSOLUTE (__AltInterrupt63):DEFINED (__Interrupt63)?ABSOLUTE (__Interrupt63):ABSOLUTE (__DefaultInterrupt)
                  0x000194          0x4 LONG 0x23e4 DEFINED (__AltInterrupt64)?ABSOLUTE (__AltInterrupt64):DEFINED (__Interrupt64)?ABSOLUTE (__Interrupt64):ABSOLUTE (__DefaultInterrupt)
                  0x000196          0x4 LONG 0x23e4 DEFINED (__AltU1ErrInterrupt)?ABSOLUTE (__AltU1ErrInterrupt):DEFINED (__U1ErrInterrupt)?ABSOLUTE (__U1ErrInterrupt):ABSOLUTE (__DefaultInterrupt)
                  0x000198          0x4 LONG 0x23e4 DEFINED (__AltU2ErrInterrupt)?ABSOLUTE (__AltU2ErrInterrupt):DEFINED (__U2ErrInterrupt)?ABSOLUTE (__U2ErrInterrupt):ABSOLUTE (__DefaultInterrupt)
                  0x00019a          0x4 LONG 0x23e4 DEFINED (__AltInterrupt67)?ABSOLUTE (__AltInterrupt67):DEFINED (__Interrupt67)?ABSOLUTE (__Interrupt67):ABSOLUTE (__DefaultInterrupt)
                  0x00019c          0x4 LONG 0x23e4 DEFINED (__AltDMA6Interrupt)?ABSOLUTE (__AltDMA6Interrupt):DEFINED (__DMA6Interrupt)?ABSOLUTE (__DMA6Interrupt):ABSOLUTE (__DefaultInterrupt)
                  0x00019e          0x4 LONG 0x23e4 DEFINED (__AltDMA7Interrupt)?ABSOLUTE (__AltDMA7Interrupt):DEFINED (__DMA7Interrupt)?ABSOLUTE (__DMA7Interrupt):ABSOLUTE (__DefaultInterrupt)
                  0x0001a0          0x4 LONG 0x23e4 DEFINED (__AltInterrupt70)?ABSOLUTE (__AltInterrupt70):DEFINED (__Interrupt70)?ABSOLUTE (__Interrupt70):ABSOLUTE (__DefaultInterrupt)
                  0x0001a2          0x4 LONG 0x23e4 DEFINED (__AltInterrupt71)?ABSOLUTE (__AltInterrupt71):DEFINED (__Interrupt71)?ABSOLUTE (__Interrupt71):ABSOLUTE (__DefaultInterrupt)
                  0x0001a4          0x4 LONG 0x23e4 DEFINED (__AltInterrupt72)?ABSOLUTE (__AltInterrupt72):DEFINED (__Interrupt72)?ABSOLUTE (__Interrupt72):ABSOLUTE (__DefaultInterrupt)
                  0x0001a6          0x4 LONG 0x23e4 DEFINED (__AltInterrupt73)?ABSOLUTE (__AltInterrupt73):DEFINED (__Interrupt73)?ABSOLUTE (__Interrupt73):ABSOLUTE (__DefaultInterrupt)
                  0x0001a8          0x4 LONG 0x23e4 DEFINED (__AltInterrupt74)?ABSOLUTE (__AltInterrupt74):DEFINED (__Interrupt74)?ABSOLUTE (__Interrupt74):ABSOLUTE (__DefaultInterrupt)
                  0x0001aa          0x4 LONG 0x23e4 DEFINED (__AltInterrupt75)?ABSOLUTE (__AltInterrupt75):DEFINED (__Interrupt75)?ABSOLUTE (__Interrupt75):ABSOLUTE (__DefaultInterrupt)
                  0x0001ac          0x4 LONG 0x23e4 DEFINED (__AltInterrupt76)?ABSOLUTE (__AltInterrupt76):DEFINED (__Interrupt76)?ABSOLUTE (__Interrupt76):ABSOLUTE (__DefaultInterrupt)
                  0x0001ae          0x4 LONG 0x23e4 DEFINED (__AltInterrupt77)?ABSOLUTE (__AltInterrupt77):DEFINED (__Interrupt77)?ABSOLUTE (__Interrupt77):ABSOLUTE (__DefaultInterrupt)
                  0x0001b0          0x4 LONG 0x23e4 DEFINED (__AltInterrupt78)?ABSOLUTE (__AltInterrupt78):DEFINED (__Interrupt78)?ABSOLUTE (__Interrupt78):ABSOLUTE (__DefaultInterrupt)
                  0x0001b2          0x4 LONG 0x23e4 DEFINED (__AltInterrupt79)?ABSOLUTE (__AltInterrupt79):DEFINED (__Interrupt79)?ABSOLUTE (__Interrupt79):ABSOLUTE (__DefaultInterrupt)
                  0x0001b4          0x4 LONG 0x23e4 DEFINED (__AltInterrupt80)?ABSOLUTE (__AltInterrupt80):DEFINED (__Interrupt80)?ABSOLUTE (__Interrupt80):ABSOLUTE (__DefaultInterrupt)
                  0x0001b6          0x4 LONG 0x23e4 DEFINED (__AltInterrupt81)?ABSOLUTE (__AltInterrupt81):DEFINED (__Interrupt81)?ABSOLUTE (__Interrupt81):ABSOLUTE (__DefaultInterrupt)
                  0x0001b8          0x4 LONG 0x23e4 DEFINED (__AltInterrupt82)?ABSOLUTE (__AltInterrupt82):DEFINED (__Interrupt82)?ABSOLUTE (__Interrupt82):ABSOLUTE (__DefaultInterrupt)
                  0x0001ba          0x4 LONG 0x23e4 DEFINED (__AltInterrupt83)?ABSOLUTE (__AltInterrupt83):DEFINED (__Interrupt83)?ABSOLUTE (__Interrupt83):ABSOLUTE (__DefaultInterrupt)
                  0x0001bc          0x4 LONG 0x23e4 DEFINED (__AltInterrupt84)?ABSOLUTE (__AltInterrupt84):DEFINED (__Interrupt84)?ABSOLUTE (__Interrupt84):ABSOLUTE (__DefaultInterrupt)
                  0x0001be          0x4 LONG 0x23e4 DEFINED (__AltInterrupt85)?ABSOLUTE (__AltInterrupt85):DEFINED (__Interrupt85)?ABSOLUTE (__Interrupt85):ABSOLUTE (__DefaultInterrupt)
                  0x0001c0          0x4 LONG 0x23e4 DEFINED (__AltInterrupt86)?ABSOLUTE (__AltInterrupt86):DEFINED (__Interrupt86)?ABSOLUTE (__Interrupt86):ABSOLUTE (__DefaultInterrupt)
                  0x0001c2          0x4 LONG 0x23e4 DEFINED (__AltInterrupt87)?ABSOLUTE (__AltInterrupt87):DEFINED (__Interrupt87)?ABSOLUTE (__Interrupt87):ABSOLUTE (__DefaultInterrupt)
                  0x0001c4          0x4 LONG 0x23e4 DEFINED (__AltInterrupt88)?ABSOLUTE (__AltInterrupt88):DEFINED (__Interrupt88)?ABSOLUTE (__Interrupt88):ABSOLUTE (__DefaultInterrupt)
                  0x0001c6          0x4 LONG 0x23e4 DEFINED (__AltInterrupt89)?ABSOLUTE (__AltInterrupt89):DEFINED (__Interrupt89)?ABSOLUTE (__Interrupt89):ABSOLUTE (__DefaultInterrupt)
                  0x0001c8          0x4 LONG 0x23e4 DEFINED (__AltInterrupt90)?ABSOLUTE (__AltInterrupt90):DEFINED (__Interrupt90)?ABSOLUTE (__Interrupt90):ABSOLUTE (__DefaultInterrupt)
                  0x0001ca          0x4 LONG 0x23e4 DEFINED (__AltInterrupt91)?ABSOLUTE (__AltInterrupt91):DEFINED (__Interrupt91)?ABSOLUTE (__Interrupt91):ABSOLUTE (__DefaultInterrupt)
                  0x0001cc          0x4 LONG 0x23e4 DEFINED (__AltInterrupt92)?ABSOLUTE (__AltInterrupt92):DEFINED (__Interrupt92)?ABSOLUTE (__Interrupt92):ABSOLUTE (__DefaultInterrupt)
                  0x0001ce          0x4 LONG 0x23e4 DEFINED (__AltInterrupt93)?ABSOLUTE (__AltInterrupt93):DEFINED (__Interrupt93)?ABSOLUTE (__Interrupt93):ABSOLUTE (__DefaultInterrupt)
                  0x0001d0          0x4 LONG 0x23e4 DEFINED (__AltInterrupt94)?ABSOLUTE (__AltInterrupt94):DEFINED (__Interrupt94)?ABSOLUTE (__Interrupt94):ABSOLUTE (__DefaultInterrupt)
                  0x0001d2          0x4 LONG 0x23e4 DEFINED (__AltInterrupt95)?ABSOLUTE (__AltInterrupt95):DEFINED (__Interrupt95)?ABSOLUTE (__Interrupt95):ABSOLUTE (__DefaultInterrupt)
                  0x0001d4          0x4 LONG 0x23e4 DEFINED (__AltInterrupt96)?ABSOLUTE (__AltInterrupt96):DEFINED (__Interrupt96)?ABSOLUTE (__Interrupt96):ABSOLUTE (__DefaultInterrupt)
                  0x0001d6          0x4 LONG 0x23e4 DEFINED (__AltInterrupt97)?ABSOLUTE (__AltInterrupt97):DEFINED (__Interrupt97)?ABSOLUTE (__Interrupt97):ABSOLUTE (__DefaultInterrupt)
                  0x0001d8          0x4 LONG 0x23e4 DEFINED (__AltInterrupt98)?ABSOLUTE (__AltInterrupt98):DEFINED (__Interrupt98)?ABSOLUTE (__Interrupt98):ABSOLUTE (__DefaultInterrupt)
                  0x0001da          0x4 LONG 0x23e4 DEFINED (__AltInterrupt99)?ABSOLUTE (__AltInterrupt99):DEFINED (__Interrupt99)?ABSOLUTE (__Interrupt99):ABSOLUTE (__DefaultInterrupt)
                  0x0001dc          0x4 LONG 0x23e4 DEFINED (__AltInterrupt100)?ABSOLUTE (__AltInterrupt100):DEFINED (__Interrupt100)?ABSOLUTE (__Interrupt100):ABSOLUTE (__DefaultInterrupt)
                  0x0001de          0x4 LONG 0x23e4 DEFINED (__AltInterrupt101)?ABSOLUTE (__AltInterrupt101):DEFINED (__Interrupt101)?ABSOLUTE (__Interrupt101):ABSOLUTE (__DefaultInterrupt)
                  0x0001e0          0x4 LONG 0x23e4 DEFINED (__AltInterrupt102)?ABSOLUTE (__AltInterrupt102):DEFINED (__Interrupt102)?ABSOLUTE (__Interrupt102):ABSOLUTE (__DefaultInterrupt)
                  0x0001e2          0x4 LONG 0x23e4 DEFINED (__AltInterrupt103)?ABSOLUTE (__AltInterrupt103):DEFINED (__Interrupt103)?ABSOLUTE (__Interrupt103):ABSOLUTE (__DefaultInterrupt)
                  0x0001e4          0x4 LONG 0x23e4 DEFINED (__AltInterrupt104)?ABSOLUTE (__AltInterrupt104):DEFINED (__Interrupt104)?ABSOLUTE (__Interrupt104):ABSOLUTE (__DefaultInterrupt)
                  0x0001e6          0x4 LONG 0x23e4 DEFINED (__AltInterrupt105)?ABSOLUTE (__AltInterrupt105):DEFINED (__Interrupt105)?ABSOLUTE (__Interrupt105):ABSOLUTE (__DefaultInterrupt)
                  0x0001e8          0x4 LONG 0x23e4 DEFINED (__AltInterrupt106)?ABSOLUTE (__AltInterrupt106):DEFINED (__Interrupt106)?ABSOLUTE (__Interrupt106):ABSOLUTE (__DefaultInterrupt)
                  0x0001ea          0x4 LONG 0x23e4 DEFINED (__AltInterrupt107)?ABSOLUTE (__AltInterrupt107):DEFINED (__Interrupt107)?ABSOLUTE (__Interrupt107):ABSOLUTE (__DefaultInterrupt)
                  0x0001ec          0x4 LONG 0x23e4 DEFINED (__AltInterrupt108)?ABSOLUTE (__AltInterrupt108):DEFINED (__Interrupt108)?ABSOLUTE (__Interrupt108):ABSOLUTE (__DefaultInterrupt)
                  0x0001ee          0x4 LONG 0x23e4 DEFINED (__AltInterrupt109)?ABSOLUTE (__AltInterrupt109):DEFINED (__Interrupt109)?ABSOLUTE (__Interrupt109):ABSOLUTE (__DefaultInterrupt)
                  0x0001f0          0x4 LONG 0x23e4 DEFINED (__AltInterrupt110)?ABSOLUTE (__AltInterrupt110):DEFINED (__Interrupt110)?ABSOLUTE (__Interrupt110):ABSOLUTE (__DefaultInterrupt)
                  0x0001f2          0x4 LONG 0x23e4 DEFINED (__AltInterrupt111)?ABSOLUTE (__AltInterrupt111):DEFINED (__Interrupt111)?ABSOLUTE (__Interrupt111):ABSOLUTE (__DefaultInterrupt)
                  0x0001f4          0x4 LONG 0x23e4 DEFINED (__AltInterrupt112)?ABSOLUTE (__AltInterrupt112):DEFINED (__Interrupt112)?ABSOLUTE (__Interrupt112):ABSOLUTE (__DefaultInterrupt)
                  0x0001f6          0x4 LONG 0x23e4 DEFINED (__AltInterrupt113)?ABSOLUTE (__AltInterrupt113):DEFINED (__Interrupt113)?ABSOLUTE (__Interrupt113):ABSOLUTE (__DefaultInterrupt)
                  0x0001f8          0x4 LONG 0x23e4 DEFINED (__AltInterrupt114)?ABSOLUTE (__AltInterrupt114):DEFINED (__Interrupt114)?ABSOLUTE (__Interrupt114):ABSOLUTE (__DefaultInterrupt)
                  0x0001fa          0x4 LONG 0x23e4 DEFINED (__AltInterrupt115)?ABSOLUTE (__AltInterrupt115):DEFINED (__Interrupt115)?ABSOLUTE (__Interrupt115):ABSOLUTE (__DefaultInterrupt)
                  0x0001fc          0x4 LONG 0x23e4 DEFINED (__AltInterrupt116)?ABSOLUTE (__AltInterrupt116):DEFINED (__Interrupt116)?ABSOLUTE (__Interrupt116):ABSOLUTE (__DefaultInterrupt)
                  0x0001fe          0x4 LONG 0x23e4 DEFINED (__AltInterrupt117)?ABSOLUTE (__AltInterrupt117):DEFINED (__Interrupt117)?ABSOLUTE (__Interrupt117):ABSOLUTE (__DefaultInterrupt)
                    0x0000                  WREG0 = 0x0
                    0x0000                  _WREG0 = 0x0
                    0x0002                  WREG1 = 0x2
                    0x0002                  _WREG1 = 0x2
                    0x0004                  WREG2 = 0x4
                    0x0004                  _WREG2 = 0x4
                    0x0006                  WREG3 = 0x6
                    0x0006                  _WREG3 = 0x6
                    0x0008                  WREG4 = 0x8
                    0x0008                  _WREG4 = 0x8
                    0x000a                  WREG5 = 0xa
                    0x000a                  _WREG5 = 0xa
                    0x000c                  WREG6 = 0xc
                    0x000c                  _WREG6 = 0xc
                    0x000e                  WREG7 = 0xe
                    0x000e                  _WREG7 = 0xe
                    0x0010                  WREG8 = 0x10
                    0x0010                  _WREG8 = 0x10
                    0x0012                  WREG9 = 0x12
                    0x0012                  _WREG9 = 0x12
                    0x0014                  WREG10 = 0x14
                    0x0014                  _WREG10 = 0x14
                    0x0016                  WREG11 = 0x16
                    0x0016                  _WREG11 = 0x16
                    0x0018                  WREG12 = 0x18
                    0x0018                  _WREG12 = 0x18
                    0x001a                  WREG13 = 0x1a
                    0x001a                  _WREG13 = 0x1a
                    0x001c                  WREG14 = 0x1c
                    0x001c                  _WREG14 = 0x1c
                    0x001e                  WREG15 = 0x1e
                    0x001e                  _WREG15 = 0x1e
                    0x0020                  SPLIM = 0x20
                    0x0020                  _SPLIM = 0x20
                    0x002e                  PCL = 0x2e
                    0x002e                  _PCL = 0x2e
                    0x0030                  PCH = 0x30
                    0x0030                  _PCH = 0x30
                    0x0032                  TBLPAG = 0x32
                    0x0032                  _TBLPAG = 0x32
                    0x0034                  PSVPAG = 0x34
                    0x0034                  _PSVPAG = 0x34
                    0x0036                  RCOUNT = 0x36
                    0x0036                  _RCOUNT = 0x36
                    0x0042                  SR = 0x42
                    0x0042                  _SR = 0x42
                    0x0042                  _SRbits = 0x42
                    0x0044                  CORCON = 0x44
                    0x0044                  _CORCON = 0x44
                    0x0044                  _CORCONbits = 0x44
                    0x0052                  DISICNT = 0x52
                    0x0052                  _DISICNT = 0x52
                    0x0060                  CNEN1 = 0x60
                    0x0060                  _CNEN1 = 0x60
                    0x0060                  _CNEN1bits = 0x60
                    0x0062                  CNEN2 = 0x62
                    0x0062                  _CNEN2 = 0x62
                    0x0062                  _CNEN2bits = 0x62
                    0x0068                  CNPU1 = 0x68
                    0x0068                  _CNPU1 = 0x68
                    0x0068                  _CNPU1bits = 0x68
                    0x006a                  CNPU2 = 0x6a
                    0x006a                  _CNPU2 = 0x6a
                    0x006a                  _CNPU2bits = 0x6a
                    0x0080                  INTCON1 = 0x80
                    0x0080                  _INTCON1 = 0x80
                    0x0080                  _INTCON1bits = 0x80
                    0x0082                  INTCON2 = 0x82
                    0x0082                  _INTCON2 = 0x82
                    0x0082                  _INTCON2bits = 0x82
                    0x0084                  IFS0 = 0x84
                    0x0084                  _IFS0 = 0x84
                    0x0084                  _IFS0bits = 0x84
                    0x0086                  IFS1 = 0x86
                    0x0086                  _IFS1 = 0x86
                    0x0086                  _IFS1bits = 0x86
                    0x0088                  IFS2 = 0x88
                    0x0088                  _IFS2 = 0x88
                    0x0088                  _IFS2bits = 0x88
                    0x008a                  IFS3 = 0x8a
                    0x008a                  _IFS3 = 0x8a
                    0x008a                  _IFS3bits = 0x8a
                    0x008c                  IFS4 = 0x8c
                    0x008c                  _IFS4 = 0x8c
                    0x008c                  _IFS4bits = 0x8c
                    0x0094                  IEC0 = 0x94
                    0x0094                  _IEC0 = 0x94
                    0x0094                  _IEC0bits = 0x94
                    0x0096                  IEC1 = 0x96
                    0x0096                  _IEC1 = 0x96
                    0x0096                  _IEC1bits = 0x96
                    0x0098                  IEC2 = 0x98
                    0x0098                  _IEC2 = 0x98
                    0x0098                  _IEC2bits = 0x98
                    0x009a                  IEC3 = 0x9a
                    0x009a                  _IEC3 = 0x9a
                    0x009a                  _IEC3bits = 0x9a
                    0x009c                  IEC4 = 0x9c
                    0x009c                  _IEC4 = 0x9c
                    0x009c                  _IEC4bits = 0x9c
                    0x00a4                  IPC0 = 0xa4
                    0x00a4                  _IPC0 = 0xa4
                    0x00a4                  _IPC0bits = 0xa4
                    0x00a6                  IPC1 = 0xa6
                    0x00a6                  _IPC1 = 0xa6
                    0x00a6                  _IPC1bits = 0xa6
                    0x00a8                  IPC2 = 0xa8
                    0x00a8                  _IPC2 = 0xa8
                    0x00a8                  _IPC2bits = 0xa8
                    0x00aa                  IPC3 = 0xaa
                    0x00aa                  _IPC3 = 0xaa
                    0x00aa                  _IPC3bits = 0xaa
                    0x00ac                  IPC4 = 0xac
                    0x00ac                  _IPC4 = 0xac
                    0x00ac                  _IPC4bits = 0xac
                    0x00ae                  IPC5 = 0xae
                    0x00ae                  _IPC5 = 0xae
                    0x00ae                  _IPC5bits = 0xae
                    0x00b0                  IPC6 = 0xb0
                    0x00b0                  _IPC6 = 0xb0
                    0x00b0                  _IPC6bits = 0xb0
                    0x00b2                  IPC7 = 0xb2
                    0x00b2                  _IPC7 = 0xb2
                    0x00b2                  _IPC7bits = 0xb2
                    0x00b4                  IPC8 = 0xb4
                    0x00b4                  _IPC8 = 0xb4
                    0x00b4                  _IPC8bits = 0xb4
                    0x00b6                  IPC9 = 0xb6
                    0x00b6                  _IPC9 = 0xb6
                    0x00b6                  _IPC9bits = 0xb6
                    0x00b8                  IPC10 = 0xb8
                    0x00b8                  _IPC10 = 0xb8
                    0x00b8                  _IPC10bits = 0xb8
                    0x00ba                  IPC11 = 0xba
                    0x00ba                  _IPC11 = 0xba
                    0x00ba                  _IPC11bits = 0xba
                    0x00bc                  IPC12 = 0xbc
                    0x00bc                  _IPC12 = 0xbc
                    0x00bc                  _IPC12bits = 0xbc
                    0x00be                  IPC13 = 0xbe
                    0x00be                  _IPC13 = 0xbe
                    0x00be                  _IPC13bits = 0xbe
                    0x00c2                  IPC15 = 0xc2
                    0x00c2                  _IPC15 = 0xc2
                    0x00c2                  _IPC15bits = 0xc2
                    0x00c4                  IPC16 = 0xc4
                    0x00c4                  _IPC16 = 0xc4
                    0x00c4                  _IPC16bits = 0xc4
                    0x00c6                  IPC17 = 0xc6
                    0x00c6                  _IPC17 = 0xc6
                    0x00c6                  _IPC17bits = 0xc6
                    0x00e0                  INTTREG = 0xe0
                    0x00e0                  _INTTREG = 0xe0
                    0x00e0                  _INTTREGbits = 0xe0
                    0x0100                  TMR1 = 0x100
                    0x0100                  _TMR1 = 0x100
                    0x0102                  PR1 = 0x102
                    0x0102                  _PR1 = 0x102
                    0x0104                  T1CON = 0x104
                    0x0104                  _T1CON = 0x104
                    0x0104                  _T1CONbits = 0x104
                    0x0106                  TMR2 = 0x106
                    0x0106                  _TMR2 = 0x106
                    0x0108                  TMR3HLD = 0x108
                    0x0108                  _TMR3HLD = 0x108
                    0x010a                  TMR3 = 0x10a
                    0x010a                  _TMR3 = 0x10a
                    0x010c                  PR2 = 0x10c
                    0x010c                  _PR2 = 0x10c
                    0x010e                  PR3 = 0x10e
                    0x010e                  _PR3 = 0x10e
                    0x0110                  T2CON = 0x110
                    0x0110                  _T2CON = 0x110
                    0x0110                  _T2CONbits = 0x110
                    0x0112                  T3CON = 0x112
                    0x0112                  _T3CON = 0x112
                    0x0112                  _T3CONbits = 0x112
                    0x0114                  TMR4 = 0x114
                    0x0114                  _TMR4 = 0x114
                    0x0116                  TMR5HLD = 0x116
                    0x0116                  _TMR5HLD = 0x116
                    0x0118                  TMR5 = 0x118
                    0x0118                  _TMR5 = 0x118
                    0x011a                  PR4 = 0x11a
                    0x011a                  _PR4 = 0x11a
                    0x011c                  PR5 = 0x11c
                    0x011c                  _PR5 = 0x11c
                    0x011e                  T4CON = 0x11e
                    0x011e                  _T4CON = 0x11e
                    0x011e                  _T4CONbits = 0x11e
                    0x0120                  T5CON = 0x120
                    0x0120                  _T5CON = 0x120
                    0x0120                  _T5CONbits = 0x120
                    0x0122                  TMR6 = 0x122
                    0x0122                  _TMR6 = 0x122
                    0x0124                  TMR7HLD = 0x124
                    0x0124                  _TMR7HLD = 0x124
                    0x0126                  TMR7 = 0x126
                    0x0126                  _TMR7 = 0x126
                    0x0128                  PR6 = 0x128
                    0x0128                  _PR6 = 0x128
                    0x012a                  PR7 = 0x12a
                    0x012a                  _PR7 = 0x12a
                    0x012c                  T6CON = 0x12c
                    0x012c                  _T6CON = 0x12c
                    0x012c                  _T6CONbits = 0x12c
                    0x012e                  T7CON = 0x12e
                    0x012e                  _T7CON = 0x12e
                    0x012e                  _T7CONbits = 0x12e
                    0x0130                  TMR8 = 0x130
                    0x0130                  _TMR8 = 0x130
                    0x0132                  TMR9HLD = 0x132
                    0x0132                  _TMR9HLD = 0x132
                    0x0134                  TMR9 = 0x134
                    0x0134                  _TMR9 = 0x134
                    0x0136                  PR8 = 0x136
                    0x0136                  _PR8 = 0x136
                    0x0138                  PR9 = 0x138
                    0x0138                  _PR9 = 0x138
                    0x013a                  T8CON = 0x13a
                    0x013a                  _T8CON = 0x13a
                    0x013a                  _T8CONbits = 0x13a
                    0x013c                  T9CON = 0x13c
                    0x013c                  _T9CON = 0x13c
                    0x013c                  _T9CONbits = 0x13c
                    0x0140                  IC1BUF = 0x140
                    0x0140                  _IC1BUF = 0x140
                    0x0142                  IC1CON = 0x142
                    0x0142                  _IC1CON = 0x142
                    0x0142                  _IC1CONbits = 0x142
                    0x0144                  IC2BUF = 0x144
                    0x0144                  _IC2BUF = 0x144
                    0x0146                  IC2CON = 0x146
                    0x0146                  _IC2CON = 0x146
                    0x0146                  _IC2CONbits = 0x146
                    0x0148                  IC3BUF = 0x148
                    0x0148                  _IC3BUF = 0x148
                    0x014a                  IC3CON = 0x14a
                    0x014a                  _IC3CON = 0x14a
                    0x014a                  _IC3CONbits = 0x14a
                    0x014c                  IC4BUF = 0x14c
                    0x014c                  _IC4BUF = 0x14c
                    0x014e                  IC4CON = 0x14e
                    0x014e                  _IC4CON = 0x14e
                    0x014e                  _IC4CONbits = 0x14e
                    0x0150                  IC5BUF = 0x150
                    0x0150                  _IC5BUF = 0x150
                    0x0152                  IC5CON = 0x152
                    0x0152                  _IC5CON = 0x152
                    0x0152                  _IC5CONbits = 0x152
                    0x0154                  IC6BUF = 0x154
                    0x0154                  _IC6BUF = 0x154
                    0x0156                  IC6CON = 0x156
                    0x0156                  _IC6CON = 0x156
                    0x0156                  _IC6CONbits = 0x156
                    0x0158                  IC7BUF = 0x158
                    0x0158                  _IC7BUF = 0x158
                    0x015a                  IC7CON = 0x15a
                    0x015a                  _IC7CON = 0x15a
                    0x015a                  _IC7CONbits = 0x15a
                    0x015c                  IC8BUF = 0x15c
                    0x015c                  _IC8BUF = 0x15c
                    0x015e                  IC8CON = 0x15e
                    0x015e                  _IC8CON = 0x15e
                    0x015e                  _IC8CONbits = 0x15e
                    0x0180                  OC1RS = 0x180
                    0x0180                  _OC1RS = 0x180
                    0x0182                  OC1R = 0x182
                    0x0182                  _OC1R = 0x182
                    0x0184                  OC1CON = 0x184
                    0x0184                  _OC1CON = 0x184
                    0x0184                  _OC1CONbits = 0x184
                    0x0186                  OC2RS = 0x186
                    0x0186                  _OC2RS = 0x186
                    0x0188                  OC2R = 0x188
                    0x0188                  _OC2R = 0x188
                    0x018a                  OC2CON = 0x18a
                    0x018a                  _OC2CON = 0x18a
                    0x018a                  _OC2CONbits = 0x18a
                    0x018c                  OC3RS = 0x18c
                    0x018c                  _OC3RS = 0x18c
                    0x018e                  OC3R = 0x18e
                    0x018e                  _OC3R = 0x18e
                    0x0190                  OC3CON = 0x190
                    0x0190                  _OC3CON = 0x190
                    0x0190                  _OC3CONbits = 0x190
                    0x0192                  OC4RS = 0x192
                    0x0192                  _OC4RS = 0x192
                    0x0194                  OC4R = 0x194
                    0x0194                  _OC4R = 0x194
                    0x0196                  OC4CON = 0x196
                    0x0196                  _OC4CON = 0x196
                    0x0196                  _OC4CONbits = 0x196
                    0x0198                  OC5RS = 0x198
                    0x0198                  _OC5RS = 0x198
                    0x019a                  OC5R = 0x19a
                    0x019a                  _OC5R = 0x19a
                    0x019c                  OC5CON = 0x19c
                    0x019c                  _OC5CON = 0x19c
                    0x019c                  _OC5CONbits = 0x19c
                    0x019e                  OC6RS = 0x19e
                    0x019e                  _OC6RS = 0x19e
                    0x01a0                  OC6R = 0x1a0
                    0x01a0                  _OC6R = 0x1a0
                    0x01a2                  OC6CON = 0x1a2
                    0x01a2                  _OC6CON = 0x1a2
                    0x01a2                  _OC6CONbits = 0x1a2
                    0x01a4                  OC7RS = 0x1a4
                    0x01a4                  _OC7RS = 0x1a4
                    0x01a6                  OC7R = 0x1a6
                    0x01a6                  _OC7R = 0x1a6
                    0x01a8                  OC7CON = 0x1a8
                    0x01a8                  _OC7CON = 0x1a8
                    0x01a8                  _OC7CONbits = 0x1a8
                    0x01aa                  OC8RS = 0x1aa
                    0x01aa                  _OC8RS = 0x1aa
                    0x01ac                  OC8R = 0x1ac
                    0x01ac                  _OC8R = 0x1ac
                    0x01ae                  OC8CON = 0x1ae
                    0x01ae                  _OC8CON = 0x1ae
                    0x01ae                  _OC8CONbits = 0x1ae
                    0x0200                  I2C1RCV = 0x200
                    0x0200                  _I2C1RCV = 0x200
                    0x0200                  I2CRCV = 0x200
                    0x0200                  _I2CRCV = 0x200
                    0x0202                  I2C1TRN = 0x202
                    0x0202                  _I2C1TRN = 0x202
                    0x0202                  I2CTRN = 0x202
                    0x0202                  _I2CTRN = 0x202
                    0x0204                  I2C1BRG = 0x204
                    0x0204                  _I2C1BRG = 0x204
                    0x0206                  I2C1CON = 0x206
                    0x0206                  _I2C1CON = 0x206
                    0x0206                  _I2C1CONbits = 0x206
                    0x0206                  I2CCON = 0x206
                    0x0206                  _I2CCON = 0x206
                    0x0206                  _I2CCONbits = 0x206
                    0x0208                  I2C1STAT = 0x208
                    0x0208                  _I2C1STAT = 0x208
                    0x0208                  _I2C1STATbits = 0x208
                    0x0208                  I2CSTAT = 0x208
                    0x0208                  _I2CSTAT = 0x208
                    0x0208                  _I2CSTATbits = 0x208
                    0x020a                  I2C1ADD = 0x20a
                    0x020a                  _I2C1ADD = 0x20a
                    0x020a                  I2CADD = 0x20a
                    0x020a                  _I2CADD = 0x20a
                    0x020c                  I2C1MSK = 0x20c
                    0x020c                  _I2C1MSK = 0x20c
                    0x0210                  I2C2RCV = 0x210
                    0x0210                  _I2C2RCV = 0x210
                    0x0212                  I2C2TRN = 0x212
                    0x0212                  _I2C2TRN = 0x212
                    0x0214                  I2C2BRG = 0x214
                    0x0214                  _I2C2BRG = 0x214
                    0x0216                  I2C2CON = 0x216
                    0x0216                  _I2C2CON = 0x216
                    0x0216                  _I2C2CONbits = 0x216
                    0x0218                  I2C2STAT = 0x218
                    0x0218                  _I2C2STAT = 0x218
                    0x0218                  _I2C2STATbits = 0x218
                    0x021a                  I2C2ADD = 0x21a
                    0x021a                  _I2C2ADD = 0x21a
                    0x021c                  I2C2MSK = 0x21c
                    0x021c                  _I2C2MSK = 0x21c
                    0x0220                  U1MODE = 0x220
                    0x0220                  _U1MODE = 0x220
                    0x0220                  _U1MODEbits = 0x220
                    0x0222                  U1STA = 0x222
                    0x0222                  _U1STA = 0x222
                    0x0222                  _U1STAbits = 0x222
                    0x0224                  U1TXREG = 0x224
                    0x0224                  _U1TXREG = 0x224
                    0x0224                  _U1TXREGbits = 0x224
                    0x0226                  U1RXREG = 0x226
                    0x0226                  _U1RXREG = 0x226
                    0x0226                  _U1RXREGbits = 0x226
                    0x0228                  U1BRG = 0x228
                    0x0228                  _U1BRG = 0x228
                    0x0230                  U2MODE = 0x230
                    0x0230                  _U2MODE = 0x230
                    0x0230                  _U2MODEbits = 0x230
                    0x0232                  U2STA = 0x232
                    0x0232                  _U2STA = 0x232
                    0x0232                  _U2STAbits = 0x232
                    0x0234                  U2TXREG = 0x234
                    0x0234                  _U2TXREG = 0x234
                    0x0234                  _U2TXREGbits = 0x234
                    0x0236                  U2RXREG = 0x236
                    0x0236                  _U2RXREG = 0x236
                    0x0236                  _U2RXREGbits = 0x236
                    0x0238                  U2BRG = 0x238
                    0x0238                  _U2BRG = 0x238
                    0x0240                  SPI1STAT = 0x240
                    0x0240                  _SPI1STAT = 0x240
                    0x0240                  _SPI1STATbits = 0x240
                    0x0242                  SPI1CON1 = 0x242
                    0x0242                  _SPI1CON1 = 0x242
                    0x0242                  _SPI1CON1bits = 0x242
                    0x0244                  SPI1CON2 = 0x244
                    0x0244                  _SPI1CON2 = 0x244
                    0x0244                  _SPI1CON2bits = 0x244
                    0x0248                  SPI1BUF = 0x248
                    0x0248                  _SPI1BUF = 0x248
                    0x0260                  SPI2STAT = 0x260
                    0x0260                  _SPI2STAT = 0x260
                    0x0260                  _SPI2STATbits = 0x260
                    0x0262                  SPI2CON1 = 0x262
                    0x0262                  _SPI2CON1 = 0x262
                    0x0262                  _SPI2CON1bits = 0x262
                    0x0264                  SPI2CON2 = 0x264
                    0x0264                  _SPI2CON2 = 0x264
                    0x0264                  _SPI2CON2bits = 0x264
                    0x0268                  SPI2BUF = 0x268
                    0x0268                  _SPI2BUF = 0x268
                    0x02c0                  TRISA = 0x2c0
                    0x02c0                  _TRISA = 0x2c0
                    0x02c0                  _TRISAbits = 0x2c0
                    0x02c2                  PORTA = 0x2c2
                    0x02c2                  _PORTA = 0x2c2
                    0x02c2                  _PORTAbits = 0x2c2
                    0x02c4                  LATA = 0x2c4
                    0x02c4                  _LATA = 0x2c4
                    0x02c4                  _LATAbits = 0x2c4
                    0x02c6                  TRISB = 0x2c6
                    0x02c6                  _TRISB = 0x2c6
                    0x02c6                  _TRISBbits = 0x2c6
                    0x02c8                  PORTB = 0x2c8
                    0x02c8                  _PORTB = 0x2c8
                    0x02c8                  _PORTBbits = 0x2c8
                    0x02ca                  LATB = 0x2ca
                    0x02ca                  _LATB = 0x2ca
                    0x02ca                  _LATBbits = 0x2ca
                    0x02cc                  TRISC = 0x2cc
                    0x02cc                  _TRISC = 0x2cc
                    0x02cc                  _TRISCbits = 0x2cc
                    0x02ce                  PORTC = 0x2ce
                    0x02ce                  _PORTC = 0x2ce
                    0x02ce                  _PORTCbits = 0x2ce
                    0x02d0                  LATC = 0x2d0
                    0x02d0                  _LATC = 0x2d0
                    0x02d0                  _LATCbits = 0x2d0
                    0x02d2                  TRISD = 0x2d2
                    0x02d2                  _TRISD = 0x2d2
                    0x02d2                  _TRISDbits = 0x2d2
                    0x02d4                  PORTD = 0x2d4
                    0x02d4                  _PORTD = 0x2d4
                    0x02d4                  _PORTDbits = 0x2d4
                    0x02d6                  LATD = 0x2d6
                    0x02d6                  _LATD = 0x2d6
                    0x02d6                  _LATDbits = 0x2d6
                    0x02d8                  TRISE = 0x2d8
                    0x02d8                  _TRISE = 0x2d8
                    0x02d8                  _TRISEbits = 0x2d8
                    0x02da                  PORTE = 0x2da
                    0x02da                  _PORTE = 0x2da
                    0x02da                  _PORTEbits = 0x2da
                    0x02dc                  LATE = 0x2dc
                    0x02dc                  _LATE = 0x2dc
                    0x02dc                  _LATEbits = 0x2dc
                    0x02de                  TRISF = 0x2de
                    0x02de                  _TRISF = 0x2de
                    0x02de                  _TRISFbits = 0x2de
                    0x02e0                  PORTF = 0x2e0
                    0x02e0                  _PORTF = 0x2e0
                    0x02e0                  _PORTFbits = 0x2e0
                    0x02e2                  LATF = 0x2e2
                    0x02e2                  _LATF = 0x2e2
                    0x02e2                  _LATFbits = 0x2e2
                    0x02e4                  TRISG = 0x2e4
                    0x02e4                  _TRISG = 0x2e4
                    0x02e4                  _TRISGbits = 0x2e4
                    0x02e6                  PORTG = 0x2e6
                    0x02e6                  _PORTG = 0x2e6
                    0x02e6                  _PORTGbits = 0x2e6
                    0x02e8                  LATG = 0x2e8
                    0x02e8                  _LATG = 0x2e8
                    0x02e8                  _LATGbits = 0x2e8
                    0x0300                  ADC1BUF0 = 0x300
                    0x0300                  _ADC1BUF0 = 0x300
                    0x0300                  ADCBUF0 = 0x300
                    0x0300                  _ADCBUF0 = 0x300
                    0x0320                  AD1CON1 = 0x320
                    0x0320                  _AD1CON1 = 0x320
                    0x0320                  _AD1CON1bits = 0x320
                    0x0322                  AD1CON2 = 0x322
                    0x0322                  _AD1CON2 = 0x322
                    0x0322                  _AD1CON2bits = 0x322
                    0x0324                  AD1CON3 = 0x324
                    0x0324                  _AD1CON3 = 0x324
                    0x0324                  _AD1CON3bits = 0x324
                    0x0326                  AD1CHS123 = 0x326
                    0x0326                  _AD1CHS123 = 0x326
                    0x0326                  _AD1CHS123bits = 0x326
                    0x0328                  AD1CHS0 = 0x328
                    0x0328                  _AD1CHS0 = 0x328
                    0x0328                  _AD1CHS0bits = 0x328
                    0x032a                  AD1PCFGH = 0x32a
                    0x032a                  _AD1PCFGH = 0x32a
                    0x032a                  _AD1PCFGHbits = 0x32a
                    0x032c                  AD1PCFGL = 0x32c
                    0x032c                  _AD1PCFGL = 0x32c
                    0x032c                  _AD1PCFGLbits = 0x32c
                    0x032c                  ADPCFG = 0x32c
                    0x032c                  _ADPCFG = 0x32c
                    0x032c                  _ADPCFGbits = 0x32c
                    0x032e                  AD1CSSH = 0x32e
                    0x032e                  _AD1CSSH = 0x32e
                    0x032e                  _AD1CSSHbits = 0x32e
                    0x0330                  AD1CSSL = 0x330
                    0x0330                  _AD1CSSL = 0x330
                    0x0330                  _AD1CSSLbits = 0x330
                    0x0332                  AD1CON4 = 0x332
                    0x0332                  _AD1CON4 = 0x332
                    0x0332                  _AD1CON4bits = 0x332
                    0x0380                  DMA0CON = 0x380
                    0x0380                  _DMA0CON = 0x380
                    0x0380                  _DMA0CONbits = 0x380
                    0x0382                  DMA0REQ = 0x382
                    0x0382                  _DMA0REQ = 0x382
                    0x0382                  _DMA0REQbits = 0x382
                    0x0384                  DMA0STA = 0x384
                    0x0384                  _DMA0STA = 0x384
                    0x0386                  DMA0STB = 0x386
                    0x0386                  _DMA0STB = 0x386
                    0x0388                  DMA0PAD = 0x388
                    0x0388                  _DMA0PAD = 0x388
                    0x038a                  DMA0CNT = 0x38a
                    0x038a                  _DMA0CNT = 0x38a
                    0x038c                  DMA1CON = 0x38c
                    0x038c                  _DMA1CON = 0x38c
                    0x038c                  _DMA1CONbits = 0x38c
                    0x038e                  DMA1REQ = 0x38e
                    0x038e                  _DMA1REQ = 0x38e
                    0x038e                  _DMA1REQbits = 0x38e
                    0x0390                  DMA1STA = 0x390
                    0x0390                  _DMA1STA = 0x390
                    0x0392                  DMA1STB = 0x392
                    0x0392                  _DMA1STB = 0x392
                    0x0394                  DMA1PAD = 0x394
                    0x0394                  _DMA1PAD = 0x394
                    0x0396                  DMA1CNT = 0x396
                    0x0396                  _DMA1CNT = 0x396
                    0x0398                  DMA2CON = 0x398
                    0x0398                  _DMA2CON = 0x398
                    0x0398                  _DMA2CONbits = 0x398
                    0x039a                  DMA2REQ = 0x39a
                    0x039a                  _DMA2REQ = 0x39a
                    0x039a                  _DMA2REQbits = 0x39a
                    0x039c                  DMA2STA = 0x39c
                    0x039c                  _DMA2STA = 0x39c
                    0x039e                  DMA2STB = 0x39e
                    0x039e                  _DMA2STB = 0x39e
                    0x03a0                  DMA2PAD = 0x3a0
                    0x03a0                  _DMA2PAD = 0x3a0
                    0x03a2                  DMA2CNT = 0x3a2
                    0x03a2                  _DMA2CNT = 0x3a2
                    0x03a4                  DMA3CON = 0x3a4
                    0x03a4                  _DMA3CON = 0x3a4
                    0x03a4                  _DMA3CONbits = 0x3a4
                    0x03a6                  DMA3REQ = 0x3a6
                    0x03a6                  _DMA3REQ = 0x3a6
                    0x03a6                  _DMA3REQbits = 0x3a6
                    0x03a8                  DMA3STA = 0x3a8
                    0x03a8                  _DMA3STA = 0x3a8
                    0x03aa                  DMA3STB = 0x3aa
                    0x03aa                  _DMA3STB = 0x3aa
                    0x03ac                  DMA3PAD = 0x3ac
                    0x03ac                  _DMA3PAD = 0x3ac
                    0x03ae                  DMA3CNT = 0x3ae
                    0x03ae                  _DMA3CNT = 0x3ae
                    0x03b0                  DMA4CON = 0x3b0
                    0x03b0                  _DMA4CON = 0x3b0
                    0x03b0                  _DMA4CONbits = 0x3b0
                    0x03b2                  DMA4REQ = 0x3b2
                    0x03b2                  _DMA4REQ = 0x3b2
                    0x03b2                  _DMA4REQbits = 0x3b2
                    0x03b4                  DMA4STA = 0x3b4
                    0x03b4                  _DMA4STA = 0x3b4
                    0x03b6                  DMA4STB = 0x3b6
                    0x03b6                  _DMA4STB = 0x3b6
                    0x03b8                  DMA4PAD = 0x3b8
                    0x03b8                  _DMA4PAD = 0x3b8
                    0x03ba                  DMA4CNT = 0x3ba
                    0x03ba                  _DMA4CNT = 0x3ba
                    0x03bc                  DMA5CON = 0x3bc
                    0x03bc                  _DMA5CON = 0x3bc
                    0x03bc                  _DMA5CONbits = 0x3bc
                    0x03be                  DMA5REQ = 0x3be
                    0x03be                  _DMA5REQ = 0x3be
                    0x03be                  _DMA5REQbits = 0x3be
                    0x03c0                  DMA5STA = 0x3c0
                    0x03c0                  _DMA5STA = 0x3c0
                    0x03c2                  DMA5STB = 0x3c2
                    0x03c2                  _DMA5STB = 0x3c2
                    0x03c4                  DMA5PAD = 0x3c4
                    0x03c4                  _DMA5PAD = 0x3c4
                    0x03c6                  DMA5CNT = 0x3c6
                    0x03c6                  _DMA5CNT = 0x3c6
                    0x03c8                  DMA6CON = 0x3c8
                    0x03c8                  _DMA6CON = 0x3c8
                    0x03c8                  _DMA6CONbits = 0x3c8
                    0x03ca                  DMA6REQ = 0x3ca
                    0x03ca                  _DMA6REQ = 0x3ca
                    0x03ca                  _DMA6REQbits = 0x3ca
                    0x03cc                  DMA6STA = 0x3cc
                    0x03cc                  _DMA6STA = 0x3cc
                    0x03ce                  DMA6STB = 0x3ce
                    0x03ce                  _DMA6STB = 0x3ce
                    0x03d0                  DMA6PAD = 0x3d0
                    0x03d0                  _DMA6PAD = 0x3d0
                    0x03d2                  DMA6CNT = 0x3d2
                    0x03d2                  _DMA6CNT = 0x3d2
                    0x03d4                  DMA7CON = 0x3d4
                    0x03d4                  _DMA7CON = 0x3d4
                    0x03d4                  _DMA7CONbits = 0x3d4
                    0x03d6                  DMA7REQ = 0x3d6
                    0x03d6                  _DMA7REQ = 0x3d6
                    0x03d6                  _DMA7REQbits = 0x3d6
                    0x03d8                  DMA7STA = 0x3d8
                    0x03d8                  _DMA7STA = 0x3d8
                    0x03da                  DMA7STB = 0x3da
                    0x03da                  _DMA7STB = 0x3da
                    0x03dc                  DMA7PAD = 0x3dc
                    0x03dc                  _DMA7PAD = 0x3dc
                    0x03de                  DMA7CNT = 0x3de
                    0x03de                  _DMA7CNT = 0x3de
                    0x03e0                  DMACS0 = 0x3e0
                    0x03e0                  _DMACS0 = 0x3e0
                    0x03e0                  _DMACS0bits = 0x3e0
                    0x03e2                  DMACS1 = 0x3e2
                    0x03e2                  _DMACS1 = 0x3e2
                    0x03e2                  _DMACS1bits = 0x3e2
                    0x03e4                  DSADR = 0x3e4
                    0x03e4                  _DSADR = 0x3e4
                    0x06c0                  ODCA = 0x6c0
                    0x06c0                  _ODCA = 0x6c0
                    0x06c0                  _ODCAbits = 0x6c0
                    0x06d2                  ODCD = 0x6d2
                    0x06d2                  _ODCD = 0x6d2
                    0x06d2                  _ODCDbits = 0x6d2
                    0x06de                  ODCF = 0x6de
                    0x06de                  _ODCF = 0x6de
                    0x06de                  _ODCFbits = 0x6de
                    0x06e4                  ODCG = 0x6e4
                    0x06e4                  _ODCG = 0x6e4
                    0x06e4                  _ODCGbits = 0x6e4
                    0x0740                  RCON = 0x740
                    0x0740                  _RCON = 0x740
                    0x0740                  _RCONbits = 0x740
                    0x0742                  OSCCON = 0x742
                    0x0742                  _OSCCON = 0x742
                    0x0742                  _OSCCONbits = 0x742
                    0x0742                  OSCCONL = 0x742
                    0x0742                  _OSCCONL = 0x742
                    0x0743                  OSCCONH = 0x743
                    0x0743                  _OSCCONH = 0x743
                    0x0744                  CLKDIV = 0x744
                    0x0744                  _CLKDIV = 0x744
                    0x0744                  _CLKDIVbits = 0x744
                    0x0746                  PLLFBD = 0x746
                    0x0746                  _PLLFBD = 0x746
                    0x0746                  _PLLFBDbits = 0x746
                    0x0748                  OSCTUN = 0x748
                    0x0748                  _OSCTUN = 0x748
                    0x0748                  _OSCTUNbits = 0x748
                    0x0750                  BSRAM = 0x750
                    0x0750                  _BSRAM = 0x750
                    0x0750                  _BSRAMbits = 0x750
                    0x0752                  SSRAM = 0x752
                    0x0752                  _SSRAM = 0x752
                    0x0752                  _SSRAMbits = 0x752
                    0x0760                  NVMCON = 0x760
                    0x0760                  _NVMCON = 0x760
                    0x0760                  _NVMCONbits = 0x760
                    0x0766                  NVMKEY = 0x766
                    0x0766                  _NVMKEY = 0x766
                    0x0770                  PMD1 = 0x770
                    0x0770                  _PMD1 = 0x770
                    0x0770                  _PMD1bits = 0x770
                    0x0772                  PMD2 = 0x772
                    0x0772                  _PMD2 = 0x772
                    0x0772                  _PMD2bits = 0x772
                    0x0774                  PMD3 = 0x774
                    0x0774                  _PMD3 = 0x774
                    0x0774                  _PMD3bits = 0x774
                    0x0140                  IC1 = 0x140
                    0x0140                  _IC1 = 0x140
                    0x0144                  IC2 = 0x144
                    0x0144                  _IC2 = 0x144
                    0x0148                  IC3 = 0x148
                    0x0148                  _IC3 = 0x148
                    0x014c                  IC4 = 0x14c
                    0x014c                  _IC4 = 0x14c
                    0x0150                  IC5 = 0x150
                    0x0150                  _IC5 = 0x150
                    0x0154                  IC6 = 0x154
                    0x0154                  _IC6 = 0x154
                    0x0158                  IC7 = 0x158
                    0x0158                  _IC7 = 0x158
                    0x015c                  IC8 = 0x15c
                    0x015c                  _IC8 = 0x15c
                    0x0180                  OC1 = 0x180
                    0x0180                  _OC1 = 0x180
                    0x0186                  OC2 = 0x186
                    0x0186                  _OC2 = 0x186
                    0x018c                  OC3 = 0x18c
                    0x018c                  _OC3 = 0x18c
                    0x0192                  OC4 = 0x192
                    0x0192                  _OC4 = 0x192
                    0x0198                  OC5 = 0x198
                    0x0198                  _OC5 = 0x198
                    0x019e                  OC6 = 0x19e
                    0x019e                  _OC6 = 0x19e
                    0x01a4                  OC7 = 0x1a4
                    0x01a4                  _OC7 = 0x1a4
                    0x01aa                  OC8 = 0x1aa
                    0x01aa                  _OC8 = 0x1aa
                    0x0240                  SPI1 = 0x240
                    0x0240                  _SPI1 = 0x240
                    0x0260                  SPI2 = 0x260
                    0x0260                  _SPI2 = 0x260
                    0x0220                  UART1 = 0x220
                    0x0220                  _UART1 = 0x220
                    0x0230                  UART2 = 0x230
                    0x0230                  _UART2 = 0x230
                    0x0001                  __MPLAB_BUILD = 0x1
START GROUP
LOAD c:/program files/microchip/mplabc30/v3.31/bin/bin/../../lib\libpic30-coff.a
LOAD c:/program files/microchip/mplabc30/v3.31/bin/bin/../../lib\libm-coff.a
LOAD c:/program files/microchip/mplabc30/v3.31/bin/bin/../../lib\libc-coff.a
END GROUP
OUTPUT(Main.cof coff-pic30)
LOAD FGS
LOAD jump_table
LOAD data_init
LOAD default_isr
LOAD heap

__c30_signature
                  0x000000        0x186
 __c30_signature
                  0x000000          0x6 write.o
 __c30_signature
                  0x000006          0x6 adc.o
 __c30_signature
                  0x00000c          0x6 com_two.o
 __c30_signature
                  0x000012          0x6 comdat.o
 __c30_signature
                  0x000018          0x6 dallas.o
 __c30_signature
                  0x00001e          0x6 delay.o
 __c30_signature
                  0x000024          0x6 dfile.o
 __c30_signature
                  0x00002a          0x6 dumfile.o
 __c30_signature
                  0x000030          0x6 eeprom.o
 __c30_signature
                  0x000036          0x6 esquared.o
 __c30_signature
                  0x00003c          0x6 grndchck.o
 __c30_signature
                  0x000042          0x6 PcTest.o
 __c30_signature
                  0x000048          0x6 i2c_1.o
 __c30_signature
                  0x00004e          0x6 i2c_2.o
 __c30_signature
                  0x000054          0x6 init_ADC.o
 __c30_signature
                  0x00005a          0x6 init_DMA.o
 __c30_signature
                  0x000060          0x6 init_ports.o
 __c30_signature
                  0x000066          0x6 init_timer.o
 __c30_signature
                  0x00006c          0x6 isr_ADC.o
 __c30_signature
                  0x000072          0x6 isr_DMA.o
 __c30_signature
                  0x000078          0x6 isr_timer.o
 __c30_signature
                  0x00007e          0x6 jumpers.o
 __c30_signature
                  0x000084          0x6 modbus.o
 __c30_signature